Archive member included to satisfy reference by file (symbol)

/home/lieven/.platformio/packages/toolchain-gccarmnoneeabi@1.70201.0/bin/../lib/gcc/arm-none-eabi/7.2.1/../../../../arm-none-eabi/lib/thumb/v7e-m/libc.a(lib_a-exit.o)
                              /home/lieven/.platformio/packages/toolchain-gccarmnoneeabi@1.70201.0/bin/../lib/gcc/arm-none-eabi/7.2.1/../../../../arm-none-eabi/lib/thumb/v7e-m/crt0.o (exit)
/home/lieven/.platformio/packages/toolchain-gccarmnoneeabi@1.70201.0/bin/../lib/gcc/arm-none-eabi/7.2.1/../../../../arm-none-eabi/lib/thumb/v7e-m/libc.a(lib_a-impure.o)
                              /home/lieven/.platformio/packages/toolchain-gccarmnoneeabi@1.70201.0/bin/../lib/gcc/arm-none-eabi/7.2.1/../../../../arm-none-eabi/lib/thumb/v7e-m/libc.a(lib_a-exit.o) (_global_impure_ptr)
/home/lieven/.platformio/packages/toolchain-gccarmnoneeabi@1.70201.0/bin/../lib/gcc/arm-none-eabi/7.2.1/../../../../arm-none-eabi/lib/thumb/v7e-m/libc.a(lib_a-init.o)
                              /home/lieven/.platformio/packages/toolchain-gccarmnoneeabi@1.70201.0/bin/../lib/gcc/arm-none-eabi/7.2.1/../../../../arm-none-eabi/lib/thumb/v7e-m/crt0.o (__libc_init_array)
/home/lieven/.platformio/packages/toolchain-gccarmnoneeabi@1.70201.0/bin/../lib/gcc/arm-none-eabi/7.2.1/../../../../arm-none-eabi/lib/thumb/v7e-m/libc.a(lib_a-memset.o)
                              /home/lieven/.platformio/packages/toolchain-gccarmnoneeabi@1.70201.0/bin/../lib/gcc/arm-none-eabi/7.2.1/../../../../arm-none-eabi/lib/thumb/v7e-m/crt0.o (memset)
/home/lieven/.platformio/packages/toolchain-gccarmnoneeabi@1.70201.0/bin/../lib/gcc/arm-none-eabi/7.2.1/../../../../arm-none-eabi/lib/thumb/v7e-m/libc.a(lib_a-__call_atexit.o)
                              /home/lieven/.platformio/packages/toolchain-gccarmnoneeabi@1.70201.0/bin/../lib/gcc/arm-none-eabi/7.2.1/../../../../arm-none-eabi/lib/thumb/v7e-m/libc.a(lib_a-exit.o) (__call_exitprocs)
/home/lieven/.platformio/packages/toolchain-gccarmnoneeabi@1.70201.0/bin/../lib/gcc/arm-none-eabi/7.2.1/../../../../arm-none-eabi/lib/thumb/v7e-m/libc.a(lib_a-atexit.o)
                              /home/lieven/.platformio/packages/toolchain-gccarmnoneeabi@1.70201.0/bin/../lib/gcc/arm-none-eabi/7.2.1/../../../../arm-none-eabi/lib/thumb/v7e-m/libc.a(lib_a-__call_atexit.o) (atexit)
/home/lieven/.platformio/packages/toolchain-gccarmnoneeabi@1.70201.0/bin/../lib/gcc/arm-none-eabi/7.2.1/../../../../arm-none-eabi/lib/thumb/v7e-m/libc.a(lib_a-fini.o)
                              /home/lieven/.platformio/packages/toolchain-gccarmnoneeabi@1.70201.0/bin/../lib/gcc/arm-none-eabi/7.2.1/../../../../arm-none-eabi/lib/thumb/v7e-m/libc.a(lib_a-__call_atexit.o) (__libc_fini_array)
/home/lieven/.platformio/packages/toolchain-gccarmnoneeabi@1.70201.0/bin/../lib/gcc/arm-none-eabi/7.2.1/../../../../arm-none-eabi/lib/thumb/v7e-m/libc.a(lib_a-lock.o)
                              /home/lieven/.platformio/packages/toolchain-gccarmnoneeabi@1.70201.0/bin/../lib/gcc/arm-none-eabi/7.2.1/../../../../arm-none-eabi/lib/thumb/v7e-m/libc.a(lib_a-__call_atexit.o) (__retarget_lock_acquire_recursive)
/home/lieven/.platformio/packages/toolchain-gccarmnoneeabi@1.70201.0/bin/../lib/gcc/arm-none-eabi/7.2.1/../../../../arm-none-eabi/lib/thumb/v7e-m/libc.a(lib_a-__atexit.o)
                              /home/lieven/.platformio/packages/toolchain-gccarmnoneeabi@1.70201.0/bin/../lib/gcc/arm-none-eabi/7.2.1/../../../../arm-none-eabi/lib/thumb/v7e-m/libc.a(lib_a-atexit.o) (__register_exitproc)
.pio/build/stm32_stm32cube/lib76d/libzenoh-pico.a(api.o)
                              .pio/build/stm32_stm32cube/src/main.o (z_view_keyexpr_from_str)
.pio/build/stm32_stm32cube/lib76d/libzenoh-pico.a(arc_slice.o)
                              .pio/build/stm32_stm32cube/lib76d/libzenoh-pico.a(api.o) (_z_arc_slice_data)
.pio/build/stm32_stm32cube/lib76d/libzenoh-pico.a(bytes.o)
                              .pio/build/stm32_stm32cube/lib76d/libzenoh-pico.a(api.o) (_z_bytes_copy)
.pio/build/stm32_stm32cube/lib76d/libzenoh-pico.a(intmap.o)
                              .pio/build/stm32_stm32cube/lib76d/libzenoh-pico.a(api.o) (_z_int_void_map_make)
.pio/build/stm32_stm32cube/lib76d/libzenoh-pico.a(list.o)
                              .pio/build/stm32_stm32cube/lib76d/libzenoh-pico.a(intmap.o) (_z_list_push)
.pio/build/stm32_stm32cube/lib76d/libzenoh-pico.a(refcount.o)
                              .pio/build/stm32_stm32cube/lib76d/libzenoh-pico.a(api.o) (_z_rc_init)
.pio/build/stm32_stm32cube/lib76d/libzenoh-pico.a(slice.o)
                              .pio/build/stm32_stm32cube/lib76d/libzenoh-pico.a(api.o) (_z_delete_context_static)
.pio/build/stm32_stm32cube/lib76d/libzenoh-pico.a(string.o)
                              .pio/build/stm32_stm32cube/lib76d/libzenoh-pico.a(api.o) (_z_string_copy_from_str)
.pio/build/stm32_stm32cube/lib76d/libzenoh-pico.a(vec.o)
                              .pio/build/stm32_stm32cube/lib76d/libzenoh-pico.a(api.o) (_z_svec_make)
[...]
Memory Configuration

Name             Origin             Length             Attributes
FLASH            0x0000000008000000 0x0000000000080000 xr
RAM              0x0000000020000000 0x0000000000018000 xrw
*default*        0x0000000000000000 0xffffffffffffffff

Linker script and memory map

LOAD /home/lieven/.platformio/packages/toolchain-gccarmnoneeabi@1.70201.0/bin/../lib/gcc/arm-none-eabi/7.2.1/thumb/v7e-m/crti.o
LOAD /home/lieven/.platformio/packages/toolchain-gccarmnoneeabi@1.70201.0/bin/../lib/gcc/arm-none-eabi/7.2.1/thumb/v7e-m/crtbegin.o
LOAD /home/lieven/.platformio/packages/toolchain-gccarmnoneeabi@1.70201.0/bin/../lib/gcc/arm-none-eabi/7.2.1/../../../../arm-none-eabi/lib/thumb/v7e-m/crt0.o
                0x0000000020017fff                _estack = 0x20017fff
                0x0000000000010000                _Min_Heap_Size = 0x10000
                0x0000000000001400                _Min_Stack_Size = 0x1400

.isr_vector     0x0000000008000000      0x194
                0x0000000008000000                . = ALIGN (0x4)
 *(.isr_vector)
 .isr_vector    0x0000000008000000      0x194 .pio/build/stm32_stm32cube/libFrameworkCMSISDevice.a(startup_stm32f401xe.o)
                0x0000000008000000                g_pfnVectors
                0x0000000008000194                . = ALIGN (0x4)

.text           0x00000000080001a0     0xf9a8
                0x00000000080001a0                . = ALIGN (0x4)
 *(.text)
 .text          0x00000000080001a0       0x40 /home/lieven/.platformio/packages/toolchain-gccarmnoneeabi@1.70201.0/bin/../lib/gcc/arm-none-eabi/7.2.1/thumb/v7e-m/crtbegin.o
 .text          0x00000000080001e0       0x30 /home/lieven/.platformio/packages/toolchain-gccarmnoneeabi@1.70201.0/bin/../lib/gcc/arm-none-eabi/7.2.1/thumb/v7e-m/libgcc.a(_aeabi_uldivmod.o)
                0x00000000080001e0                __aeabi_uldivmod
 .text          0x0000000008000210      0x2cc /home/lieven/.platformio/packages/toolchain-gccarmnoneeabi@1.70201.0/bin/../lib/gcc/arm-none-eabi/7.2.1/thumb/v7e-m/libgcc.a(_udivmoddi4.o)
                0x0000000008000210                __udivmoddi4
 .text          0x00000000080004dc        0x4 /home/lieven/.platformio/packages/toolchain-gccarmnoneeabi@1.70201.0/bin/../lib/gcc/arm-none-eabi/7.2.1/thumb/v7e-m/libgcc.a(_dvmd_tls.o)
                0x00000000080004dc                __aeabi_ldiv0
                0x00000000080004dc                __aeabi_idiv0
 .text          0x00000000080004e0       0xa0 /home/lieven/.platformio/packages/toolchain-gccarmnoneeabi@1.70201.0/bin/../lib/gcc/arm-none-eabi/7.2.1/../../../../arm-none-eabi/lib/thumb/v7e-m/libc_nano.a(lib_a-memchr.o)
                0x00000000080004e0                memchr
 .text          0x0000000008000580       0x14 /home/lieven/.platformio/packages/toolchain-gccarmnoneeabi@1.70201.0/bin/../lib/gcc/arm-none-eabi/7.2.1/../../../../arm-none-eabi/lib/thumb/v7e-m/libc_nano.a(lib_a-strcmp.o)
                0x0000000008000580                strcmp
 .text          0x0000000008000594       0x10 /home/lieven/.platformio/packages/toolchain-gccarmnoneeabi@1.70201.0/bin/../lib/gcc/arm-none-eabi/7.2.1/../../../../arm-none-eabi/lib/thumb/v7e-m/libc_nano.a(lib_a-strlen.o)
                0x0000000008000594                strlen
 *(.text*)
 .text.__libc_init_array
                0x00000000080005a4       0x48 /home/lieven/.platformio/packages/toolchain-gccarmnoneeabi@1.70201.0/bin/../lib/gcc/arm-none-eabi/7.2.1/../../../../arm-none-eabi/lib/thumb/v7e-m/libc.a(lib_a-init.o)
                0x00000000080005a4                __libc_init_array
 .text.memset   0x00000000080005ec       0x94 /home/lieven/.platformio/packages/toolchain-gccarmnoneeabi@1.70201.0/bin/../lib/gcc/arm-none-eabi/7.2.1/../../../../arm-none-eabi/lib/thumb/v7e-m/libc.a(lib_a-memset.o)
                0x00000000080005ec                memset
 .text.startup.register_fini
                0x0000000008000680       0x14 /home/lieven/.platformio/packages/toolchain-gccarmnoneeabi@1.70201.0/bin/../lib/gcc/arm-none-eabi/7.2.1/../../../../arm-none-eabi/lib/thumb/v7e-m/libc.a(lib_a-__call_atexit.o)
 .text.atexit   0x0000000008000694        0xc /home/lieven/.platformio/packages/toolchain-gccarmnoneeabi@1.70201.0/bin/../lib/gcc/arm-none-eabi/7.2.1/../../../../arm-none-eabi/lib/thumb/v7e-m/libc.a(lib_a-atexit.o)
                0x0000000008000694                atexit
 .text.__libc_fini_array
                0x00000000080006a0       0x34 /home/lieven/.platformio/packages/toolchain-gccarmnoneeabi@1.70201.0/bin/../lib/gcc/arm-none-eabi/7.2.1/../../../../arm-none-eabi/lib/thumb/v7e-m/libc.a(lib_a-fini.o)
                0x00000000080006a0                __libc_fini_array
 .text.__retarget_lock_acquire_recursive
                0x00000000080006d4        0x4 /home/lieven/.platformio/packages/toolchain-gccarmnoneeabi@1.70201.0/bin/../lib/gcc/arm-none-eabi/7.2.1/../../../../arm-none-eabi/lib/thumb/v7e-m/libc.a(lib_a-lock.o)
                0x00000000080006d4                __retarget_lock_acquire_recursive
 .text.__retarget_lock_release_recursive
                0x00000000080006d8        0x4 /home/lieven/.platformio/packages/toolchain-gccarmnoneeabi@1.70201.0/bin/../lib/gcc/arm-none-eabi/7.2.1/../../../../arm-none-eabi/lib/thumb/v7e-m/libc.a(lib_a-lock.o)
                0x00000000080006d8                __retarget_lock_release_recursive
 .text.__register_exitproc
                0x00000000080006dc       0xc0 /home/lieven/.platformio/packages/toolchain-gccarmnoneeabi@1.70201.0/bin/../lib/gcc/arm-none-eabi/7.2.1/../../../../arm-none-eabi/lib/thumb/v7e-m/libc.a(lib_a-__atexit.o)
                0x00000000080006dc                __register_exitproc
 .text.HAL_MspInit
                0x000000000800079c        0x2 .pio/build/stm32_stm32cube/FrameworkHALDriver/Src/stm32f4xx_hal.o
                0x000000000800079c                HAL_MspInit
 *fill*         0x000000000800079e        0x2 
 .text.HAL_InitTick
                0x00000000080007a0       0x48 .pio/build/stm32_stm32cube/FrameworkHALDriver/Src/stm32f4xx_hal.o
                0x00000000080007a0                HAL_InitTick
 .text.HAL_Init
                0x00000000080007e8       0x34 .pio/build/stm32_stm32cube/FrameworkHALDriver/Src/stm32f4xx_hal.o
                0x00000000080007e8                HAL_Init
 .text.HAL_IncTick
                0x000000000800081c       0x18 .pio/build/stm32_stm32cube/FrameworkHALDriver/Src/stm32f4xx_hal.o
                0x000000000800081c                HAL_IncTick
 .text.HAL_GetTick
                0x0000000008000834        0xc .pio/build/stm32_stm32cube/FrameworkHALDriver/Src/stm32f4xx_hal.o
                0x0000000008000834                HAL_GetTick
 .text.HAL_NVIC_SetPriorityGrouping
                0x0000000008000840       0x24 .pio/build/stm32_stm32cube/FrameworkHALDriver/Src/stm32f4xx_hal_cortex.o
                0x0000000008000840                HAL_NVIC_SetPriorityGrouping
 .text.HAL_NVIC_SetPriority
                0x0000000008000864       0x68 .pio/build/stm32_stm32cube/FrameworkHALDriver/Src/stm32f4xx_hal_cortex.o
                0x0000000008000864                HAL_NVIC_SetPriority
 .text.HAL_NVIC_EnableIRQ
                0x00000000080008cc       0x1c .pio/build/stm32_stm32cube/FrameworkHALDriver/Src/stm32f4xx_hal_cortex.o
                0x00000000080008cc                HAL_NVIC_EnableIRQ
 .text.HAL_NVIC_DisableIRQ
                0x00000000080008e8       0x28 .pio/build/stm32_stm32cube/FrameworkHALDriver/Src/stm32f4xx_hal_cortex.o
                0x00000000080008e8                HAL_NVIC_DisableIRQ
 .text.HAL_SYSTICK_Config
                0x0000000008000910       0x2c .pio/build/stm32_stm32cube/FrameworkHALDriver/Src/stm32f4xx_hal_cortex.o
                0x0000000008000910                HAL_SYSTICK_Config
 .text.HAL_DMA_Abort
                0x000000000800093c       0x86 .pio/build/stm32_stm32cube/FrameworkHALDriver/Src/stm32f4xx_hal_dma.o
                0x000000000800093c                HAL_DMA_Abort
 .text.HAL_DMA_Abort_IT
                0x00000000080009c2       0x24 .pio/build/stm32_stm32cube/FrameworkHALDriver/Src/stm32f4xx_hal_dma.o
                0x00000000080009c2                HAL_DMA_Abort_IT
 *fill*         0x00000000080009e6        0x2 
 .text.HAL_GPIO_Init
                0x00000000080009e8      0x1b4 .pio/build/stm32_stm32cube/FrameworkHALDriver/Src/stm32f4xx_hal_gpio.o
                0x00000000080009e8                HAL_GPIO_Init
 .text.HAL_RCC_OscConfig
                0x0000000008000b9c      0x358 .pio/build/stm32_stm32cube/FrameworkHALDriver/Src/stm32f4xx_hal_rcc.o
                0x0000000008000b9c                HAL_RCC_OscConfig
 .text.HAL_RCC_GetSysClockFreq
                0x0000000008000ef4       0x5c .pio/build/stm32_stm32cube/FrameworkHALDriver/Src/stm32f4xx_hal_rcc.o
                0x0000000008000ef4                HAL_RCC_GetSysClockFreq
 .text.HAL_RCC_ClockConfig
                0x0000000008000f50      0x134 .pio/build/stm32_stm32cube/FrameworkHALDriver/Src/stm32f4xx_hal_rcc.o
                0x0000000008000f50                HAL_RCC_ClockConfig
 .text.HAL_RCC_GetPCLK1Freq
                0x0000000008001084       0x20 .pio/build/stm32_stm32cube/FrameworkHALDriver/Src/stm32f4xx_hal_rcc.o
                0x0000000008001084                HAL_RCC_GetPCLK1Freq
 .text.HAL_RCC_GetPCLK2Freq
                0x00000000080010a4       0x20 .pio/build/stm32_stm32cube/FrameworkHALDriver/Src/stm32f4xx_hal_rcc.o
                0x00000000080010a4                HAL_RCC_GetPCLK2Freq
 .text.UART_EndRxTransfer
                0x00000000080010c4       0x5c .pio/build/stm32_stm32cube/FrameworkHALDriver/Src/stm32f4xx_hal_uart.o
 .text.UART_SetConfig
                0x0000000008001120       0xbc .pio/build/stm32_stm32cube/FrameworkHALDriver/Src/stm32f4xx_hal_uart.o
 .text.HAL_UART_MspInit
                0x00000000080011dc        0x2 .pio/build/stm32_stm32cube/FrameworkHALDriver/Src/stm32f4xx_hal_uart.o
                0x00000000080011dc                HAL_UART_MspInit
 .text.HAL_UART_Init
                0x00000000080011de       0x5e .pio/build/stm32_stm32cube/FrameworkHALDriver/Src/stm32f4xx_hal_uart.o
                0x00000000080011de                HAL_UART_Init
 .text.HAL_UART_MspDeInit
                0x000000000800123c        0x2 .pio/build/stm32_stm32cube/FrameworkHALDriver/Src/stm32f4xx_hal_uart.o
                0x000000000800123c                HAL_UART_MspDeInit
 .text.HAL_UART_DeInit
                0x000000000800123e       0x34 .pio/build/stm32_stm32cube/FrameworkHALDriver/Src/stm32f4xx_hal_uart.o
                0x000000000800123e                HAL_UART_DeInit
 .text.HAL_UART_Transmit_IT
                0x0000000008001272       0x32 .pio/build/stm32_stm32cube/FrameworkHALDriver/Src/stm32f4xx_hal_uart.o
                0x0000000008001272                HAL_UART_Transmit_IT
 .text.HAL_UART_RxCpltCallback
                0x00000000080012a4        0x2 .pio/build/stm32_stm32cube/FrameworkHALDriver/Src/stm32f4xx_hal_uart.o
                0x00000000080012a4                HAL_UART_RxCpltCallback
 .text.UART_DMAAbortOnError
                0x00000000080012a6       0x10 .pio/build/stm32_stm32cube/FrameworkHALDriver/Src/stm32f4xx_hal_uart.o
 .text.UART_Receive_IT
                0x00000000080012b6       0xb8 .pio/build/stm32_stm32cube/FrameworkHALDriver/Src/stm32f4xx_hal_uart.o
 *fill*         0x000000000800136e        0x2 
 .text.HAL_UART_IRQHandler
                0x0000000008001370      0x294 .pio/build/stm32_stm32cube/FrameworkHALDriver/Src/stm32f4xx_hal_uart.o
                0x0000000008001370                HAL_UART_IRQHandler
 .text.UART_Start_Receive_IT
                0x0000000008001604       0x32 .pio/build/stm32_stm32cube/FrameworkHALDriver/Src/stm32f4xx_hal_uart.o
                0x0000000008001604                UART_Start_Receive_IT
 .text.HAL_UART_Receive_IT
                0x0000000008001636       0x22 .pio/build/stm32_stm32cube/FrameworkHALDriver/Src/stm32f4xx_hal_uart.o
                0x0000000008001636                HAL_UART_Receive_IT
 .text.HAL_UARTEx_ReceiveToIdle_IT
                0x0000000008001658       0x5a .pio/build/stm32_stm32cube/FrameworkHALDriver/Src/stm32f4xx_hal_uart.o
                0x0000000008001658                HAL_UARTEx_ReceiveToIdle_IT
 *fill*         0x00000000080016b2        0x2 
 .text._Z12data_handlerP11_z_sample_tPv
                0x00000000080016b4       0x9c .pio/build/stm32_stm32cube/src/main.o
                0x00000000080016b4                data_handler(_z_sample_t*, void*)
 .text._Z5setupv
                0x0000000008001750      0x2a8 .pio/build/stm32_stm32cube/src/main.o
                0x0000000008001750                setup()
 .text._Z15print_heap_infov
                0x00000000080019f8       0x48 .pio/build/stm32_stm32cube/src/main.o
                0x00000000080019f8                print_heap_info()
 .text._Z4loopv
                0x0000000008001a40       0xfc .pio/build/stm32_stm32cube/src/main.o
                0x0000000008001a40                loop()
 .text.startup._GLOBAL__sub_I_logger
                0x0000000008001b3c       0x20 .pio/build/stm32_stm32cube/src/main.o
 .text.startup.main
                0x0000000008001b5c       0x8c .pio/build/stm32_stm32cube/src/main.o
                0x0000000008001b5c                main
 .text._z_str_intmap_entry_elem_free
                0x0000000008001be8       0x20 .pio/build/stm32_stm32cube/lib76d/libzenoh-pico.a(api.o)
 .text.__z_print_timestamp
                0x0000000008001c08       0x20 .pio/build/stm32_stm32cube/lib76d/libzenoh-pico.a(api.o)
 .text._z_string_alias.isra.5
                0x0000000008001c28       0x26 .pio/build/stm32_stm32cube/lib76d/libzenoh-pico.a(api.o)
 .text._z_keyexpr_alias
                0x0000000008001c4e       0x1a .pio/build/stm32_stm32cube/lib76d/libzenoh-pico.a(api.o)
 .text._z_session_rc_drop.part.11
                0x0000000008001c68       0x32 .pio/build/stm32_stm32cube/lib76d/libzenoh-pico.a(api.o)
 .text.z_view_keyexpr_from_substr
                0x0000000008001c9a       0x38 .pio/build/stm32_stm32cube/lib76d/libzenoh-pico.a(api.o)
                0x0000000008001c9a                z_view_keyexpr_from_substr
 .text.z_view_keyexpr_from_str
                0x0000000008001cd2       0x1a .pio/build/stm32_stm32cube/lib76d/libzenoh-pico.a(api.o)
                0x0000000008001cd2                z_view_keyexpr_from_str
 .text.z_keyexpr_as_view_string
                0x0000000008001cec       0x20 .pio/build/stm32_stm32cube/lib76d/libzenoh-pico.a(api.o)
                0x0000000008001cec                z_keyexpr_as_view_string
 .text.z_config_default
                0x0000000008001d0c        0x4 .pio/build/stm32_stm32cube/lib76d/libzenoh-pico.a(api.o)
                0x0000000008001d0c                z_config_default
 .text.zp_config_insert
                0x0000000008001d10        0x4 .pio/build/stm32_stm32cube/lib76d/libzenoh-pico.a(api.o)
                0x0000000008001d10                zp_config_insert
 .text.z_encoding_drop
                0x0000000008001d14        0x8 .pio/build/stm32_stm32cube/lib76d/libzenoh-pico.a(api.o)
                0x0000000008001d14                z_encoding_drop
 .text.z_bytes_empty
                0x0000000008001d1c        0xc .pio/build/stm32_stm32cube/lib76d/libzenoh-pico.a(api.o)
                0x0000000008001d1c                z_bytes_empty
 .text.z_bytes_from_slice
                0x0000000008001d28       0x34 .pio/build/stm32_stm32cube/lib76d/libzenoh-pico.a(api.o)
                0x0000000008001d28                z_bytes_from_slice
 .text.z_bytes_from_string
                0x0000000008001d5c       0x32 .pio/build/stm32_stm32cube/lib76d/libzenoh-pico.a(api.o)
                0x0000000008001d5c                z_bytes_from_string
 .text.z_bytes_copy_from_str
                0x0000000008001d8e       0x32 .pio/build/stm32_stm32cube/lib76d/libzenoh-pico.a(api.o)
                0x0000000008001d8e                z_bytes_copy_from_str
 .text.z_internal_config_null
                0x0000000008001dc0       0x1a .pio/build/stm32_stm32cube/lib76d/libzenoh-pico.a(api.o)
                0x0000000008001dc0                z_internal_config_null
 .text.z_config_move
                0x0000000008001dda        0x2 .pio/build/stm32_stm32cube/lib76d/libzenoh-pico.a(api.o)
                0x0000000008001dda                z_config_move
 .text.z_config_loan_mut
                0x0000000008001ddc        0x2 .pio/build/stm32_stm32cube/lib76d/libzenoh-pico.a(api.o)
                0x0000000008001ddc                z_config_loan_mut
 *fill*         0x0000000008001dde        0x2 
 .text.z_config_drop
                0x0000000008001de0       0x10 .pio/build/stm32_stm32cube/lib76d/libzenoh-pico.a(api.o)
                0x0000000008001de0                z_config_drop
 .text.z_internal_string_null
                0x0000000008001df0        0xc .pio/build/stm32_stm32cube/lib76d/libzenoh-pico.a(api.o)
                0x0000000008001df0                z_internal_string_null
 .text.z_bytes_to_string
                0x0000000008001dfc       0x52 .pio/build/stm32_stm32cube/lib76d/libzenoh-pico.a(api.o)
                0x0000000008001dfc                z_bytes_to_string
 .text.z_string_move
                0x0000000008001e4e        0x2 .pio/build/stm32_stm32cube/lib76d/libzenoh-pico.a(api.o)
                0x0000000008001e4e                z_string_move
 .text.z_string_loan
                0x0000000008001e50        0x2 .pio/build/stm32_stm32cube/lib76d/libzenoh-pico.a(api.o)
                0x0000000008001e50                z_string_loan
 .text.z_string_drop
                0x0000000008001e52        0x8 .pio/build/stm32_stm32cube/lib76d/libzenoh-pico.a(api.o)
                0x0000000008001e52                z_string_drop
 .text.z_view_keyexpr_loan
                0x0000000008001e5a        0x2 .pio/build/stm32_stm32cube/lib76d/libzenoh-pico.a(api.o)
                0x0000000008001e5a                z_view_keyexpr_loan
 .text.z_view_string_loan
                0x0000000008001e5c        0x2 .pio/build/stm32_stm32cube/lib76d/libzenoh-pico.a(api.o)
                0x0000000008001e5c                z_view_string_loan
 .text.z_bytes_move
                0x0000000008001e5e        0x2 .pio/build/stm32_stm32cube/lib76d/libzenoh-pico.a(api.o)
                0x0000000008001e5e                z_bytes_move
 .text.z_bytes_drop
                0x0000000008001e60        0x8 .pio/build/stm32_stm32cube/lib76d/libzenoh-pico.a(api.o)
                0x0000000008001e60                z_bytes_drop
 .text.z_session_loan
                0x0000000008001e68        0x2 .pio/build/stm32_stm32cube/lib76d/libzenoh-pico.a(api.o)
                0x0000000008001e68                z_session_loan
 .text.z_session_drop
                0x0000000008001e6a        0xa .pio/build/stm32_stm32cube/lib76d/libzenoh-pico.a(api.o)
                0x0000000008001e6a                z_session_drop
 .text.z_closure_sample_move
                0x0000000008001e74        0x2 .pio/build/stm32_stm32cube/lib76d/libzenoh-pico.a(api.o)
                0x0000000008001e74                z_closure_sample_move
 .text.z_closure_sample
                0x0000000008001e76        0xa .pio/build/stm32_stm32cube/lib76d/libzenoh-pico.a(api.o)
                0x0000000008001e76                z_closure_sample
 .text.z_open   0x0000000008001e80      0x118 .pio/build/stm32_stm32cube/lib76d/libzenoh-pico.a(api.o)
                0x0000000008001e80                z_open
 .text.z_sample_keyexpr
                0x0000000008001f98        0x2 .pio/build/stm32_stm32cube/lib76d/libzenoh-pico.a(api.o)
                0x0000000008001f98                z_sample_keyexpr
 .text.z_sample_payload
                0x0000000008001f9a        0x4 .pio/build/stm32_stm32cube/lib76d/libzenoh-pico.a(api.o)
                0x0000000008001f9a                z_sample_payload
 .text.z_string_data
                0x0000000008001f9e        0x4 .pio/build/stm32_stm32cube/lib76d/libzenoh-pico.a(api.o)
                0x0000000008001f9e                z_string_data
 .text.z_string_len
                0x0000000008001fa2        0x4 .pio/build/stm32_stm32cube/lib76d/libzenoh-pico.a(api.o)
                0x0000000008001fa2                z_string_len
 .text.z_put_options_default
                0x0000000008001fa6       0x16 .pio/build/stm32_stm32cube/lib76d/libzenoh-pico.a(api.o)
                0x0000000008001fa6                z_put_options_default
 .text.z_put    0x0000000008001fbc       0xe4 .pio/build/stm32_stm32cube/lib76d/libzenoh-pico.a(api.o)
                0x0000000008001fbc                z_put
 .text.z_publisher_options_default
                0x00000000080020a0       0x10 .pio/build/stm32_stm32cube/lib76d/libzenoh-pico.a(api.o)
                0x00000000080020a0                z_publisher_options_default
 .text.z_declare_publisher
                0x00000000080020b0      0x106 .pio/build/stm32_stm32cube/lib76d/libzenoh-pico.a(api.o)
                0x00000000080020b0                z_declare_publisher
 *fill*         0x00000000080021b6        0x2 
 .text.z_declare_subscriber
                0x00000000080021b8      0x118 .pio/build/stm32_stm32cube/lib76d/libzenoh-pico.a(api.o)
                0x00000000080021b8                z_declare_subscriber
 .text.zp_read  0x00000000080022d0        0x6 .pio/build/stm32_stm32cube/lib76d/libzenoh-pico.a(api.o)
                0x00000000080022d0                zp_read
 .text.zp_send_keep_alive
                0x00000000080022d6        0x6 .pio/build/stm32_stm32cube/lib76d/libzenoh-pico.a(api.o)
                0x00000000080022d6                zp_send_keep_alive
 .text._z_slice_simple_rc_clone
                0x00000000080022dc       0x22 .pio/build/stm32_stm32cube/lib76d/libzenoh-pico.a(arc_slice.o)
 *fill*         0x00000000080022fe        0x2 
 .text._z_arc_slice_wrap
                0x0000000008002300       0x80 .pio/build/stm32_stm32cube/lib76d/libzenoh-pico.a(arc_slice.o)
                0x0000000008002300                _z_arc_slice_wrap
 .text._z_arc_slice_wrap_slice_rc
                0x0000000008002380       0x38 .pio/build/stm32_stm32cube/lib76d/libzenoh-pico.a(arc_slice.o)
                0x0000000008002380                _z_arc_slice_wrap_slice_rc
 .text._z_arc_slice_data
                0x00000000080023b8        0xa .pio/build/stm32_stm32cube/lib76d/libzenoh-pico.a(arc_slice.o)
                0x00000000080023b8                _z_arc_slice_data
 .text._z_arc_slice_copy
                0x00000000080023c2       0x24 .pio/build/stm32_stm32cube/lib76d/libzenoh-pico.a(arc_slice.o)
                0x00000000080023c2                _z_arc_slice_copy
 .text._z_arc_slice_move
                0x00000000080023e6       0x20 .pio/build/stm32_stm32cube/lib76d/libzenoh-pico.a(arc_slice.o)
                0x00000000080023e6                _z_arc_slice_move
 .text._z_arc_slice_drop
                0x0000000008002406       0x2c .pio/build/stm32_stm32cube/lib76d/libzenoh-pico.a(arc_slice.o)
                0x0000000008002406                _z_arc_slice_drop
 .text._z_arc_slice_elem_copy
                0x0000000008002432        0x4 .pio/build/stm32_stm32cube/lib76d/libzenoh-pico.a(bytes.o)
 *fill*         0x0000000008002436        0x2 
 .text._z_arc_slice_svec_clear
                0x0000000008002438        0xc .pio/build/stm32_stm32cube/lib76d/libzenoh-pico.a(bytes.o)
 .text._z_arc_slice_elem_clear
                0x0000000008002444        0x4 .pio/build/stm32_stm32cube/lib76d/libzenoh-pico.a(bytes.o)
 .text._z_arc_slice_elem_move
                0x0000000008002448        0x4 .pio/build/stm32_stm32cube/lib76d/libzenoh-pico.a(bytes.o)
 .text._z_bytes_copy
                0x000000000800244c       0x18 .pio/build/stm32_stm32cube/lib76d/libzenoh-pico.a(bytes.o)
                0x000000000800244c                _z_bytes_copy
 .text._z_bytes_len
                0x0000000008002464       0x28 .pio/build/stm32_stm32cube/lib76d/libzenoh-pico.a(bytes.o)
                0x0000000008002464                _z_bytes_len
 .text._z_bytes_is_empty
                0x000000000800248c       0x2a .pio/build/stm32_stm32cube/lib76d/libzenoh-pico.a(bytes.o)
                0x000000000800248c                _z_bytes_is_empty
 .text._z_bytes_check
                0x00000000080024b6        0xe .pio/build/stm32_stm32cube/lib76d/libzenoh-pico.a(bytes.o)
                0x00000000080024b6                _z_bytes_check
 .text._z_bytes_num_slices
                0x00000000080024c4        0x4 .pio/build/stm32_stm32cube/lib76d/libzenoh-pico.a(bytes.o)
                0x00000000080024c4                _z_bytes_num_slices
 .text._z_bytes_get_slice
                0x00000000080024c8       0x20 .pio/build/stm32_stm32cube/lib76d/libzenoh-pico.a(bytes.o)
                0x00000000080024c8                _z_bytes_get_slice
 .text._z_bytes_drop
                0x00000000080024e8        0x4 .pio/build/stm32_stm32cube/lib76d/libzenoh-pico.a(bytes.o)
                0x00000000080024e8                _z_bytes_drop
 .text._z_bytes_to_buf
                0x00000000080024ec       0x48 .pio/build/stm32_stm32cube/lib76d/libzenoh-pico.a(bytes.o)
                0x00000000080024ec                _z_bytes_to_buf
 .text._z_bytes_from_slice
                0x0000000008002534       0x58 .pio/build/stm32_stm32cube/lib76d/libzenoh-pico.a(bytes.o)
                0x0000000008002534                _z_bytes_from_slice
 .text._z_bytes_from_buf
                0x000000000800258c       0x42 .pio/build/stm32_stm32cube/lib76d/libzenoh-pico.a(bytes.o)
                0x000000000800258c                _z_bytes_from_buf
 .text._z_int_void_map_entry_key_eq
                0x00000000080025ce        0xc .pio/build/stm32_stm32cube/lib76d/libzenoh-pico.a(intmap.o)
                0x00000000080025ce                _z_int_void_map_entry_key_eq
 .text._z_int_void_map_init
                0x00000000080025da        0x8 .pio/build/stm32_stm32cube/lib76d/libzenoh-pico.a(intmap.o)
                0x00000000080025da                _z_int_void_map_init
 .text._z_int_void_map_make
                0x00000000080025e2        0x8 .pio/build/stm32_stm32cube/lib76d/libzenoh-pico.a(intmap.o)
                0x00000000080025e2                _z_int_void_map_make
 .text._z_int_void_map_len
                0x00000000080025ea       0x28 .pio/build/stm32_stm32cube/lib76d/libzenoh-pico.a(intmap.o)
                0x00000000080025ea                _z_int_void_map_len
 .text._z_int_void_map_is_empty
                0x0000000008002612        0xe .pio/build/stm32_stm32cube/lib76d/libzenoh-pico.a(intmap.o)
                0x0000000008002612                _z_int_void_map_is_empty
 .text._z_int_void_map_remove
                0x0000000008002620       0x34 .pio/build/stm32_stm32cube/lib76d/libzenoh-pico.a(intmap.o)
                0x0000000008002620                _z_int_void_map_remove
 .text._z_int_void_map_insert
                0x0000000008002654       0x66 .pio/build/stm32_stm32cube/lib76d/libzenoh-pico.a(intmap.o)
                0x0000000008002654                _z_int_void_map_insert
 *fill*         0x00000000080026ba        0x2 
 .text._z_int_void_map_get
                0x00000000080026bc       0x3c .pio/build/stm32_stm32cube/lib76d/libzenoh-pico.a(intmap.o)
                0x00000000080026bc                _z_int_void_map_get
 .text._z_int_void_map_clear
                0x00000000080026f8       0x2e .pio/build/stm32_stm32cube/lib76d/libzenoh-pico.a(intmap.o)
                0x00000000080026f8                _z_int_void_map_clear
 .text._z_list_of
                0x0000000008002726       0x14 .pio/build/stm32_stm32cube/lib76d/libzenoh-pico.a(list.o)
                0x0000000008002726                _z_list_of
 .text._z_list_push
                0x000000000800273a        0xe .pio/build/stm32_stm32cube/lib76d/libzenoh-pico.a(list.o)
                0x000000000800273a                _z_list_push
 .text._z_list_push_back
                0x0000000008002748       0x24 .pio/build/stm32_stm32cube/lib76d/libzenoh-pico.a(list.o)
                0x0000000008002748                _z_list_push_back
 .text._z_list_head
                0x000000000800276c        0x4 .pio/build/stm32_stm32cube/lib76d/libzenoh-pico.a(list.o)
                0x000000000800276c                _z_list_head
 .text._z_list_tail
                0x0000000008002770        0x4 .pio/build/stm32_stm32cube/lib76d/libzenoh-pico.a(list.o)
                0x0000000008002770                _z_list_tail
 .text._z_list_len
                0x0000000008002774        0xe .pio/build/stm32_stm32cube/lib76d/libzenoh-pico.a(list.o)
                0x0000000008002774                _z_list_len
 .text._z_list_pop
                0x0000000008002782       0x1a .pio/build/stm32_stm32cube/lib76d/libzenoh-pico.a(list.o)
                0x0000000008002782                _z_list_pop
 .text._z_list_find
                0x000000000800279c       0x1c .pio/build/stm32_stm32cube/lib76d/libzenoh-pico.a(list.o)
                0x000000000800279c                _z_list_find
 .text._z_list_drop_filter
                0x00000000080027b8       0x3e .pio/build/stm32_stm32cube/lib76d/libzenoh-pico.a(list.o)
                0x00000000080027b8                _z_list_drop_filter
 .text._z_list_clone
                0x00000000080027f6       0x1e .pio/build/stm32_stm32cube/lib76d/libzenoh-pico.a(list.o)
                0x00000000080027f6                _z_list_clone
 .text._z_list_free
                0x0000000008002814       0x18 .pio/build/stm32_stm32cube/lib76d/libzenoh-pico.a(list.o)
                0x0000000008002814                _z_list_free
 .text.__z_print_timestamp
                0x000000000800282c       0x20 .pio/build/stm32_stm32cube/lib76d/libzenoh-pico.a(refcount.o)
 .text._z_rc_init
                0x000000000800284c       0x1e .pio/build/stm32_stm32cube/lib76d/libzenoh-pico.a(refcount.o)
                0x000000000800284c                _z_rc_init
 *fill*         0x000000000800286a        0x2 
 .text._z_rc_increase_strong
                0x000000000800286c       0x4c .pio/build/stm32_stm32cube/lib76d/libzenoh-pico.a(refcount.o)
                0x000000000800286c                _z_rc_increase_strong
 .text._z_rc_increase_weak
                0x00000000080028b8       0x44 .pio/build/stm32_stm32cube/lib76d/libzenoh-pico.a(refcount.o)
                0x00000000080028b8                _z_rc_increase_weak
 .text._z_rc_decrease_weak
                0x00000000080028fc       0x22 .pio/build/stm32_stm32cube/lib76d/libzenoh-pico.a(refcount.o)
                0x00000000080028fc                _z_rc_decrease_weak
 .text._z_rc_decrease_strong
                0x000000000800291e       0x1e .pio/build/stm32_stm32cube/lib76d/libzenoh-pico.a(refcount.o)
                0x000000000800291e                _z_rc_decrease_strong
 .text._z_simple_rc_init
                0x000000000800293c       0x1c .pio/build/stm32_stm32cube/lib76d/libzenoh-pico.a(refcount.o)
                0x000000000800293c                _z_simple_rc_init
 .text._z_simple_rc_increase
                0x0000000008002958        0xa .pio/build/stm32_stm32cube/lib76d/libzenoh-pico.a(refcount.o)
                0x0000000008002958                _z_simple_rc_increase
 .text._z_simple_rc_decrease
                0x0000000008002962       0x1a .pio/build/stm32_stm32cube/lib76d/libzenoh-pico.a(refcount.o)
                0x0000000008002962                _z_simple_rc_decrease
 .text._z_simple_rc_strong_count
                0x000000000800297c        0x4 .pio/build/stm32_stm32cube/lib76d/libzenoh-pico.a(refcount.o)
                0x000000000800297c                _z_simple_rc_strong_count
 .text._z_slice_reset
                0x0000000008002980        0xc .pio/build/stm32_stm32cube/lib76d/libzenoh-pico.a(slice.o)
 .text._z_default_deleter
                0x000000000800298c        0x4 .pio/build/stm32_stm32cube/lib76d/libzenoh-pico.a(slice.o)
                0x000000000800298c                _z_default_deleter
 .text._z_delete_context_default
                0x0000000008002990       0x10 .pio/build/stm32_stm32cube/lib76d/libzenoh-pico.a(slice.o)
                0x0000000008002990                _z_delete_context_default
 .text._z_delete_context_delete
                0x00000000080029a0        0xe .pio/build/stm32_stm32cube/lib76d/libzenoh-pico.a(slice.o)
                0x00000000080029a0                _z_delete_context_delete
 *fill*         0x00000000080029ae        0x2 
 .text._z_slice_init
                0x00000000080029b0       0x48 .pio/build/stm32_stm32cube/lib76d/libzenoh-pico.a(slice.o)
                0x00000000080029b0                _z_slice_init
 .text._z_slice_from_buf_custom_deleter
                0x00000000080029f8       0x26 .pio/build/stm32_stm32cube/lib76d/libzenoh-pico.a(slice.o)
                0x00000000080029f8                _z_slice_from_buf_custom_deleter
 .text._z_slice_alias_buf
                0x0000000008002a1e       0x12 .pio/build/stm32_stm32cube/lib76d/libzenoh-pico.a(slice.o)
                0x0000000008002a1e                _z_slice_alias_buf
 .text._z_slice_clear
                0x0000000008002a30       0x18 .pio/build/stm32_stm32cube/lib76d/libzenoh-pico.a(slice.o)
                0x0000000008002a30                _z_slice_clear
 .text._z_slice_copy
                0x0000000008002a48       0x1e .pio/build/stm32_stm32cube/lib76d/libzenoh-pico.a(slice.o)
                0x0000000008002a48                _z_slice_copy
 *fill*         0x0000000008002a66        0x2 
 .text._z_slice_n_copy
                0x0000000008002a68       0x50 .pio/build/stm32_stm32cube/lib76d/libzenoh-pico.a(slice.o)
                0x0000000008002a68                _z_slice_n_copy
 .text._z_slice_move
                0x0000000008002ab8       0x38 .pio/build/stm32_stm32cube/lib76d/libzenoh-pico.a(slice.o)
                0x0000000008002ab8                _z_slice_move
 .text._z_slice_duplicate
                0x0000000008002af0       0x28 .pio/build/stm32_stm32cube/lib76d/libzenoh-pico.a(slice.o)
                0x0000000008002af0                _z_slice_duplicate
 .text._z_slice_copy_from_buf
                0x0000000008002b18       0x18 .pio/build/stm32_stm32cube/lib76d/libzenoh-pico.a(slice.o)
                0x0000000008002b18                _z_slice_copy_from_buf
 .text._z_slice_steal
                0x0000000008002b30       0x1a .pio/build/stm32_stm32cube/lib76d/libzenoh-pico.a(slice.o)
                0x0000000008002b30                _z_slice_steal
 .text._z_slice_is_alloced
                0x0000000008002b4a        0xa .pio/build/stm32_stm32cube/lib76d/libzenoh-pico.a(slice.o)
                0x0000000008002b4a                _z_slice_is_alloced
 .text._z_string_copy_from_str
                0x0000000008002b54       0x1a .pio/build/stm32_stm32cube/lib76d/libzenoh-pico.a(string.o)
                0x0000000008002b54                _z_string_copy_from_str
 .text._z_string_alias_str
                0x0000000008002b6e       0x1a .pio/build/stm32_stm32cube/lib76d/libzenoh-pico.a(string.o)
                0x0000000008002b6e                _z_string_alias_str
 .text._z_string_alias_substr
                0x0000000008002b88        0xc .pio/build/stm32_stm32cube/lib76d/libzenoh-pico.a(string.o)
                0x0000000008002b88                _z_string_alias_substr
 .text._z_string_len
                0x0000000008002b94        0x4 .pio/build/stm32_stm32cube/lib76d/libzenoh-pico.a(string.o)
                0x0000000008002b94                _z_string_len
 .text._z_string_copy
                0x0000000008002b98        0x4 .pio/build/stm32_stm32cube/lib76d/libzenoh-pico.a(string.o)
                0x0000000008002b98                _z_string_copy
 .text._z_string_copy_substring
                0x0000000008002b9c        0x4 .pio/build/stm32_stm32cube/lib76d/libzenoh-pico.a(string.o)
                0x0000000008002b9c                _z_string_copy_substring
 .text._z_string_move
                0x0000000008002ba0        0x4 .pio/build/stm32_stm32cube/lib76d/libzenoh-pico.a(string.o)
                0x0000000008002ba0                _z_string_move
 .text._z_string_clear
                0x0000000008002ba4        0x4 .pio/build/stm32_stm32cube/lib76d/libzenoh-pico.a(string.o)
                0x0000000008002ba4                _z_string_clear
 .text._z_string_equals
                0x0000000008002ba8       0x1e .pio/build/stm32_stm32cube/lib76d/libzenoh-pico.a(string.o)
                0x0000000008002ba8                _z_string_equals
 *fill*         0x0000000008002bc6        0x2 
 .text._z_string_preallocate
                0x0000000008002bc8       0x58 .pio/build/stm32_stm32cube/lib76d/libzenoh-pico.a(string.o)
                0x0000000008002bc8                _z_string_preallocate
 .text._z_string_data
                0x0000000008002c20        0x4 .pio/build/stm32_stm32cube/lib76d/libzenoh-pico.a(string.o)
                0x0000000008002c20                _z_string_data
 .text._z_string_pbrk
                0x0000000008002c24       0x28 .pio/build/stm32_stm32cube/lib76d/libzenoh-pico.a(string.o)
                0x0000000008002c24                _z_string_pbrk
 .text._z_str_size
                0x0000000008002c4c        0xa .pio/build/stm32_stm32cube/lib76d/libzenoh-pico.a(string.o)
                0x0000000008002c4c                _z_str_size
 .text._z_str_n_copy
                0x0000000008002c56       0x10 .pio/build/stm32_stm32cube/lib76d/libzenoh-pico.a(string.o)
                0x0000000008002c56                _z_str_n_copy
 .text._z_str_clone
                0x0000000008002c66       0x1e .pio/build/stm32_stm32cube/lib76d/libzenoh-pico.a(string.o)
                0x0000000008002c66                _z_str_clone
 .text._z_str_eq
                0x0000000008002c84        0xe .pio/build/stm32_stm32cube/lib76d/libzenoh-pico.a(string.o)
                0x0000000008002c84                _z_str_eq
 .text.__z_svec_move_inner
                0x0000000008002c92       0x38 .pio/build/stm32_stm32cube/lib76d/libzenoh-pico.a(vec.o)
 .text._z_vec_make
                0x0000000008002cca       0x28 .pio/build/stm32_stm32cube/lib76d/libzenoh-pico.a(vec.o)
                0x0000000008002cca                _z_vec_make
 .text._z_vec_release
                0x0000000008002cf2       0x14 .pio/build/stm32_stm32cube/lib76d/libzenoh-pico.a(vec.o)
                0x0000000008002cf2                _z_vec_release
 .text._z_vec_clear
                0x0000000008002d06       0x24 .pio/build/stm32_stm32cube/lib76d/libzenoh-pico.a(vec.o)
                0x0000000008002d06                _z_vec_clear
 .text._z_vec_len
                0x0000000008002d2a        0x4 .pio/build/stm32_stm32cube/lib76d/libzenoh-pico.a(vec.o)
                0x0000000008002d2a                _z_vec_len
 .text._z_vec_append
                0x0000000008002d2e       0x46 .pio/build/stm32_stm32cube/lib76d/libzenoh-pico.a(vec.o)
                0x0000000008002d2e                _z_vec_append
 .text._z_vec_get
                0x0000000008002d74       0x28 .pio/build/stm32_stm32cube/lib76d/libzenoh-pico.a(vec.o)
                0x0000000008002d74                _z_vec_get
 .text._z_vec_remove
                0x0000000008002d9c       0x2c .pio/build/stm32_stm32cube/lib76d/libzenoh-pico.a(vec.o)
                0x0000000008002d9c                _z_vec_remove
 .text._z_svec_make
                0x0000000008002dc8       0x2c .pio/build/stm32_stm32cube/lib76d/libzenoh-pico.a(vec.o)
                0x0000000008002dc8                _z_svec_make
 .text._z_svec_init
                0x0000000008002df4       0x38 .pio/build/stm32_stm32cube/lib76d/libzenoh-pico.a(vec.o)
                0x0000000008002df4                _z_svec_init
 .text._z_svec_copy
                0x0000000008002e2c       0x64 .pio/build/stm32_stm32cube/lib76d/libzenoh-pico.a(vec.o)
                0x0000000008002e2c                _z_svec_copy
 .text._z_svec_reset
                0x0000000008002e90       0x2c .pio/build/stm32_stm32cube/lib76d/libzenoh-pico.a(vec.o)
                0x0000000008002e90                _z_svec_reset
 .text._z_svec_release
                0x0000000008002ebc       0x12 .pio/build/stm32_stm32cube/lib76d/libzenoh-pico.a(vec.o)
                0x0000000008002ebc                _z_svec_release
 .text._z_svec_clear
                0x0000000008002ece       0x18 .pio/build/stm32_stm32cube/lib76d/libzenoh-pico.a(vec.o)
                0x0000000008002ece                _z_svec_clear
 .text._z_svec_len
                0x0000000008002ee6        0x4 .pio/build/stm32_stm32cube/lib76d/libzenoh-pico.a(vec.o)
                0x0000000008002ee6                _z_svec_len
 .text._z_svec_expand
                0x0000000008002eea       0x42 .pio/build/stm32_stm32cube/lib76d/libzenoh-pico.a(vec.o)
                0x0000000008002eea                _z_svec_expand
 .text._z_svec_append
                0x0000000008002f2c       0x56 .pio/build/stm32_stm32cube/lib76d/libzenoh-pico.a(vec.o)
                0x0000000008002f2c                _z_svec_append
 *fill*         0x0000000008002f82        0x2 
 .text._z_svec_get
                0x0000000008002f84       0x2c .pio/build/stm32_stm32cube/lib76d/libzenoh-pico.a(vec.o)
                0x0000000008002f84                _z_svec_get
 .text._z_svec_get_mut
                0x0000000008002fb0        0x8 .pio/build/stm32_stm32cube/lib76d/libzenoh-pico.a(vec.o)
                0x0000000008002fb0                _z_svec_get_mut
 .text._z_str_intmap_entry_elem_free
                0x0000000008002fb8       0x20 .pio/build/stm32_stm32cube/lib76d/libzenoh-pico.a(config.o)
 .text._z_config_empty
                0x0000000008002fd8       0x1a .pio/build/stm32_stm32cube/lib76d/libzenoh-pico.a(config.o)
                0x0000000008002fd8                _z_config_empty
 *fill*         0x0000000008002ff2        0x2 
 .text._z_config_client
                0x0000000008002ff4       0x7c .pio/build/stm32_stm32cube/lib76d/libzenoh-pico.a(config.o)
                0x0000000008002ff4                _z_config_client
 .text._z_config_default
                0x0000000008003070        0x6 .pio/build/stm32_stm32cube/lib76d/libzenoh-pico.a(config.o)
                0x0000000008003070                _z_config_default
 .text._z_encoding_clear
                0x0000000008003076        0xa .pio/build/stm32_stm32cube/lib76d/libzenoh-pico.a(encoding.o)
                0x0000000008003076                _z_encoding_clear
 .text._z_encoding_copy
                0x0000000008003080       0x1e .pio/build/stm32_stm32cube/lib76d/libzenoh-pico.a(encoding.o)
                0x0000000008003080                _z_encoding_copy
 .text._z_write_filter_callback
                0x000000000800309e       0x46 .pio/build/stm32_stm32cube/lib76d/libzenoh-pico.a(filtering.o)
 .text._z_write_filter_create
                0x00000000080030e4       0x70 .pio/build/stm32_stm32cube/lib76d/libzenoh-pico.a(filtering.o)
                0x00000000080030e4                _z_write_filter_create
 .text._z_string_elem_clear
                0x0000000008003154        0x4 .pio/build/stm32_stm32cube/lib76d/libzenoh-pico.a(memory.o)
 .text._z_hello_clear
                0x0000000008003158       0x10 .pio/build/stm32_stm32cube/lib76d/libzenoh-pico.a(memory.o)
                0x0000000008003158                _z_hello_clear
 .text._z_value_clear
                0x0000000008003168       0x14 .pio/build/stm32_stm32cube/lib76d/libzenoh-pico.a(memory.o)
                0x0000000008003168                _z_value_clear
 .text._z_send_declare
                0x000000000800317c       0x1e .pio/build/stm32_stm32cube/lib76d/libzenoh-pico.a(primitives.o)
                0x000000000800317c                _z_send_declare
 .text._z_declare_resource.part.3
                0x000000000800319a       0xb2 .pio/build/stm32_stm32cube/lib76d/libzenoh-pico.a(primitives.o)
 .text._z_send_undeclare
                0x000000000800324c       0x1e .pio/build/stm32_stm32cube/lib76d/libzenoh-pico.a(primitives.o)
                0x000000000800324c                _z_send_undeclare
 .text._z_declare_resource
                0x000000000800326a        0xe .pio/build/stm32_stm32cube/lib76d/libzenoh-pico.a(primitives.o)
                0x000000000800326a                _z_declare_resource
 .text._z_undeclare_resource
                0x0000000008003278       0xb8 .pio/build/stm32_stm32cube/lib76d/libzenoh-pico.a(primitives.o)
                0x0000000008003278                _z_undeclare_resource
 .text._z_declare_publisher
                0x0000000008003330       0x9e .pio/build/stm32_stm32cube/lib76d/libzenoh-pico.a(primitives.o)
                0x0000000008003330                _z_declare_publisher
 .text._z_write
                0x00000000080033ce      0x1fe .pio/build/stm32_stm32cube/lib76d/libzenoh-pico.a(primitives.o)
                0x00000000080033ce                _z_write
 .text._z_declare_subscriber
                0x00000000080035cc       0xe8 .pio/build/stm32_stm32cube/lib76d/libzenoh-pico.a(primitives.o)
                0x00000000080035cc                _z_declare_subscriber
 .text._z_add_interest
                0x00000000080036b4       0x94 .pio/build/stm32_stm32cube/lib76d/libzenoh-pico.a(primitives.o)
                0x00000000080036b4                _z_add_interest
 .text._z_sample_clear
                0x0000000008003748       0x24 .pio/build/stm32_stm32cube/lib76d/libzenoh-pico.a(sample.o)
                0x0000000008003748                _z_sample_clear
 .text._z_sample_copy
                0x000000000800376c       0xa8 .pio/build/stm32_stm32cube/lib76d/libzenoh-pico.a(sample.o)
                0x000000000800376c                _z_sample_copy
 .text._z_cache_declaration_undeclare_filter_kexpr
                0x0000000008003814        0xc .pio/build/stm32_stm32cube/lib76d/libzenoh-pico.a(session.o)
 .text._z_cache_declaration_undeclare_filter_subscriber
                0x0000000008003820        0xc .pio/build/stm32_stm32cube/lib76d/libzenoh-pico.a(session.o)
 .text._z_cache_declaration_undeclare_filter_queryable
                0x000000000800382c        0xc .pio/build/stm32_stm32cube/lib76d/libzenoh-pico.a(session.o)
 .text._z_cache_declaration_undeclare_filter_token
                0x0000000008003838        0xc .pio/build/stm32_stm32cube/lib76d/libzenoh-pico.a(session.o)
 .text._z_string_elem_copy
                0x0000000008003844        0x4 .pio/build/stm32_stm32cube/lib76d/libzenoh-pico.a(session.o)
 .text._z_hello_elem_free
                0x0000000008003848       0x1a .pio/build/stm32_stm32cube/lib76d/libzenoh-pico.a(session.o)
 .text._z_string_elem_move
                0x0000000008003862        0x4 .pio/build/stm32_stm32cube/lib76d/libzenoh-pico.a(session.o)
 *fill*         0x0000000008003866        0x2 
 .text.__z_print_timestamp
                0x0000000008003868       0x20 .pio/build/stm32_stm32cube/lib76d/libzenoh-pico.a(session.o)
 .text._z_string_elem_clear
                0x0000000008003888        0x4 .pio/build/stm32_stm32cube/lib76d/libzenoh-pico.a(session.o)
 .text._z_network_message_elem_free
                0x000000000800388c       0x1a .pio/build/stm32_stm32cube/lib76d/libzenoh-pico.a(session.o)
 *fill*         0x00000000080038a6        0x2 
 .text._z_open  0x00000000080038a8      0x1f8 .pio/build/stm32_stm32cube/lib76d/libzenoh-pico.a(session.o)
                0x00000000080038a8                _z_open
 .text._z_cache_declaration
                0x0000000008003aa0       0x28 .pio/build/stm32_stm32cube/lib76d/libzenoh-pico.a(session.o)
                0x0000000008003aa0                _z_cache_declaration
 .text._z_prune_declaration
                0x0000000008003ac8       0x9c .pio/build/stm32_stm32cube/lib76d/libzenoh-pico.a(session.o)
                0x0000000008003ac8                _z_prune_declaration
 .text._z_close
                0x0000000008003b64        0x6 .pio/build/stm32_stm32cube/lib76d/libzenoh-pico.a(session.o)
                0x0000000008003b64                _z_close
 .text._z_session_is_closed
                0x0000000008003b6a        0xc .pio/build/stm32_stm32cube/lib76d/libzenoh-pico.a(session.o)
                0x0000000008003b6a                _z_session_is_closed
 .text._zp_read
                0x0000000008003b76        0x4 .pio/build/stm32_stm32cube/lib76d/libzenoh-pico.a(session.o)
                0x0000000008003b76                _zp_read
 .text._zp_send_keep_alive
                0x0000000008003b7a        0x4 .pio/build/stm32_stm32cube/lib76d/libzenoh-pico.a(session.o)
                0x0000000008003b7a                _zp_send_keep_alive
 .text._z_subscriber_clear
                0x0000000008003b7e       0x1c .pio/build/stm32_stm32cube/lib76d/libzenoh-pico.a(subscribe.o)
                0x0000000008003b7e                _z_subscriber_clear
 .text._z_str_intmap_entry_elem_free
                0x0000000008003b9a       0x20 .pio/build/stm32_stm32cube/lib76d/libzenoh-pico.a(config.o)
 .text._z_config_init
                0x0000000008003bba        0xc .pio/build/stm32_stm32cube/lib76d/libzenoh-pico.a(config.o)
                0x0000000008003bba                _z_config_init
 *fill*         0x0000000008003bc6        0x2 
 .text._zp_config_insert
                0x0000000008003bc8       0x30 .pio/build/stm32_stm32cube/lib76d/libzenoh-pico.a(config.o)
                0x0000000008003bc8                _zp_config_insert
 .text._z_config_get
                0x0000000008003bf8        0x4 .pio/build/stm32_stm32cube/lib76d/libzenoh-pico.a(config.o)
                0x0000000008003bf8                _z_config_get
 .text._z_str_intmap_from_strn
                0x0000000008003bfc       0xfc .pio/build/stm32_stm32cube/lib76d/libzenoh-pico.a(config.o)
                0x0000000008003bfc                _z_str_intmap_from_strn
 .text._z_str_intmap_strlen
                0x0000000008003cf8       0x44 .pio/build/stm32_stm32cube/lib76d/libzenoh-pico.a(config.o)
                0x0000000008003cf8                _z_str_intmap_strlen
 .text._z_str_intmap_onto_str
                0x0000000008003d3c       0x8c .pio/build/stm32_stm32cube/lib76d/libzenoh-pico.a(config.o)
                0x0000000008003d3c                _z_str_intmap_onto_str
 .text._z_id_len
                0x0000000008003dc8       0x22 .pio/build/stm32_stm32cube/lib76d/libzenoh-pico.a(core.o)
                0x0000000008003dc8                _z_id_len
 .text._z_source_info_copy
                0x0000000008003dea       0x1a .pio/build/stm32_stm32cube/lib76d/libzenoh-pico.a(core.o)
                0x0000000008003dea                _z_source_info_copy
 .text._z_keyexpr_steal
                0x0000000008003e04       0x20 .pio/build/stm32_stm32cube/lib76d/libzenoh-pico.a(declarations.o)
 .text._z_keyexpr_fix_mapping
                0x0000000008003e24       0x38 .pio/build/stm32_stm32cube/lib76d/libzenoh-pico.a(declarations.o)
 .text._z_declaration_clear
                0x0000000008003e5c       0x1e .pio/build/stm32_stm32cube/lib76d/libzenoh-pico.a(declarations.o)
                0x0000000008003e5c                _z_declaration_clear
 .text._z_make_decl_keyexpr
                0x0000000008003e7a       0x30 .pio/build/stm32_stm32cube/lib76d/libzenoh-pico.a(declarations.o)
                0x0000000008003e7a                _z_make_decl_keyexpr
 .text._z_make_undecl_keyexpr
                0x0000000008003eaa       0x14 .pio/build/stm32_stm32cube/lib76d/libzenoh-pico.a(declarations.o)
                0x0000000008003eaa                _z_make_undecl_keyexpr
 .text._z_make_decl_subscriber
                0x0000000008003ebe       0x32 .pio/build/stm32_stm32cube/lib76d/libzenoh-pico.a(declarations.o)
                0x0000000008003ebe                _z_make_decl_subscriber
 .text._z_make_decl_final
                0x0000000008003ef0       0x10 .pio/build/stm32_stm32cube/lib76d/libzenoh-pico.a(declarations.o)
                0x0000000008003ef0                _z_make_decl_final
 .text._z_decl_fix_mapping
                0x0000000008003f00       0x1e .pio/build/stm32_stm32cube/lib76d/libzenoh-pico.a(declarations.o)
                0x0000000008003f00                _z_decl_fix_mapping
 .text._z_interest_clear
                0x0000000008003f1e        0x4 .pio/build/stm32_stm32cube/lib76d/libzenoh-pico.a(interest.o)
                0x0000000008003f1e                _z_interest_clear
 .text._z_make_interest
                0x0000000008003f22       0x4a .pio/build/stm32_stm32cube/lib76d/libzenoh-pico.a(interest.o)
                0x0000000008003f22                _z_make_interest
 .text._z_push_body_copy
                0x0000000008003f6c       0x26 .pio/build/stm32_stm32cube/lib76d/libzenoh-pico.a(network.o)
 *fill*         0x0000000008003f92        0x2 
 .text._z_keyexpr_fix_mapping
                0x0000000008003f94       0x38 .pio/build/stm32_stm32cube/lib76d/libzenoh-pico.a(network.o)
 .text._z_n_msg_request_needed_exts
                0x0000000008003fcc       0x6c .pio/build/stm32_stm32cube/lib76d/libzenoh-pico.a(network.o)
                0x0000000008003fcc                _z_n_msg_request_needed_exts
 .text._z_n_msg_request_clear
                0x0000000008004038       0x2e .pio/build/stm32_stm32cube/lib76d/libzenoh-pico.a(network.o)
                0x0000000008004038                _z_n_msg_request_clear
 .text._z_push_body_clear
                0x0000000008004066        0xc .pio/build/stm32_stm32cube/lib76d/libzenoh-pico.a(network.o)
                0x0000000008004066                _z_push_body_clear
 .text._z_n_msg_response_final_clear
                0x0000000008004072        0x2 .pio/build/stm32_stm32cube/lib76d/libzenoh-pico.a(network.o)
                0x0000000008004072                _z_n_msg_response_final_clear
 .text._z_n_msg_push_clear
                0x0000000008004074       0x14 .pio/build/stm32_stm32cube/lib76d/libzenoh-pico.a(network.o)
                0x0000000008004074                _z_n_msg_push_clear
 .text._z_n_msg_response_clear
                0x0000000008004088       0x34 .pio/build/stm32_stm32cube/lib76d/libzenoh-pico.a(network.o)
                0x0000000008004088                _z_n_msg_response_clear
 .text._z_n_msg_clear
                0x00000000080040bc       0x30 .pio/build/stm32_stm32cube/lib76d/libzenoh-pico.a(network.o)
                0x00000000080040bc                _z_n_msg_clear
 .text._z_n_msg_make_response_final
                0x00000000080040ec       0x14 .pio/build/stm32_stm32cube/lib76d/libzenoh-pico.a(network.o)
                0x00000000080040ec                _z_n_msg_make_response_final
 .text._z_n_msg_make_declare
                0x0000000008004100       0x62 .pio/build/stm32_stm32cube/lib76d/libzenoh-pico.a(network.o)
                0x0000000008004100                _z_n_msg_make_declare
 .text._z_n_msg_make_interest
                0x0000000008004162       0x32 .pio/build/stm32_stm32cube/lib76d/libzenoh-pico.a(network.o)
                0x0000000008004162                _z_n_msg_make_interest
 .text._z_n_msg_copy
                0x0000000008004194      0x14c .pio/build/stm32_stm32cube/lib76d/libzenoh-pico.a(network.o)
                0x0000000008004194                _z_n_msg_copy
 .text._z_n_msg_clone
                0x00000000080042e0       0x16 .pio/build/stm32_stm32cube/lib76d/libzenoh-pico.a(network.o)
                0x00000000080042e0                _z_n_msg_clone
 .text._z_msg_fix_mapping
                0x00000000080042f6       0x26 .pio/build/stm32_stm32cube/lib76d/libzenoh-pico.a(network.o)
                0x00000000080042f6                _z_msg_fix_mapping
 .text._z_ke_chunk_intersect_nodsl
                0x000000000800431c       0x64 .pio/build/stm32_stm32cube/lib76d/libzenoh-pico.a(keyexpr.o)
                0x000000000800431c                _z_ke_chunk_intersect_nodsl
 .text._z_rid_with_suffix
                0x0000000008004380       0x32 .pio/build/stm32_stm32cube/lib76d/libzenoh-pico.a(keyexpr.o)
                0x0000000008004380                _z_rid_with_suffix
 .text._z_keyexpr_from_string
                0x00000000080043b2       0x60 .pio/build/stm32_stm32cube/lib76d/libzenoh-pico.a(keyexpr.o)
                0x00000000080043b2                _z_keyexpr_from_string
 .text._z_keyexpr_from_substr
                0x0000000008004412       0x34 .pio/build/stm32_stm32cube/lib76d/libzenoh-pico.a(keyexpr.o)
                0x0000000008004412                _z_keyexpr_from_substr
 .text._z_keyexpr_copy
                0x0000000008004446       0x28 .pio/build/stm32_stm32cube/lib76d/libzenoh-pico.a(keyexpr.o)
                0x0000000008004446                _z_keyexpr_copy
 .text._z_keyexpr_duplicate
                0x000000000800446e       0x1e .pio/build/stm32_stm32cube/lib76d/libzenoh-pico.a(keyexpr.o)
                0x000000000800446e                _z_keyexpr_duplicate
 .text._z_keyexpr_clear
                0x000000000800448c        0xa .pio/build/stm32_stm32cube/lib76d/libzenoh-pico.a(keyexpr.o)
                0x000000000800448c                _z_keyexpr_clear
 .text._z_keyexpr_equals
                0x0000000008004496       0x44 .pio/build/stm32_stm32cube/lib76d/libzenoh-pico.a(keyexpr.o)
                0x0000000008004496                _z_keyexpr_equals
 .text._z_keyexpr_alias_from_user_defined
                0x00000000080044da       0x56 .pio/build/stm32_stm32cube/lib76d/libzenoh-pico.a(keyexpr.o)
                0x00000000080044da                _z_keyexpr_alias_from_user_defined
 .text.__zp_canon_prefix
                0x0000000008004530      0x12e .pio/build/stm32_stm32cube/lib76d/libzenoh-pico.a(keyexpr.o)
                0x0000000008004530                __zp_canon_prefix
 .text._zp_ke_wildness
                0x000000000800465e       0x64 .pio/build/stm32_stm32cube/lib76d/libzenoh-pico.a(keyexpr.o)
                0x000000000800465e                _zp_ke_wildness
 .text._z_keyexpr_is_superwild_chunk
                0x00000000080046c2       0x28 .pio/build/stm32_stm32cube/lib76d/libzenoh-pico.a(keyexpr.o)
                0x00000000080046c2                _z_keyexpr_is_superwild_chunk
 *fill*         0x00000000080046ea        0x2 
 .text._z_keyexpr_has_verbatim
                0x00000000080046ec       0x4c .pio/build/stm32_stm32cube/lib76d/libzenoh-pico.a(keyexpr.o)
                0x00000000080046ec                _z_keyexpr_has_verbatim
 .text._z_ke_chunk_intersect_rhasstardsl
                0x0000000008004738      0x124 .pio/build/stm32_stm32cube/lib76d/libzenoh-pico.a(keyexpr.o)
                0x0000000008004738                _z_ke_chunk_intersect_rhasstardsl
 .text._z_ke_chunk_intersect_stardsl
                0x000000000800485c      0x114 .pio/build/stm32_stm32cube/lib76d/libzenoh-pico.a(keyexpr.o)
                0x000000000800485c                _z_ke_chunk_intersect_stardsl
 .text._z_ke_intersect_rhassuperchunks
                0x0000000008004970      0x218 .pio/build/stm32_stm32cube/lib76d/libzenoh-pico.a(keyexpr.o)
                0x0000000008004970                _z_ke_intersect_rhassuperchunks
 .text._z_keyexpr_intersect_bothsuper
                0x0000000008004b88      0x164 .pio/build/stm32_stm32cube/lib76d/libzenoh-pico.a(keyexpr.o)
                0x0000000008004b88                _z_keyexpr_intersect_bothsuper
 .text._z_keyexpr_suffix_intersects
                0x0000000008004cec      0x15c .pio/build/stm32_stm32cube/lib76d/libzenoh-pico.a(keyexpr.o)
                0x0000000008004cec                _z_keyexpr_suffix_intersects
 .text._z_keyexpr_is_canon
                0x0000000008004e48       0x14 .pio/build/stm32_stm32cube/lib76d/libzenoh-pico.a(keyexpr.o)
                0x0000000008004e48                _z_keyexpr_is_canon
 .text._z_session_interest_rc_eq
                0x0000000008004e5c        0xc .pio/build/stm32_stm32cube/lib76d/libzenoh-pico.a(interest.o)
 .text._z_declare_data_eq
                0x0000000008004e68       0x18 .pio/build/stm32_stm32cube/lib76d/libzenoh-pico.a(interest.o)
                0x0000000008004e68                _z_declare_data_eq
 .text.__z_get_interest_by_id
                0x0000000008004e80       0x22 .pio/build/stm32_stm32cube/lib76d/libzenoh-pico.a(interest.o)
 *fill*         0x0000000008004ea2        0x2 
 .text.__z_print_timestamp
                0x0000000008004ea4       0x20 .pio/build/stm32_stm32cube/lib76d/libzenoh-pico.a(interest.o)
 .text._z_declare_data_elem_free
                0x0000000008004ec4       0x1a .pio/build/stm32_stm32cube/lib76d/libzenoh-pico.a(interest.o)
 .text.__z_get_interest_by_key_and_flags
                0x0000000008004ede       0x6c .pio/build/stm32_stm32cube/lib76d/libzenoh-pico.a(interest.o)
 .text._z_subscription_rc_elem_clone
                0x0000000008004f4a       0x28 .pio/build/stm32_stm32cube/lib76d/libzenoh-pico.a(interest.o)
 .text._z_session_interest_rc_elem_free
                0x0000000008004f72       0x32 .pio/build/stm32_stm32cube/lib76d/libzenoh-pico.a(interest.o)
 .text._z_resource_elem_clone
                0x0000000008004fa4       0x18 .pio/build/stm32_stm32cube/lib76d/libzenoh-pico.a(interest.o)
 .text._z_resource_elem_free
                0x0000000008004fbc       0x1a .pio/build/stm32_stm32cube/lib76d/libzenoh-pico.a(interest.o)
 .text._z_subscription_rc_elem_free
                0x0000000008004fd6       0x32 .pio/build/stm32_stm32cube/lib76d/libzenoh-pico.a(interest.o)
 .text._z_interest_send_declare_final
                0x0000000008005008       0x52 .pio/build/stm32_stm32cube/lib76d/libzenoh-pico.a(interest.o)
 .text._z_keyexpr_alias
                0x000000000800505a       0x42 .pio/build/stm32_stm32cube/lib76d/libzenoh-pico.a(interest.o)
 .text._z_interest_send_decl_resource
                0x000000000800509c       0x94 .pio/build/stm32_stm32cube/lib76d/libzenoh-pico.a(interest.o)
 .text._z_interest_send_decl_subscriber
                0x0000000008005130       0x98 .pio/build/stm32_stm32cube/lib76d/libzenoh-pico.a(interest.o)
 .text._z_register_interest
                0x00000000080051c8       0xc8 .pio/build/stm32_stm32cube/lib76d/libzenoh-pico.a(interest.o)
                0x00000000080051c8                _z_register_interest
 .text._z_interest_process_declares
                0x0000000008005290       0xd4 .pio/build/stm32_stm32cube/lib76d/libzenoh-pico.a(interest.o)
                0x0000000008005290                _z_interest_process_declares
 .text._z_interest_process_undeclares
                0x0000000008005364      0x110 .pio/build/stm32_stm32cube/lib76d/libzenoh-pico.a(interest.o)
                0x0000000008005364                _z_interest_process_undeclares
 .text._z_unregister_interest
                0x0000000008005474       0x20 .pio/build/stm32_stm32cube/lib76d/libzenoh-pico.a(interest.o)
                0x0000000008005474                _z_unregister_interest
 .text._z_interest_init
                0x0000000008005494        0xc .pio/build/stm32_stm32cube/lib76d/libzenoh-pico.a(interest.o)
                0x0000000008005494                _z_interest_init
 .text._z_flush_interest
                0x00000000080054a0       0x24 .pio/build/stm32_stm32cube/lib76d/libzenoh-pico.a(interest.o)
                0x00000000080054a0                _z_flush_interest
 .text._z_interest_process_declare_final
                0x00000000080054c4       0x28 .pio/build/stm32_stm32cube/lib76d/libzenoh-pico.a(interest.o)
                0x00000000080054c4                _z_interest_process_declare_final
 .text._z_interest_process_interest_final
                0x00000000080054ec        0x4 .pio/build/stm32_stm32cube/lib76d/libzenoh-pico.a(interest.o)
                0x00000000080054ec                _z_interest_process_interest_final
 .text._z_interest_process_interest
                0x00000000080054f0       0xdc .pio/build/stm32_stm32cube/lib76d/libzenoh-pico.a(interest.o)
                0x00000000080054f0                _z_interest_process_interest
 .text._z_queryable_cache_invalidate
                0x00000000080055cc        0x2 .pio/build/stm32_stm32cube/lib76d/libzenoh-pico.a(queryable.o)
                0x00000000080055cc                _z_queryable_cache_invalidate
 .text._z_noop_free
                0x00000000080055ce        0x2 .pio/build/stm32_stm32cube/lib76d/libzenoh-pico.a(resource.o)
 .text._z_resource_elem_free
                0x00000000080055d0       0x1a .pio/build/stm32_stm32cube/lib76d/libzenoh-pico.a(resource.o)
 .text._z_keyexpr_alias
                0x00000000080055ea       0x42 .pio/build/stm32_stm32cube/lib76d/libzenoh-pico.a(resource.o)
 .text._z_resource_clear
                0x000000000800562c        0x4 .pio/build/stm32_stm32cube/lib76d/libzenoh-pico.a(resource.o)
                0x000000000800562c                _z_resource_clear
 .text._z_resource_copy
                0x0000000008005630       0x14 .pio/build/stm32_stm32cube/lib76d/libzenoh-pico.a(resource.o)
                0x0000000008005630                _z_resource_copy
 .text._z_resource_free
                0x0000000008005644       0x1a .pio/build/stm32_stm32cube/lib76d/libzenoh-pico.a(resource.o)
                0x0000000008005644                _z_resource_free
 .text._z_get_entity_id
                0x000000000800565e        0xe .pio/build/stm32_stm32cube/lib76d/libzenoh-pico.a(resource.o)
                0x000000000800565e                _z_get_entity_id
 .text.__z_get_resource_by_id
                0x000000000800566c       0x2c .pio/build/stm32_stm32cube/lib76d/libzenoh-pico.a(resource.o)
                0x000000000800566c                __z_get_resource_by_id
 .text.__z_get_resource_by_key
                0x0000000008005698       0x2a .pio/build/stm32_stm32cube/lib76d/libzenoh-pico.a(resource.o)
                0x0000000008005698                __z_get_resource_by_key
 .text.__unsafe_z_get_resource_by_id
                0x00000000080056c2       0x12 .pio/build/stm32_stm32cube/lib76d/libzenoh-pico.a(resource.o)
                0x00000000080056c2                __unsafe_z_get_resource_by_id
 .text.__unsafe_z_get_resource_by_key
                0x00000000080056d4       0x1c .pio/build/stm32_stm32cube/lib76d/libzenoh-pico.a(resource.o)
                0x00000000080056d4                __unsafe_z_get_resource_by_key
 .text.__unsafe_z_get_expanded_key_from_key
                0x00000000080056f0      0x120 .pio/build/stm32_stm32cube/lib76d/libzenoh-pico.a(resource.o)
                0x00000000080056f0                __unsafe_z_get_expanded_key_from_key
 .text._z_get_resource_by_id
                0x0000000008005810        0x4 .pio/build/stm32_stm32cube/lib76d/libzenoh-pico.a(resource.o)
                0x0000000008005810                _z_get_resource_by_id
 .text._z_get_resource_by_key
                0x0000000008005814       0x16 .pio/build/stm32_stm32cube/lib76d/libzenoh-pico.a(resource.o)
                0x0000000008005814                _z_get_resource_by_key
 .text._z_get_expanded_key_from_key
                0x000000000800582a        0xe .pio/build/stm32_stm32cube/lib76d/libzenoh-pico.a(resource.o)
                0x000000000800582a                _z_get_expanded_key_from_key
 .text._z_register_resource
                0x0000000008005838       0xb6 .pio/build/stm32_stm32cube/lib76d/libzenoh-pico.a(resource.o)
                0x0000000008005838                _z_register_resource
 *fill*         0x00000000080058ee        0x2 
 .text._z_unregister_resource
                0x00000000080058f0       0xc4 .pio/build/stm32_stm32cube/lib76d/libzenoh-pico.a(resource.o)
                0x00000000080058f0                _z_unregister_resource
 .text._z_flush_resources
                0x00000000080059b4       0x24 .pio/build/stm32_stm32cube/lib76d/libzenoh-pico.a(resource.o)
                0x00000000080059b4                _z_flush_resources
 .text.__z_scout_loop
                0x00000000080059d8       0x1a .pio/build/stm32_stm32cube/lib76d/libzenoh-pico.a(scout.o)
                0x00000000080059d8                __z_scout_loop
 .text._z_scout_inner
                0x00000000080059f2       0x5a .pio/build/stm32_stm32cube/lib76d/libzenoh-pico.a(scout.o)
                0x00000000080059f2                _z_scout_inner
 .text._z_bytes_steal
                0x0000000008005a4c       0x1a .pio/build/stm32_stm32cube/lib76d/libzenoh-pico.a(subscription.o)
 .text._z_keyexpr_steal
                0x0000000008005a66       0x20 .pio/build/stm32_stm32cube/lib76d/libzenoh-pico.a(subscription.o)
 .text._z_subscription_rc_eq
                0x0000000008005a86        0xc .pio/build/stm32_stm32cube/lib76d/libzenoh-pico.a(subscription.o)
 .text._z_subscription_infos_elem_move
                0x0000000008005a92        0x2 .pio/build/stm32_stm32cube/lib76d/libzenoh-pico.a(subscription.o)
 .text.__z_print_timestamp
                0x0000000008005a94       0x20 .pio/build/stm32_stm32cube/lib76d/libzenoh-pico.a(subscription.o)
 .text._z_subscription_cache_invalidate
                0x0000000008005ab4        0x2 .pio/build/stm32_stm32cube/lib76d/libzenoh-pico.a(subscription.o)
                0x0000000008005ab4                _z_subscription_cache_invalidate
 .text._z_subscription_clear
                0x0000000008005ab6       0x16 .pio/build/stm32_stm32cube/lib76d/libzenoh-pico.a(subscription.o)
                0x0000000008005ab6                _z_subscription_clear
 .text._z_subscription_rc_elem_free
                0x0000000008005acc       0x32 .pio/build/stm32_stm32cube/lib76d/libzenoh-pico.a(subscription.o)
 *fill*         0x0000000008005afe        0x2 
 .text._z_register_subscription
                0x0000000008005b00       0xcc .pio/build/stm32_stm32cube/lib76d/libzenoh-pico.a(subscription.o)
                0x0000000008005b00                _z_register_subscription
 .text._z_trigger_subscriptions_impl
                0x0000000008005bcc      0x27c .pio/build/stm32_stm32cube/lib76d/libzenoh-pico.a(subscription.o)
                0x0000000008005bcc                _z_trigger_subscriptions_impl
 .text._z_trigger_subscriptions_put
                0x0000000008005e48       0x32 .pio/build/stm32_stm32cube/lib76d/libzenoh-pico.a(subscription.o)
                0x0000000008005e48                _z_trigger_subscriptions_put
 .text._z_trigger_subscriptions_del
                0x0000000008005e7a       0x50 .pio/build/stm32_stm32cube/lib76d/libzenoh-pico.a(subscription.o)
                0x0000000008005e7a                _z_trigger_subscriptions_del
 *fill*         0x0000000008005eca        0x2 
 .text._z_unregister_subscription
                0x0000000008005ecc       0x34 .pio/build/stm32_stm32cube/lib76d/libzenoh-pico.a(subscription.o)
                0x0000000008005ecc                _z_unregister_subscription
 .text._z_flush_subscriptions
                0x0000000008005f00       0x24 .pio/build/stm32_stm32cube/lib76d/libzenoh-pico.a(subscription.o)
                0x0000000008005f00                _z_flush_subscriptions
 .text._z_str_intmap_entry_elem_free
                0x0000000008005f24       0x20 .pio/build/stm32_stm32cube/lib76d/libzenoh-pico.a(utils.o)
 .text._z_network_message_elem_free
                0x0000000008005f44       0x1a .pio/build/stm32_stm32cube/lib76d/libzenoh-pico.a(utils.o)
 .text._z_timestamp_duplicate
                0x0000000008005f5e       0x18 .pio/build/stm32_stm32cube/lib76d/libzenoh-pico.a(utils.o)
                0x0000000008005f5e                _z_timestamp_duplicate
 .text._z_timestamp_clear
                0x0000000008005f76        0xe .pio/build/stm32_stm32cube/lib76d/libzenoh-pico.a(utils.o)
                0x0000000008005f76                _z_timestamp_clear
 .text._z_session_generate_zid
                0x0000000008005f84        0xa .pio/build/stm32_stm32cube/lib76d/libzenoh-pico.a(utils.o)
                0x0000000008005f84                _z_session_generate_zid
 .text._z_session_init
                0x0000000008005f8e       0x54 .pio/build/stm32_stm32cube/lib76d/libzenoh-pico.a(utils.o)
                0x0000000008005f8e                _z_session_init
 *fill*         0x0000000008005fe2        0x2 
 .text._z_session_clear
                0x0000000008005fe4       0x4c .pio/build/stm32_stm32cube/lib76d/libzenoh-pico.a(utils.o)
                0x0000000008005fe4                _z_session_clear
 .text._z_session_close
                0x0000000008006030        0xc .pio/build/stm32_stm32cube/lib76d/libzenoh-pico.a(utils.o)
                0x0000000008006030                _z_session_close
 .text._z_send_keep_alive
                0x000000000800603c       0x18 .pio/build/stm32_stm32cube/lib76d/libzenoh-pico.a(lease.o)
                0x000000000800603c                _z_send_keep_alive
 .text._z_read  0x0000000008006054       0x20 .pio/build/stm32_stm32cube/lib76d/libzenoh-pico.a(read.o)
                0x0000000008006054                _z_read
 .text.__z_print_timestamp
                0x0000000008006074       0x20 .pio/build/stm32_stm32cube/lib76d/libzenoh-pico.a(tx.o)
 .text.__unsafe_z_prepare_wbuf
                0x0000000008006094       0x30 .pio/build/stm32_stm32cube/lib76d/libzenoh-pico.a(tx.o)
                0x0000000008006094                __unsafe_z_prepare_wbuf
 .text.__unsafe_z_finalize_wbuf
                0x00000000080060c4       0x2c .pio/build/stm32_stm32cube/lib76d/libzenoh-pico.a(tx.o)
                0x00000000080060c4                __unsafe_z_finalize_wbuf
 .text._z_transport_tx_flush_buffer
                0x00000000080060f0       0x28 .pio/build/stm32_stm32cube/lib76d/libzenoh-pico.a(tx.o)
 .text._z_transport_tx_send_t_msg
                0x0000000008006118       0x58 .pio/build/stm32_stm32cube/lib76d/libzenoh-pico.a(tx.o)
                0x0000000008006118                _z_transport_tx_send_t_msg
 .text._z_link_send_t_msg
                0x0000000008006170       0x90 .pio/build/stm32_stm32cube/lib76d/libzenoh-pico.a(tx.o)
                0x0000000008006170                _z_link_send_t_msg
 .text.__unsafe_z_serialize_zenoh_fragment
                0x0000000008006200       0x7c .pio/build/stm32_stm32cube/lib76d/libzenoh-pico.a(tx.o)
                0x0000000008006200                __unsafe_z_serialize_zenoh_fragment
 .text._z_transport_tx_send_n_msg_inner
                0x000000000800627c      0x140 .pio/build/stm32_stm32cube/lib76d/libzenoh-pico.a(tx.o)
 .text._z_send_n_msg
                0x00000000080063bc       0x5c .pio/build/stm32_stm32cube/lib76d/libzenoh-pico.a(tx.o)
                0x00000000080063bc                _z_send_n_msg
 .text._z_new_transport
                0x0000000008006418       0xc2 .pio/build/stm32_stm32cube/lib76d/libzenoh-pico.a(manager.o)
                0x0000000008006418                _z_new_transport
 .text._zp_multicast_send_keep_alive
                0x00000000080064da       0x1a .pio/build/stm32_stm32cube/lib76d/libzenoh-pico.a(lease.o)
                0x00000000080064da                _zp_multicast_send_keep_alive
 .text._zp_multicast_read
                0x00000000080064f4       0x78 .pio/build/stm32_stm32cube/lib76d/libzenoh-pico.a(read.o)
                0x00000000080064f4                _zp_multicast_read
 .text.__z_print_timestamp
                0x000000000800656c       0x20 .pio/build/stm32_stm32cube/lib76d/libzenoh-pico.a(rx.o)
 .text._z_transport_peer_entry_elem_free
                0x000000000800658c       0x1a .pio/build/stm32_stm32cube/lib76d/libzenoh-pico.a(rx.o)
 *fill*         0x00000000080065a6        0x2 
 .text._z_multicast_handle_fragment_inner
                0x00000000080065a8      0x2cc .pio/build/stm32_stm32cube/lib76d/libzenoh-pico.a(rx.o)
 .text._z_multicast_recv_t_msg
                0x0000000008006874       0xf8 .pio/build/stm32_stm32cube/lib76d/libzenoh-pico.a(rx.o)
                0x0000000008006874                _z_multicast_recv_t_msg
 .text._z_multicast_handle_transport_message
                0x000000000800696c      0x378 .pio/build/stm32_stm32cube/lib76d/libzenoh-pico.a(rx.o)
                0x000000000800696c                _z_multicast_handle_transport_message
 .text._z_multicast_update_rx_buffer
                0x0000000008006ce4       0x5a .pio/build/stm32_stm32cube/lib76d/libzenoh-pico.a(rx.o)
                0x0000000008006ce4                _z_multicast_update_rx_buffer
 *fill*         0x0000000008006d3e        0x2 
 .text.__z_print_timestamp
                0x0000000008006d40       0x20 .pio/build/stm32_stm32cube/lib76d/libzenoh-pico.a(transport.o)
 .text._z_transport_peer_entry_elem_free
                0x0000000008006d60       0x1a .pio/build/stm32_stm32cube/lib76d/libzenoh-pico.a(transport.o)
 *fill*         0x0000000008006d7a        0x2 
 .text._z_multicast_transport_create
                0x0000000008006d7c      0x158 .pio/build/stm32_stm32cube/lib76d/libzenoh-pico.a(transport.o)
                0x0000000008006d7c                _z_multicast_transport_create
 .text._z_multicast_open_peer
                0x0000000008006ed4       0xe0 .pio/build/stm32_stm32cube/lib76d/libzenoh-pico.a(transport.o)
                0x0000000008006ed4                _z_multicast_open_peer
 .text._z_multicast_open_client
                0x0000000008006fb4        0x6 .pio/build/stm32_stm32cube/lib76d/libzenoh-pico.a(transport.o)
                0x0000000008006fb4                _z_multicast_open_client
 .text._z_multicast_send_close
                0x0000000008006fba       0x24 .pio/build/stm32_stm32cube/lib76d/libzenoh-pico.a(transport.o)
                0x0000000008006fba                _z_multicast_send_close
 *fill*         0x0000000008006fde        0x2 
 .text._z_multicast_transport_clear
                0x0000000008006fe0       0x1c .pio/build/stm32_stm32cube/lib76d/libzenoh-pico.a(transport.o)
                0x0000000008006fe0                _z_multicast_transport_clear
 .text._z_transport_peer_entry_clear
                0x0000000008006ffc       0x28 .pio/build/stm32_stm32cube/lib76d/libzenoh-pico.a(peer_entry.o)
                0x0000000008006ffc                _z_transport_peer_entry_clear
 .text._z_transport_peer_entry_eq
                0x0000000008007024       0x10 .pio/build/stm32_stm32cube/lib76d/libzenoh-pico.a(peer_entry.o)
                0x0000000008007024                _z_transport_peer_entry_eq
 .text._zp_raweth_read
                0x0000000008007034        0x6 .pio/build/stm32_stm32cube/lib76d/libzenoh-pico.a(read.o)
                0x0000000008007034                _zp_raweth_read
 .text._z_raweth_link_send_t_msg
                0x000000000800703a        0x6 .pio/build/stm32_stm32cube/lib76d/libzenoh-pico.a(tx.o)
                0x000000000800703a                _z_raweth_link_send_t_msg
 .text._z_raweth_send_t_msg
                0x0000000008007040        0x6 .pio/build/stm32_stm32cube/lib76d/libzenoh-pico.a(tx.o)
                0x0000000008007040                _z_raweth_send_t_msg
 .text._z_raweth_send_n_msg
                0x0000000008007046        0x6 .pio/build/stm32_stm32cube/lib76d/libzenoh-pico.a(tx.o)
                0x0000000008007046                _z_raweth_send_n_msg
 .text._z_transport_get_common
                0x000000000800704c       0x4c .pio/build/stm32_stm32cube/lib76d/libzenoh-pico.a(transport.o)
                0x000000000800704c                _z_transport_get_common
 .text._z_send_close
                0x0000000008007098       0x18 .pio/build/stm32_stm32cube/lib76d/libzenoh-pico.a(transport.o)
                0x0000000008007098                _z_send_close
 .text._z_transport_close
                0x00000000080070b0        0x6 .pio/build/stm32_stm32cube/lib76d/libzenoh-pico.a(transport.o)
                0x00000000080070b0                _z_transport_close
 .text._z_transport_clear
                0x00000000080070b6       0x22 .pio/build/stm32_stm32cube/lib76d/libzenoh-pico.a(transport.o)
                0x00000000080070b6                _z_transport_clear
 .text._z_transport_peer_entry_list_insert
                0x00000000080070d8       0x9c .pio/build/stm32_stm32cube/lib76d/libzenoh-pico.a(transport.o)
                0x00000000080070d8                _z_transport_peer_entry_list_insert
 .text._zp_unicast_send_keep_alive
                0x0000000008007174       0x18 .pio/build/stm32_stm32cube/lib76d/libzenoh-pico.a(lease.o)
                0x0000000008007174                _zp_unicast_send_keep_alive
 .text._zp_unicast_read
                0x000000000800718c       0x64 .pio/build/stm32_stm32cube/lib76d/libzenoh-pico.a(read.o)
                0x000000000800718c                _zp_unicast_read
 .text.__z_print_timestamp
                0x00000000080071f0       0x20 .pio/build/stm32_stm32cube/lib76d/libzenoh-pico.a(rx.o)
 .text._z_unicast_handle_fragment_inner
                0x0000000008007210      0x2a8 .pio/build/stm32_stm32cube/lib76d/libzenoh-pico.a(rx.o)
 .text._z_unicast_recv_t_msg_na
                0x00000000080074b8       0xf0 .pio/build/stm32_stm32cube/lib76d/libzenoh-pico.a(rx.o)
                0x00000000080074b8                _z_unicast_recv_t_msg_na
 .text._z_unicast_recv_t_msg
                0x00000000080075a8        0x4 .pio/build/stm32_stm32cube/lib76d/libzenoh-pico.a(rx.o)
                0x00000000080075a8                _z_unicast_recv_t_msg
 .text._z_unicast_handle_transport_message
                0x00000000080075ac      0x1c8 .pio/build/stm32_stm32cube/lib76d/libzenoh-pico.a(rx.o)
                0x00000000080075ac                _z_unicast_handle_transport_message
 .text._z_unicast_update_rx_buffer
                0x0000000008007774       0x5e .pio/build/stm32_stm32cube/lib76d/libzenoh-pico.a(rx.o)
                0x0000000008007774                _z_unicast_update_rx_buffer
 *fill*         0x00000000080077d2        0x2 
 .text.__z_print_timestamp
                0x00000000080077d4       0x20 .pio/build/stm32_stm32cube/lib76d/libzenoh-pico.a(transport.o)
 .text._z_unicast_handshake_client
                0x00000000080077f4      0x214 .pio/build/stm32_stm32cube/lib76d/libzenoh-pico.a(transport.o)
 .text._z_unicast_transport_create
                0x0000000008007a08      0x16c .pio/build/stm32_stm32cube/lib76d/libzenoh-pico.a(transport.o)
                0x0000000008007a08                _z_unicast_transport_create
 .text._z_unicast_open_client
                0x0000000008007b74        0x6 .pio/build/stm32_stm32cube/lib76d/libzenoh-pico.a(transport.o)
                0x0000000008007b74                _z_unicast_open_client
 .text._z_unicast_open_peer
                0x0000000008007b7a        0xe .pio/build/stm32_stm32cube/lib76d/libzenoh-pico.a(transport.o)
                0x0000000008007b7a                _z_unicast_open_peer
 .text._z_unicast_send_close
                0x0000000008007b88       0x22 .pio/build/stm32_stm32cube/lib76d/libzenoh-pico.a(transport.o)
                0x0000000008007b88                _z_unicast_send_close
 .text._z_unicast_transport_clear
                0x0000000008007baa       0x26 .pio/build/stm32_stm32cube/lib76d/libzenoh-pico.a(transport.o)
                0x0000000008007baa                _z_unicast_transport_clear
 .text._z_sn_max
                0x0000000008007bd0       0x14 .pio/build/stm32_stm32cube/lib76d/libzenoh-pico.a(utils.o)
                0x0000000008007bd0                _z_sn_max
 .text._z_sn_modulo_mask
                0x0000000008007be4       0x14 .pio/build/stm32_stm32cube/lib76d/libzenoh-pico.a(utils.o)
                0x0000000008007be4                _z_sn_modulo_mask
 .text._z_sn_precedes
                0x0000000008007bf8       0x16 .pio/build/stm32_stm32cube/lib76d/libzenoh-pico.a(utils.o)
                0x0000000008007bf8                _z_sn_precedes
 .text._z_sn_consecutive
                0x0000000008007c0e        0xc .pio/build/stm32_stm32cube/lib76d/libzenoh-pico.a(utils.o)
                0x0000000008007c0e                _z_sn_consecutive
 .text._z_sn_increment
                0x0000000008007c1a        0x6 .pio/build/stm32_stm32cube/lib76d/libzenoh-pico.a(utils.o)
                0x0000000008007c1a                _z_sn_increment
 .text._z_sn_decrement
                0x0000000008007c20        0x6 .pio/build/stm32_stm32cube/lib76d/libzenoh-pico.a(utils.o)
                0x0000000008007c20                _z_sn_decrement
 .text._z_conduit_sn_list_copy
                0x0000000008007c26       0x2c .pio/build/stm32_stm32cube/lib76d/libzenoh-pico.a(utils.o)
                0x0000000008007c26                _z_conduit_sn_list_copy
 .text._z_conduit_sn_list_decrement
                0x0000000008007c52       0x2c .pio/build/stm32_stm32cube/lib76d/libzenoh-pico.a(utils.o)
                0x0000000008007c52                _z_conduit_sn_list_decrement
 .text._z_ptr_u8_diff
                0x0000000008007c7e        0x4 .pio/build/stm32_stm32cube/lib76d/libzenoh-pico.a(pointers.o)
                0x0000000008007c7e                _z_ptr_u8_diff
 .text._z_cptr_u8_offset
                0x0000000008007c82        0x4 .pio/build/stm32_stm32cube/lib76d/libzenoh-pico.a(pointers.o)
                0x0000000008007c82                _z_cptr_u8_offset
 .text._z_ptr_u8_offset
                0x0000000008007c86        0x4 .pio/build/stm32_stm32cube/lib76d/libzenoh-pico.a(pointers.o)
                0x0000000008007c86                _z_ptr_u8_offset
 .text._z_ptr_char_diff
                0x0000000008007c8a        0x4 .pio/build/stm32_stm32cube/lib76d/libzenoh-pico.a(pointers.o)
                0x0000000008007c8a                _z_ptr_char_diff
 .text._z_cptr_char_offset
                0x0000000008007c8e        0x4 .pio/build/stm32_stm32cube/lib76d/libzenoh-pico.a(pointers.o)
                0x0000000008007c8e                _z_cptr_char_offset
 .text._z_ptr_char_offset
                0x0000000008007c92        0x4 .pio/build/stm32_stm32cube/lib76d/libzenoh-pico.a(pointers.o)
                0x0000000008007c92                _z_ptr_char_offset
 .text._z_rstrstr
                0x0000000008007c96       0x82 .pio/build/stm32_stm32cube/lib76d/libzenoh-pico.a(string.o)
                0x0000000008007c96                _z_rstrstr
 .text._z_bstrstr
                0x0000000008007d18       0x7e .pio/build/stm32_stm32cube/lib76d/libzenoh-pico.a(string.o)
                0x0000000008007d18                _z_bstrstr
 .text._z_strstr
                0x0000000008007d96       0x2c .pio/build/stm32_stm32cube/lib76d/libzenoh-pico.a(string.o)
                0x0000000008007d96                _z_strstr
 .text._z_bstrstr_skipneedle
                0x0000000008007dc2       0x38 .pio/build/stm32_stm32cube/lib76d/libzenoh-pico.a(string.o)
                0x0000000008007dc2                _z_bstrstr_skipneedle
 .text._z_splitstr_is_empty
                0x0000000008007dfa        0xa .pio/build/stm32_stm32cube/lib76d/libzenoh-pico.a(string.o)
                0x0000000008007dfa                _z_splitstr_is_empty
 .text._z_splitstr_next
                0x0000000008007e04       0x44 .pio/build/stm32_stm32cube/lib76d/libzenoh-pico.a(string.o)
                0x0000000008007e04                _z_splitstr_next
 .text._z_splitstr_split_once
                0x0000000008007e48       0x2e .pio/build/stm32_stm32cube/lib76d/libzenoh-pico.a(string.o)
                0x0000000008007e48                _z_splitstr_split_once
 .text._z_splitstr_nextback
                0x0000000008007e76       0x44 .pio/build/stm32_stm32cube/lib76d/libzenoh-pico.a(string.o)
                0x0000000008007e76                _z_splitstr_nextback
 .text._z_uuid_to_bytes
                0x0000000008007eba       0x64 .pio/build/stm32_stm32cube/lib76d/libzenoh-pico.a(uuid.o)
                0x0000000008007eba                _z_uuid_to_bytes
 .text._z_str_intmap_entry_elem_free
                0x0000000008007f1e       0x20 .pio/build/stm32_stm32cube/lib76d/libzenoh-pico.a(endpoint.o)
 *fill*         0x0000000008007f3e        0x2 
 .text.__z_print_timestamp
                0x0000000008007f40       0x20 .pio/build/stm32_stm32cube/lib76d/libzenoh-pico.a(endpoint.o)
 .text._z_locator_init
                0x0000000008007f60       0x32 .pio/build/stm32_stm32cube/lib76d/libzenoh-pico.a(endpoint.o)
                0x0000000008007f60                _z_locator_init
 *fill*         0x0000000008007f92        0x2 
 .text._z_locator_clear
                0x0000000008007f94       0x24 .pio/build/stm32_stm32cube/lib76d/libzenoh-pico.a(endpoint.o)
                0x0000000008007f94                _z_locator_clear
 .text._z_locator_metadata_from_string
                0x0000000008007fb8       0xb6 .pio/build/stm32_stm32cube/lib76d/libzenoh-pico.a(endpoint.o)
                0x0000000008007fb8                _z_locator_metadata_from_string
 .text._z_locator_metadata_strlen
                0x000000000800806e        0x8 .pio/build/stm32_stm32cube/lib76d/libzenoh-pico.a(endpoint.o)
                0x000000000800806e                _z_locator_metadata_strlen
 .text._z_locator_metadata_onto_str
                0x0000000008008076       0x10 .pio/build/stm32_stm32cube/lib76d/libzenoh-pico.a(endpoint.o)
                0x0000000008008076                _z_locator_metadata_onto_str
 .text._z_locator_from_string
                0x0000000008008086      0x11c .pio/build/stm32_stm32cube/lib76d/libzenoh-pico.a(endpoint.o)
                0x0000000008008086                _z_locator_from_string
 .text._z_locator_strlen
                0x00000000080081a2       0x2a .pio/build/stm32_stm32cube/lib76d/libzenoh-pico.a(endpoint.o)
                0x00000000080081a2                _z_locator_strlen
 .text._z_locator_to_string
                0x00000000080081cc      0x114 .pio/build/stm32_stm32cube/lib76d/libzenoh-pico.a(endpoint.o)
                0x00000000080081cc                _z_locator_to_string
 .text._z_endpoint_init
                0x00000000080082e0       0x22 .pio/build/stm32_stm32cube/lib76d/libzenoh-pico.a(endpoint.o)
                0x00000000080082e0                _z_endpoint_init
 *fill*         0x0000000008008302        0x2 
 .text._z_endpoint_clear
                0x0000000008008304       0x1c .pio/build/stm32_stm32cube/lib76d/libzenoh-pico.a(endpoint.o)
                0x0000000008008304                _z_endpoint_clear
 .text._z_endpoint_config_from_string
                0x0000000008008320       0xb0 .pio/build/stm32_stm32cube/lib76d/libzenoh-pico.a(endpoint.o)
                0x0000000008008320                _z_endpoint_config_from_string
 .text._z_endpoint_from_string
                0x00000000080083d0       0x36 .pio/build/stm32_stm32cube/lib76d/libzenoh-pico.a(endpoint.o)
                0x00000000080083d0                _z_endpoint_from_string
 .text._z_link_clear
                0x0000000008008406       0x1c .pio/build/stm32_stm32cube/lib76d/libzenoh-pico.a(link.o)
                0x0000000008008406                _z_link_clear
 .text._z_open_link
                0x0000000008008422       0x7a .pio/build/stm32_stm32cube/lib76d/libzenoh-pico.a(link.o)
                0x0000000008008422                _z_open_link
 .text._z_listen_link
                0x000000000800849c       0x7a .pio/build/stm32_stm32cube/lib76d/libzenoh-pico.a(link.o)
                0x000000000800849c                _z_listen_link
 .text._z_link_recv_zbuf
                0x0000000008008516       0x3e .pio/build/stm32_stm32cube/lib76d/libzenoh-pico.a(link.o)
                0x0000000008008516                _z_link_recv_zbuf
 .text._z_link_recv_exact_zbuf
                0x0000000008008554       0x38 .pio/build/stm32_stm32cube/lib76d/libzenoh-pico.a(link.o)
                0x0000000008008554                _z_link_recv_exact_zbuf
 .text._z_link_send_wbuf
                0x000000000800858c       0x6c .pio/build/stm32_stm32cube/lib76d/libzenoh-pico.a(link.o)
                0x000000000800858c                _z_link_send_wbuf
 .text._z_f_link_free_serial
                0x00000000080085f8        0x2 .pio/build/stm32_stm32cube/lib76d/libzenoh-pico.a(serial.o)
                0x00000000080085f8                _z_f_link_free_serial
 .text.__z_convert_address_serial
                0x00000000080085fa       0x2e .pio/build/stm32_stm32cube/lib76d/libzenoh-pico.a(serial.o)
 .text._z_f_link_open_serial
                0x0000000008008628       0x70 .pio/build/stm32_stm32cube/lib76d/libzenoh-pico.a(serial.o)
                0x0000000008008628                _z_f_link_open_serial
 .text._z_f_link_listen_serial
                0x0000000008008698       0x70 .pio/build/stm32_stm32cube/lib76d/libzenoh-pico.a(serial.o)
                0x0000000008008698                _z_f_link_listen_serial
 .text._z_f_link_close_serial
                0x0000000008008708        0x6 .pio/build/stm32_stm32cube/lib76d/libzenoh-pico.a(serial.o)
                0x0000000008008708                _z_f_link_close_serial
 .text._z_f_link_write_serial
                0x000000000800870e        0x6 .pio/build/stm32_stm32cube/lib76d/libzenoh-pico.a(serial.o)
                0x000000000800870e                _z_f_link_write_serial
 .text._z_f_link_read_serial
                0x0000000008008714        0x6 .pio/build/stm32_stm32cube/lib76d/libzenoh-pico.a(serial.o)
                0x0000000008008714                _z_f_link_read_serial
 .text._z_f_link_read_exact_serial
                0x000000000800871a        0x6 .pio/build/stm32_stm32cube/lib76d/libzenoh-pico.a(serial.o)
                0x000000000800871a                _z_f_link_read_exact_serial
 .text._z_f_link_write_all_serial
                0x0000000008008720        0x6 .pio/build/stm32_stm32cube/lib76d/libzenoh-pico.a(serial.o)
                0x0000000008008720                _z_f_link_write_all_serial
 *fill*         0x0000000008008726        0x2 
 .text._z_endpoint_serial_valid
                0x0000000008008728       0x5c .pio/build/stm32_stm32cube/lib76d/libzenoh-pico.a(serial.o)
                0x0000000008008728                _z_endpoint_serial_valid
 .text._z_new_link_serial
                0x0000000008008784       0x80 .pio/build/stm32_stm32cube/lib76d/libzenoh-pico.a(serial.o)
                0x0000000008008784                _z_new_link_serial
 .text._z_endpoint_tcp_valid
                0x0000000008008804        0x6 .pio/build/stm32_stm32cube/lib76d/libzenoh-pico.a(tcp.o)
                0x0000000008008804                _z_endpoint_tcp_valid
 .text._z_new_link_tcp
                0x000000000800880a        0x6 .pio/build/stm32_stm32cube/lib76d/libzenoh-pico.a(tcp.o)
                0x000000000800880a                _z_new_link_tcp
 .text.__z_print_timestamp
                0x0000000008008810       0x20 .pio/build/stm32_stm32cube/lib76d/libzenoh-pico.a(message.o)
 .text._z_reply_decode_extension
                0x0000000008008830        0x6 .pio/build/stm32_stm32cube/lib76d/libzenoh-pico.a(message.o)
                0x0000000008008830                _z_reply_decode_extension
 *fill*         0x0000000008008836        0x2 
 .text._z_id_encode_as_slice
                0x0000000008008838       0x5c .pio/build/stm32_stm32cube/lib76d/libzenoh-pico.a(message.o)
                0x0000000008008838                _z_id_encode_as_slice
 .text._z_id_decode_as_slice
                0x0000000008008894       0x2a .pio/build/stm32_stm32cube/lib76d/libzenoh-pico.a(message.o)
                0x0000000008008894                _z_id_decode_as_slice
 *fill*         0x00000000080088be        0x2 
 .text._z_timestamp_encode