Archive member included to satisfy reference by file (symbol)

/Users/mg61dd/.platformio/packages/toolchain-gccarmnoneeabi@1.70201.0/bin/../lib/gcc/arm-none-eabi/7.2.1/../../../../arm-none-eabi/lib/thumb/v7e-m/libc.a(lib_a-exit.o)
                              /Users/mg61dd/.platformio/packages/toolchain-gccarmnoneeabi@1.70201.0/bin/../lib/gcc/arm-none-eabi/7.2.1/../../../../arm-none-eabi/lib/thumb/v7e-m/crt0.o (exit)
/Users/mg61dd/.platformio/packages/toolchain-gccarmnoneeabi@1.70201.0/bin/../lib/gcc/arm-none-eabi/7.2.1/../../../../arm-none-eabi/lib/thumb/v7e-m/libc.a(lib_a-impure.o)
                              /Users/mg61dd/.platformio/packages/toolchain-gccarmnoneeabi@1.70201.0/bin/../lib/gcc/arm-none-eabi/7.2.1/../../../../arm-none-eabi/lib/thumb/v7e-m/libc.a(lib_a-exit.o) (_global_impure_ptr)
/Users/mg61dd/.platformio/packages/toolchain-gccarmnoneeabi@1.70201.0/bin/../lib/gcc/arm-none-eabi/7.2.1/../../../../arm-none-eabi/lib/thumb/v7e-m/libc.a(lib_a-init.o)
                              /Users/mg61dd/.platformio/packages/toolchain-gccarmnoneeabi@1.70201.0/bin/../lib/gcc/arm-none-eabi/7.2.1/../../../../arm-none-eabi/lib/thumb/v7e-m/crt0.o (__libc_init_array)
/Users/mg61dd/.platformio/packages/toolchain-gccarmnoneeabi@1.70201.0/bin/../lib/gcc/arm-none-eabi/7.2.1/../../../../arm-none-eabi/lib/thumb/v7e-m/libc.a(lib_a-memset.o)
                              /Users/mg61dd/.platformio/packages/toolchain-gccarmnoneeabi@1.70201.0/bin/../lib/gcc/arm-none-eabi/7.2.1/../../../../arm-none-eabi/lib/thumb/v7e-m/crt0.o (memset)
/Users/mg61dd/.platformio/packages/toolchain-gccarmnoneeabi@1.70201.0/bin/../lib/gcc/arm-none-eabi/7.2.1/../../../../arm-none-eabi/lib/thumb/v7e-m/libc.a(lib_a-__call_atexit.o)
                              /Users/mg61dd/.platformio/packages/toolchain-gccarmnoneeabi@1.70201.0/bin/../lib/gcc/arm-none-eabi/7.2.1/../../../../arm-none-eabi/lib/thumb/v7e-m/libc.a(lib_a-exit.o) (__call_exitprocs)
/Users/mg61dd/.platformio/packages/toolchain-gccarmnoneeabi@1.70201.0/bin/../lib/gcc/arm-none-eabi/7.2.1/../../../../arm-none-eabi/lib/thumb/v7e-m/libc.a(lib_a-atexit.o)
                              /Users/mg61dd/.platformio/packages/toolchain-gccarmnoneeabi@1.70201.0/bin/../lib/gcc/arm-none-eabi/7.2.1/../../../../arm-none-eabi/lib/thumb/v7e-m/libc.a(lib_a-__call_atexit.o) (atexit)
/Users/mg61dd/.platformio/packages/toolchain-gccarmnoneeabi@1.70201.0/bin/../lib/gcc/arm-none-eabi/7.2.1/../../../../arm-none-eabi/lib/thumb/v7e-m/libc.a(lib_a-fini.o)
                              /Users/mg61dd/.platformio/packages/toolchain-gccarmnoneeabi@1.70201.0/bin/../lib/gcc/arm-none-eabi/7.2.1/../../../../arm-none-eabi/lib/thumb/v7e-m/libc.a(lib_a-__call_atexit.o) (__libc_fini_array)
/Users/mg61dd/.platformio/packages/toolchain-gccarmnoneeabi@1.70201.0/bin/../lib/gcc/arm-none-eabi/7.2.1/../../../../arm-none-eabi/lib/thumb/v7e-m/libc.a(lib_a-lock.o)
                              /Users/mg61dd/.platformio/packages/toolchain-gccarmnoneeabi@1.70201.0/bin/../lib/gcc/arm-none-eabi/7.2.1/../../../../arm-none-eabi/lib/thumb/v7e-m/libc.a(lib_a-__call_atexit.o) (__retarget_lock_acquire_recursive)
/Users/mg61dd/.platformio/packages/toolchain-gccarmnoneeabi@1.70201.0/bin/../lib/gcc/arm-none-eabi/7.2.1/../../../../arm-none-eabi/lib/thumb/v7e-m/libc.a(lib_a-__atexit.o)
                              /Users/mg61dd/.platformio/packages/toolchain-gccarmnoneeabi@1.70201.0/bin/../lib/gcc/arm-none-eabi/7.2.1/../../../../arm-none-eabi/lib/thumb/v7e-m/libc.a(lib_a-atexit.o) (__register_exitproc)
.pio/build/stm32_stm32cube/lib0ab/libzenoh-pico.a(api.o)
                              .pio/build/stm32_stm32cube/src/main.o (z_view_keyexpr_from_str)
.pio/build/stm32_stm32cube/lib0ab/libzenoh-pico.a(bytes.o)
                              .pio/build/stm32_stm32cube/lib0ab/libzenoh-pico.a(api.o) (_z_bytes_copy)
.pio/build/stm32_stm32cube/lib0ab/libzenoh-pico.a(intmap.o)
                              .pio/build/stm32_stm32cube/lib0ab/libzenoh-pico.a(api.o) (_z_int_void_map_make)
.pio/build/stm32_stm32cube/lib0ab/libzenoh-pico.a(list.o)
                              .pio/build/stm32_stm32cube/lib0ab/libzenoh-pico.a(intmap.o) (_z_list_push)
.pio/build/stm32_stm32cube/lib0ab/libzenoh-pico.a(refcount.o)
                              .pio/build/stm32_stm32cube/lib0ab/libzenoh-pico.a(api.o) (_z_rc_init)
.pio/build/stm32_stm32cube/lib0ab/libzenoh-pico.a(slice.o)
                              .pio/build/stm32_stm32cube/lib0ab/libzenoh-pico.a(api.o) (_z_delete_context_static)
.pio/build/stm32_stm32cube/lib0ab/libzenoh-pico.a(string.o)
                              .pio/build/stm32_stm32cube/lib0ab/libzenoh-pico.a(api.o) (_z_string_copy_from_str)
.pio/build/stm32_stm32cube/lib0ab/libzenoh-pico.a(vec.o)
                              .pio/build/stm32_stm32cube/lib0ab/libzenoh-pico.a(api.o) (_z_svec_make)
.pio/build/stm32_stm32cube/lib0ab/libzenoh-pico.a(config.o)
[...]
Memory Configuration

Name             Origin             Length             Attributes
FLASH            0x0000000008000000 0x0000000000080000 xr
RAM              0x0000000020000000 0x0000000000018000 xrw
*default*        0x0000000000000000 0xffffffffffffffff

Linker script and memory map

LOAD /Users/mg61dd/.platformio/packages/toolchain-gccarmnoneeabi@1.70201.0/bin/../lib/gcc/arm-none-eabi/7.2.1/thumb/v7e-m/crti.o
LOAD /Users/mg61dd/.platformio/packages/toolchain-gccarmnoneeabi@1.70201.0/bin/../lib/gcc/arm-none-eabi/7.2.1/thumb/v7e-m/crtbegin.o
LOAD /Users/mg61dd/.platformio/packages/toolchain-gccarmnoneeabi@1.70201.0/bin/../lib/gcc/arm-none-eabi/7.2.1/../../../../arm-none-eabi/lib/thumb/v7e-m/crt0.o
                0x0000000020017fff                _estack = 0x20017fff
                0x0000000000010000                _Min_Heap_Size = 0x10000
                0x0000000000001400                _Min_Stack_Size = 0x1400

.isr_vector     0x0000000008000000      0x194
                0x0000000008000000                . = ALIGN (0x4)
 *(.isr_vector)
 .isr_vector    0x0000000008000000      0x194 .pio/build/stm32_stm32cube/libFrameworkCMSISDevice.a(startup_stm32f401xe.o)
                0x0000000008000000                g_pfnVectors
                0x0000000008000194                . = ALIGN (0x4)

.text           0x00000000080001a0     0xfddc
                0x00000000080001a0                . = ALIGN (0x4)
 *(.text)
 .text          0x00000000080001a0       0x40 /Users/mg61dd/.platformio/packages/toolchain-gccarmnoneeabi@1.70201.0/bin/../lib/gcc/arm-none-eabi/7.2.1/thumb/v7e-m/crtbegin.o
 .text          0x00000000080001e0       0x30 /Users/mg61dd/.platformio/packages/toolchain-gccarmnoneeabi@1.70201.0/bin/../lib/gcc/arm-none-eabi/7.2.1/thumb/v7e-m/libgcc.a(_aeabi_uldivmod.o)
                0x00000000080001e0                __aeabi_uldivmod
 .text          0x0000000008000210      0x2cc /Users/mg61dd/.platformio/packages/toolchain-gccarmnoneeabi@1.70201.0/bin/../lib/gcc/arm-none-eabi/7.2.1/thumb/v7e-m/libgcc.a(_udivmoddi4.o)
                0x0000000008000210                __udivmoddi4
 .text          0x00000000080004dc        0x4 /Users/mg61dd/.platformio/packages/toolchain-gccarmnoneeabi@1.70201.0/bin/../lib/gcc/arm-none-eabi/7.2.1/thumb/v7e-m/libgcc.a(_dvmd_tls.o)
                0x00000000080004dc                __aeabi_ldiv0
                0x00000000080004dc                __aeabi_idiv0
 .text          0x00000000080004e0       0xa0 /Users/mg61dd/.platformio/packages/toolchain-gccarmnoneeabi@1.70201.0/bin/../lib/gcc/arm-none-eabi/7.2.1/../../../../arm-none-eabi/lib/thumb/v7e-m/libc_nano.a(lib_a-memchr.o)
                0x00000000080004e0                memchr
 .text          0x0000000008000580       0x14 /Users/mg61dd/.platformio/packages/toolchain-gccarmnoneeabi@1.70201.0/bin/../lib/gcc/arm-none-eabi/7.2.1/../../../../arm-none-eabi/lib/thumb/v7e-m/libc_nano.a(lib_a-strcmp.o)
                0x0000000008000580                strcmp
 .text          0x0000000008000594       0x10 /Users/mg61dd/.platformio/packages/toolchain-gccarmnoneeabi@1.70201.0/bin/../lib/gcc/arm-none-eabi/7.2.1/../../../../arm-none-eabi/lib/thumb/v7e-m/libc_nano.a(lib_a-strlen.o)
                0x0000000008000594                strlen
 *(.text*)
 .text.__libc_init_array
                0x00000000080005a4       0x48 /Users/mg61dd/.platformio/packages/toolchain-gccarmnoneeabi@1.70201.0/bin/../lib/gcc/arm-none-eabi/7.2.1/../../../../arm-none-eabi/lib/thumb/v7e-m/libc.a(lib_a-init.o)
                0x00000000080005a4                __libc_init_array
 .text.memset   0x00000000080005ec       0x94 /Users/mg61dd/.platformio/packages/toolchain-gccarmnoneeabi@1.70201.0/bin/../lib/gcc/arm-none-eabi/7.2.1/../../../../arm-none-eabi/lib/thumb/v7e-m/libc.a(lib_a-memset.o)
                0x00000000080005ec                memset
 .text.startup.register_fini
                0x0000000008000680       0x14 /Users/mg61dd/.platformio/packages/toolchain-gccarmnoneeabi@1.70201.0/bin/../lib/gcc/arm-none-eabi/7.2.1/../../../../arm-none-eabi/lib/thumb/v7e-m/libc.a(lib_a-__call_atexit.o)
 .text.atexit   0x0000000008000694        0xc /Users/mg61dd/.platformio/packages/toolchain-gccarmnoneeabi@1.70201.0/bin/../lib/gcc/arm-none-eabi/7.2.1/../../../../arm-none-eabi/lib/thumb/v7e-m/libc.a(lib_a-atexit.o)
                0x0000000008000694                atexit
 .text.__libc_fini_array
                0x00000000080006a0       0x34 /Users/mg61dd/.platformio/packages/toolchain-gccarmnoneeabi@1.70201.0/bin/../lib/gcc/arm-none-eabi/7.2.1/../../../../arm-none-eabi/lib/thumb/v7e-m/libc.a(lib_a-fini.o)
                0x00000000080006a0                __libc_fini_array
 .text.__retarget_lock_acquire_recursive
                0x00000000080006d4        0x4 /Users/mg61dd/.platformio/packages/toolchain-gccarmnoneeabi@1.70201.0/bin/../lib/gcc/arm-none-eabi/7.2.1/../../../../arm-none-eabi/lib/thumb/v7e-m/libc.a(lib_a-lock.o)
                0x00000000080006d4                __retarget_lock_acquire_recursive
 .text.__retarget_lock_release_recursive
                0x00000000080006d8        0x4 /Users/mg61dd/.platformio/packages/toolchain-gccarmnoneeabi@1.70201.0/bin/../lib/gcc/arm-none-eabi/7.2.1/../../../../arm-none-eabi/lib/thumb/v7e-m/libc.a(lib_a-lock.o)
                0x00000000080006d8                __retarget_lock_release_recursive
 .text.__register_exitproc
                0x00000000080006dc       0xc0 /Users/mg61dd/.platformio/packages/toolchain-gccarmnoneeabi@1.70201.0/bin/../lib/gcc/arm-none-eabi/7.2.1/../../../../arm-none-eabi/lib/thumb/v7e-m/libc.a(lib_a-__atexit.o)
                0x00000000080006dc                __register_exitproc
 .text.HAL_MspInit
                0x000000000800079c        0x2 .pio/build/stm32_stm32cube/FrameworkHALDriver/Src/stm32f4xx_hal.o
                0x000000000800079c                HAL_MspInit
 *fill*         0x000000000800079e        0x2 
 .text.HAL_InitTick
                0x00000000080007a0       0x48 .pio/build/stm32_stm32cube/FrameworkHALDriver/Src/stm32f4xx_hal.o
                0x00000000080007a0                HAL_InitTick
 .text.HAL_Init
                0x00000000080007e8       0x34 .pio/build/stm32_stm32cube/FrameworkHALDriver/Src/stm32f4xx_hal.o
                0x00000000080007e8                HAL_Init
 .text.HAL_IncTick
                0x000000000800081c       0x18 .pio/build/stm32_stm32cube/FrameworkHALDriver/Src/stm32f4xx_hal.o
                0x000000000800081c                HAL_IncTick
 .text.HAL_GetTick
                0x0000000008000834        0xc .pio/build/stm32_stm32cube/FrameworkHALDriver/Src/stm32f4xx_hal.o
                0x0000000008000834                HAL_GetTick
 .text.HAL_NVIC_SetPriorityGrouping
                0x0000000008000840       0x24 .pio/build/stm32_stm32cube/FrameworkHALDriver/Src/stm32f4xx_hal_cortex.o
                0x0000000008000840                HAL_NVIC_SetPriorityGrouping
 .text.HAL_NVIC_SetPriority
                0x0000000008000864       0x68 .pio/build/stm32_stm32cube/FrameworkHALDriver/Src/stm32f4xx_hal_cortex.o
                0x0000000008000864                HAL_NVIC_SetPriority
 .text.HAL_NVIC_EnableIRQ
                0x00000000080008cc       0x1c .pio/build/stm32_stm32cube/FrameworkHALDriver/Src/stm32f4xx_hal_cortex.o
                0x00000000080008cc                HAL_NVIC_EnableIRQ
 .text.HAL_NVIC_DisableIRQ
                0x00000000080008e8       0x28 .pio/build/stm32_stm32cube/FrameworkHALDriver/Src/stm32f4xx_hal_cortex.o
                0x00000000080008e8                HAL_NVIC_DisableIRQ
 .text.HAL_SYSTICK_Config
                0x0000000008000910       0x2c .pio/build/stm32_stm32cube/FrameworkHALDriver/Src/stm32f4xx_hal_cortex.o
                0x0000000008000910                HAL_SYSTICK_Config
 .text.HAL_DMA_Abort
                0x000000000800093c       0x86 .pio/build/stm32_stm32cube/FrameworkHALDriver/Src/stm32f4xx_hal_dma.o
                0x000000000800093c                HAL_DMA_Abort
 .text.HAL_DMA_Abort_IT
                0x00000000080009c2       0x24 .pio/build/stm32_stm32cube/FrameworkHALDriver/Src/stm32f4xx_hal_dma.o
                0x00000000080009c2                HAL_DMA_Abort_IT
 *fill*         0x00000000080009e6        0x2 
 .text.HAL_GPIO_Init
                0x00000000080009e8      0x1b4 .pio/build/stm32_stm32cube/FrameworkHALDriver/Src/stm32f4xx_hal_gpio.o
                0x00000000080009e8                HAL_GPIO_Init
 .text.HAL_RCC_OscConfig
                0x0000000008000b9c      0x358 .pio/build/stm32_stm32cube/FrameworkHALDriver/Src/stm32f4xx_hal_rcc.o
                0x0000000008000b9c                HAL_RCC_OscConfig
 .text.HAL_RCC_GetSysClockFreq
                0x0000000008000ef4       0x5c .pio/build/stm32_stm32cube/FrameworkHALDriver/Src/stm32f4xx_hal_rcc.o
                0x0000000008000ef4                HAL_RCC_GetSysClockFreq
 .text.HAL_RCC_ClockConfig
                0x0000000008000f50      0x134 .pio/build/stm32_stm32cube/FrameworkHALDriver/Src/stm32f4xx_hal_rcc.o
                0x0000000008000f50                HAL_RCC_ClockConfig
 .text.HAL_RCC_GetPCLK1Freq
                0x0000000008001084       0x20 .pio/build/stm32_stm32cube/FrameworkHALDriver/Src/stm32f4xx_hal_rcc.o
                0x0000000008001084                HAL_RCC_GetPCLK1Freq
 .text.HAL_RCC_GetPCLK2Freq
                0x00000000080010a4       0x20 .pio/build/stm32_stm32cube/FrameworkHALDriver/Src/stm32f4xx_hal_rcc.o
                0x00000000080010a4                HAL_RCC_GetPCLK2Freq
 .text.UART_EndRxTransfer
                0x00000000080010c4       0x5c .pio/build/stm32_stm32cube/FrameworkHALDriver/Src/stm32f4xx_hal_uart.o
 .text.UART_SetConfig
                0x0000000008001120       0xbc .pio/build/stm32_stm32cube/FrameworkHALDriver/Src/stm32f4xx_hal_uart.o
 .text.HAL_UART_MspInit
                0x00000000080011dc        0x2 .pio/build/stm32_stm32cube/FrameworkHALDriver/Src/stm32f4xx_hal_uart.o
                0x00000000080011dc                HAL_UART_MspInit
 .text.HAL_UART_Init
                0x00000000080011de       0x5e .pio/build/stm32_stm32cube/FrameworkHALDriver/Src/stm32f4xx_hal_uart.o
                0x00000000080011de                HAL_UART_Init
 .text.HAL_UART_MspDeInit
                0x000000000800123c        0x2 .pio/build/stm32_stm32cube/FrameworkHALDriver/Src/stm32f4xx_hal_uart.o
                0x000000000800123c                HAL_UART_MspDeInit
 .text.HAL_UART_DeInit
                0x000000000800123e       0x34 .pio/build/stm32_stm32cube/FrameworkHALDriver/Src/stm32f4xx_hal_uart.o
                0x000000000800123e                HAL_UART_DeInit
 .text.HAL_UART_Transmit_IT
                0x0000000008001272       0x32 .pio/build/stm32_stm32cube/FrameworkHALDriver/Src/stm32f4xx_hal_uart.o
                0x0000000008001272                HAL_UART_Transmit_IT
 .text.HAL_UART_RxCpltCallback
                0x00000000080012a4        0x2 .pio/build/stm32_stm32cube/FrameworkHALDriver/Src/stm32f4xx_hal_uart.o
                0x00000000080012a4                HAL_UART_RxCpltCallback
 .text.UART_DMAAbortOnError
                0x00000000080012a6       0x10 .pio/build/stm32_stm32cube/FrameworkHALDriver/Src/stm32f4xx_hal_uart.o
 .text.UART_Receive_IT
                0x00000000080012b6       0xb8 .pio/build/stm32_stm32cube/FrameworkHALDriver/Src/stm32f4xx_hal_uart.o
 *fill*         0x000000000800136e        0x2 
 .text.HAL_UART_IRQHandler
                0x0000000008001370      0x294 .pio/build/stm32_stm32cube/FrameworkHALDriver/Src/stm32f4xx_hal_uart.o
                0x0000000008001370                HAL_UART_IRQHandler
 .text.UART_Start_Receive_IT
                0x0000000008001604       0x32 .pio/build/stm32_stm32cube/FrameworkHALDriver/Src/stm32f4xx_hal_uart.o
                0x0000000008001604                UART_Start_Receive_IT
 .text.HAL_UART_Receive_IT
                0x0000000008001636       0x22 .pio/build/stm32_stm32cube/FrameworkHALDriver/Src/stm32f4xx_hal_uart.o
                0x0000000008001636                HAL_UART_Receive_IT
 .text.HAL_UARTEx_ReceiveToIdle_IT
                0x0000000008001658       0x5a .pio/build/stm32_stm32cube/FrameworkHALDriver/Src/stm32f4xx_hal_uart.o
                0x0000000008001658                HAL_UARTEx_ReceiveToIdle_IT
 *fill*         0x00000000080016b2        0x2 
 .text._Z12data_handlerP11_z_sample_tPv
                0x00000000080016b4       0x9c .pio/build/stm32_stm32cube/src/main.o
                0x00000000080016b4                data_handler(_z_sample_t*, void*)
 .text._Z5setupv
                0x0000000008001750      0x2a8 .pio/build/stm32_stm32cube/src/main.o
                0x0000000008001750                setup()
 .text._Z15print_heap_infov
                0x00000000080019f8       0x48 .pio/build/stm32_stm32cube/src/main.o
                0x00000000080019f8                print_heap_info()
 .text._Z4loopv
                0x0000000008001a40       0xfc .pio/build/stm32_stm32cube/src/main.o
                0x0000000008001a40                loop()
 .text.startup._GLOBAL__sub_I_logger
                0x0000000008001b3c       0x20 .pio/build/stm32_stm32cube/src/main.o
 .text.startup.main
                0x0000000008001b5c       0x8c .pio/build/stm32_stm32cube/src/main.o
                0x0000000008001b5c                main
 .text._z_str_intmap_entry_elem_free
                0x0000000008001be8       0x20 .pio/build/stm32_stm32cube/lib0ab/libzenoh-pico.a(api.o)
 .text.__z_print_timestamp
                0x0000000008001c08       0x20 .pio/build/stm32_stm32cube/lib0ab/libzenoh-pico.a(api.o)
 .text._z_string_alias.isra.4
                0x0000000008001c28       0x26 .pio/build/stm32_stm32cube/lib0ab/libzenoh-pico.a(api.o)
 .text._z_keyexpr_alias
                0x0000000008001c4e       0x1a .pio/build/stm32_stm32cube/lib0ab/libzenoh-pico.a(api.o)
 .text._z_session_rc_drop.part.11
                0x0000000008001c68       0x32 .pio/build/stm32_stm32cube/lib0ab/libzenoh-pico.a(api.o)
 .text.z_view_keyexpr_from_substr
                0x0000000008001c9a       0x38 .pio/build/stm32_stm32cube/lib0ab/libzenoh-pico.a(api.o)
                0x0000000008001c9a                z_view_keyexpr_from_substr
 .text.z_view_keyexpr_from_str
                0x0000000008001cd2       0x1a .pio/build/stm32_stm32cube/lib0ab/libzenoh-pico.a(api.o)
                0x0000000008001cd2                z_view_keyexpr_from_str
 .text.z_keyexpr_as_view_string
                0x0000000008001cec       0x20 .pio/build/stm32_stm32cube/lib0ab/libzenoh-pico.a(api.o)
                0x0000000008001cec                z_keyexpr_as_view_string
 .text.z_config_default
                0x0000000008001d0c        0x4 .pio/build/stm32_stm32cube/lib0ab/libzenoh-pico.a(api.o)
                0x0000000008001d0c                z_config_default
 .text.zp_config_insert
                0x0000000008001d10        0x4 .pio/build/stm32_stm32cube/lib0ab/libzenoh-pico.a(api.o)
                0x0000000008001d10                zp_config_insert
 .text.z_encoding_drop
                0x0000000008001d14        0x8 .pio/build/stm32_stm32cube/lib0ab/libzenoh-pico.a(api.o)
                0x0000000008001d14                z_encoding_drop
 .text.z_bytes_empty
                0x0000000008001d1c        0xc .pio/build/stm32_stm32cube/lib0ab/libzenoh-pico.a(api.o)
                0x0000000008001d1c                z_bytes_empty
 .text.z_bytes_from_slice
                0x0000000008001d28       0x34 .pio/build/stm32_stm32cube/lib0ab/libzenoh-pico.a(api.o)
                0x0000000008001d28                z_bytes_from_slice
 .text.z_bytes_from_string
                0x0000000008001d5c       0x32 .pio/build/stm32_stm32cube/lib0ab/libzenoh-pico.a(api.o)
                0x0000000008001d5c                z_bytes_from_string
 .text.z_bytes_copy_from_str
                0x0000000008001d8e       0x32 .pio/build/stm32_stm32cube/lib0ab/libzenoh-pico.a(api.o)
                0x0000000008001d8e                z_bytes_copy_from_str
 .text.z_internal_config_null
                0x0000000008001dc0       0x1a .pio/build/stm32_stm32cube/lib0ab/libzenoh-pico.a(api.o)
                0x0000000008001dc0                z_internal_config_null
 .text.z_config_move
                0x0000000008001dda        0x2 .pio/build/stm32_stm32cube/lib0ab/libzenoh-pico.a(api.o)
                0x0000000008001dda                z_config_move
 .text.z_config_loan_mut
                0x0000000008001ddc        0x2 .pio/build/stm32_stm32cube/lib0ab/libzenoh-pico.a(api.o)
                0x0000000008001ddc                z_config_loan_mut
 *fill*         0x0000000008001dde        0x2 
 .text.z_config_drop
                0x0000000008001de0       0x10 .pio/build/stm32_stm32cube/lib0ab/libzenoh-pico.a(api.o)
                0x0000000008001de0                z_config_drop
 .text.z_internal_string_null
                0x0000000008001df0        0xc .pio/build/stm32_stm32cube/lib0ab/libzenoh-pico.a(api.o)
                0x0000000008001df0                z_internal_string_null
 .text.z_bytes_to_string
                0x0000000008001dfc       0x52 .pio/build/stm32_stm32cube/lib0ab/libzenoh-pico.a(api.o)
                0x0000000008001dfc                z_bytes_to_string
 .text.z_string_move
                0x0000000008001e4e        0x2 .pio/build/stm32_stm32cube/lib0ab/libzenoh-pico.a(api.o)
                0x0000000008001e4e                z_string_move
 .text.z_string_loan
                0x0000000008001e50        0x2 .pio/build/stm32_stm32cube/lib0ab/libzenoh-pico.a(api.o)
                0x0000000008001e50                z_string_loan
 .text.z_string_drop
                0x0000000008001e52        0x8 .pio/build/stm32_stm32cube/lib0ab/libzenoh-pico.a(api.o)
                0x0000000008001e52                z_string_drop
 .text.z_view_keyexpr_loan
                0x0000000008001e5a        0x2 .pio/build/stm32_stm32cube/lib0ab/libzenoh-pico.a(api.o)
                0x0000000008001e5a                z_view_keyexpr_loan
 .text.z_view_string_loan
                0x0000000008001e5c        0x2 .pio/build/stm32_stm32cube/lib0ab/libzenoh-pico.a(api.o)
                0x0000000008001e5c                z_view_string_loan
 .text.z_bytes_move
                0x0000000008001e5e        0x2 .pio/build/stm32_stm32cube/lib0ab/libzenoh-pico.a(api.o)
                0x0000000008001e5e                z_bytes_move
 .text.z_bytes_drop
                0x0000000008001e60        0x8 .pio/build/stm32_stm32cube/lib0ab/libzenoh-pico.a(api.o)
                0x0000000008001e60                z_bytes_drop
 .text.z_session_loan
                0x0000000008001e68        0x2 .pio/build/stm32_stm32cube/lib0ab/libzenoh-pico.a(api.o)
                0x0000000008001e68                z_session_loan
 .text.z_session_drop
                0x0000000008001e6a        0xa .pio/build/stm32_stm32cube/lib0ab/libzenoh-pico.a(api.o)
                0x0000000008001e6a                z_session_drop
 .text.z_closure_sample_move
                0x0000000008001e74        0x2 .pio/build/stm32_stm32cube/lib0ab/libzenoh-pico.a(api.o)
                0x0000000008001e74                z_closure_sample_move
 .text.z_closure_sample
                0x0000000008001e76        0xa .pio/build/stm32_stm32cube/lib0ab/libzenoh-pico.a(api.o)
                0x0000000008001e76                z_closure_sample
 .text.z_open   0x0000000008001e80      0x118 .pio/build/stm32_stm32cube/lib0ab/libzenoh-pico.a(api.o)
                0x0000000008001e80                z_open
 .text.z_sample_keyexpr
                0x0000000008001f98        0x2 .pio/build/stm32_stm32cube/lib0ab/libzenoh-pico.a(api.o)
                0x0000000008001f98                z_sample_keyexpr
 .text.z_sample_payload
                0x0000000008001f9a        0x4 .pio/build/stm32_stm32cube/lib0ab/libzenoh-pico.a(api.o)
                0x0000000008001f9a                z_sample_payload
 .text.z_string_data
                0x0000000008001f9e        0x4 .pio/build/stm32_stm32cube/lib0ab/libzenoh-pico.a(api.o)
                0x0000000008001f9e                z_string_data
 .text.z_string_len
                0x0000000008001fa2        0x4 .pio/build/stm32_stm32cube/lib0ab/libzenoh-pico.a(api.o)
                0x0000000008001fa2                z_string_len
 .text.z_put_options_default
                0x0000000008001fa6       0x12 .pio/build/stm32_stm32cube/lib0ab/libzenoh-pico.a(api.o)
                0x0000000008001fa6                z_put_options_default
 .text.z_put    0x0000000008001fb8       0xda .pio/build/stm32_stm32cube/lib0ab/libzenoh-pico.a(api.o)
                0x0000000008001fb8                z_put
 .text.z_declare_publisher
                0x0000000008002092      0x10a .pio/build/stm32_stm32cube/lib0ab/libzenoh-pico.a(api.o)
                0x0000000008002092                z_declare_publisher
 .text.z_declare_subscriber
                0x000000000800219c      0x118 .pio/build/stm32_stm32cube/lib0ab/libzenoh-pico.a(api.o)
                0x000000000800219c                z_declare_subscriber
 .text.zp_read  0x00000000080022b4        0x6 .pio/build/stm32_stm32cube/lib0ab/libzenoh-pico.a(api.o)
                0x00000000080022b4                zp_read
 .text.zp_send_keep_alive
                0x00000000080022ba        0x6 .pio/build/stm32_stm32cube/lib0ab/libzenoh-pico.a(api.o)
                0x00000000080022ba                zp_send_keep_alive
 .text._z_arc_slice_elem_copy
                0x00000000080022c0        0x4 .pio/build/stm32_stm32cube/lib0ab/libzenoh-pico.a(bytes.o)
 .text._z_arc_slice_svec_clear
                0x00000000080022c4        0xc .pio/build/stm32_stm32cube/lib0ab/libzenoh-pico.a(bytes.o)
 .text._z_arc_slice_elem_clear
                0x00000000080022d0        0x4 .pio/build/stm32_stm32cube/lib0ab/libzenoh-pico.a(bytes.o)
 .text._z_arc_slice_elem_move
                0x00000000080022d4        0x4 .pio/build/stm32_stm32cube/lib0ab/libzenoh-pico.a(bytes.o)
 .text._z_bytes_copy
                0x00000000080022d8       0x18 .pio/build/stm32_stm32cube/lib0ab/libzenoh-pico.a(bytes.o)
                0x00000000080022d8                _z_bytes_copy
 .text._z_bytes_len
                0x00000000080022f0       0x28 .pio/build/stm32_stm32cube/lib0ab/libzenoh-pico.a(bytes.o)
                0x00000000080022f0                _z_bytes_len
 .text._z_bytes_is_empty
                0x0000000008002318       0x2a .pio/build/stm32_stm32cube/lib0ab/libzenoh-pico.a(bytes.o)
                0x0000000008002318                _z_bytes_is_empty
 .text._z_bytes_check
                0x0000000008002342        0xe .pio/build/stm32_stm32cube/lib0ab/libzenoh-pico.a(bytes.o)
                0x0000000008002342                _z_bytes_check
 .text._z_bytes_num_slices
                0x0000000008002350        0x4 .pio/build/stm32_stm32cube/lib0ab/libzenoh-pico.a(bytes.o)
                0x0000000008002350                _z_bytes_num_slices
 .text._z_bytes_get_slice
                0x0000000008002354       0x20 .pio/build/stm32_stm32cube/lib0ab/libzenoh-pico.a(bytes.o)
                0x0000000008002354                _z_bytes_get_slice
 .text._z_bytes_drop
                0x0000000008002374        0x4 .pio/build/stm32_stm32cube/lib0ab/libzenoh-pico.a(bytes.o)
                0x0000000008002374                _z_bytes_drop
 .text._z_bytes_to_buf
                0x0000000008002378       0x48 .pio/build/stm32_stm32cube/lib0ab/libzenoh-pico.a(bytes.o)
                0x0000000008002378                _z_bytes_to_buf
 .text._z_bytes_from_slice
                0x00000000080023c0       0x58 .pio/build/stm32_stm32cube/lib0ab/libzenoh-pico.a(bytes.o)
                0x00000000080023c0                _z_bytes_from_slice
 .text._z_bytes_from_buf
                0x0000000008002418       0x42 .pio/build/stm32_stm32cube/lib0ab/libzenoh-pico.a(bytes.o)
                0x0000000008002418                _z_bytes_from_buf
 .text._z_int_void_map_entry_key_eq
                0x000000000800245a        0xc .pio/build/stm32_stm32cube/lib0ab/libzenoh-pico.a(intmap.o)
                0x000000000800245a                _z_int_void_map_entry_key_eq
 .text._z_int_void_map_init
                0x0000000008002466        0x8 .pio/build/stm32_stm32cube/lib0ab/libzenoh-pico.a(intmap.o)
                0x0000000008002466                _z_int_void_map_init
 .text._z_int_void_map_make
                0x000000000800246e        0x8 .pio/build/stm32_stm32cube/lib0ab/libzenoh-pico.a(intmap.o)
                0x000000000800246e                _z_int_void_map_make
 .text._z_int_void_map_len
                0x0000000008002476       0x28 .pio/build/stm32_stm32cube/lib0ab/libzenoh-pico.a(intmap.o)
                0x0000000008002476                _z_int_void_map_len
 .text._z_int_void_map_is_empty
                0x000000000800249e        0xe .pio/build/stm32_stm32cube/lib0ab/libzenoh-pico.a(intmap.o)
                0x000000000800249e                _z_int_void_map_is_empty
 .text._z_int_void_map_remove
                0x00000000080024ac       0x34 .pio/build/stm32_stm32cube/lib0ab/libzenoh-pico.a(intmap.o)
                0x00000000080024ac                _z_int_void_map_remove
 .text._z_int_void_map_insert
                0x00000000080024e0       0x70 .pio/build/stm32_stm32cube/lib0ab/libzenoh-pico.a(intmap.o)
                0x00000000080024e0                _z_int_void_map_insert
 .text._z_int_void_map_get
                0x0000000008002550       0x3c .pio/build/stm32_stm32cube/lib0ab/libzenoh-pico.a(intmap.o)
                0x0000000008002550                _z_int_void_map_get
 .text._z_int_void_map_get_all
                0x000000000800258c       0x30 .pio/build/stm32_stm32cube/lib0ab/libzenoh-pico.a(intmap.o)
                0x000000000800258c                _z_int_void_map_get_all
 .text._z_int_void_map_clear
                0x00000000080025bc       0x2e .pio/build/stm32_stm32cube/lib0ab/libzenoh-pico.a(intmap.o)
                0x00000000080025bc                _z_int_void_map_clear
 .text._z_list_of
                0x00000000080025ea       0x14 .pio/build/stm32_stm32cube/lib0ab/libzenoh-pico.a(list.o)
                0x00000000080025ea                _z_list_of
 .text._z_list_push
                0x00000000080025fe        0xe .pio/build/stm32_stm32cube/lib0ab/libzenoh-pico.a(list.o)
                0x00000000080025fe                _z_list_push
 .text._z_list_push_back
                0x000000000800260c       0x24 .pio/build/stm32_stm32cube/lib0ab/libzenoh-pico.a(list.o)
                0x000000000800260c                _z_list_push_back
 .text._z_list_head
                0x0000000008002630        0x4 .pio/build/stm32_stm32cube/lib0ab/libzenoh-pico.a(list.o)
                0x0000000008002630                _z_list_head
 .text._z_list_tail
                0x0000000008002634        0x4 .pio/build/stm32_stm32cube/lib0ab/libzenoh-pico.a(list.o)
                0x0000000008002634                _z_list_tail
 .text._z_list_len
                0x0000000008002638        0xe .pio/build/stm32_stm32cube/lib0ab/libzenoh-pico.a(list.o)
                0x0000000008002638                _z_list_len
 .text._z_list_pop
                0x0000000008002646       0x1a .pio/build/stm32_stm32cube/lib0ab/libzenoh-pico.a(list.o)
                0x0000000008002646                _z_list_pop
 .text._z_list_find
                0x0000000008002660       0x1c .pio/build/stm32_stm32cube/lib0ab/libzenoh-pico.a(list.o)
                0x0000000008002660                _z_list_find
 .text._z_list_drop_filter
                0x000000000800267c       0x3e .pio/build/stm32_stm32cube/lib0ab/libzenoh-pico.a(list.o)
                0x000000000800267c                _z_list_drop_filter
 .text._z_list_clone
                0x00000000080026ba       0x1e .pio/build/stm32_stm32cube/lib0ab/libzenoh-pico.a(list.o)
                0x00000000080026ba                _z_list_clone
 .text._z_list_free
                0x00000000080026d8       0x18 .pio/build/stm32_stm32cube/lib0ab/libzenoh-pico.a(list.o)
                0x00000000080026d8                _z_list_free
 .text.__z_print_timestamp
                0x00000000080026f0       0x20 .pio/build/stm32_stm32cube/lib0ab/libzenoh-pico.a(refcount.o)
 .text._z_rc_init
                0x0000000008002710       0x1e .pio/build/stm32_stm32cube/lib0ab/libzenoh-pico.a(refcount.o)
                0x0000000008002710                _z_rc_init
 *fill*         0x000000000800272e        0x2 
 .text._z_rc_increase_strong
                0x0000000008002730       0x4c .pio/build/stm32_stm32cube/lib0ab/libzenoh-pico.a(refcount.o)
                0x0000000008002730                _z_rc_increase_strong
 .text._z_rc_increase_weak
                0x000000000800277c       0x4c .pio/build/stm32_stm32cube/lib0ab/libzenoh-pico.a(refcount.o)
                0x000000000800277c                _z_rc_increase_weak
 .text._z_rc_decrease_weak
                0x00000000080027c8       0x22 .pio/build/stm32_stm32cube/lib0ab/libzenoh-pico.a(refcount.o)
                0x00000000080027c8                _z_rc_decrease_weak
 .text._z_rc_decrease_strong
                0x00000000080027ea       0x1e .pio/build/stm32_stm32cube/lib0ab/libzenoh-pico.a(refcount.o)
                0x00000000080027ea                _z_rc_decrease_strong
 .text._z_simple_rc_init
                0x0000000008002808       0x1c .pio/build/stm32_stm32cube/lib0ab/libzenoh-pico.a(refcount.o)
                0x0000000008002808                _z_simple_rc_init
 .text._z_simple_rc_increase
                0x0000000008002824        0xa .pio/build/stm32_stm32cube/lib0ab/libzenoh-pico.a(refcount.o)
                0x0000000008002824                _z_simple_rc_increase
 .text._z_simple_rc_decrease
                0x000000000800282e       0x1a .pio/build/stm32_stm32cube/lib0ab/libzenoh-pico.a(refcount.o)
                0x000000000800282e                _z_simple_rc_decrease
 .text._z_simple_rc_strong_count
                0x0000000008002848        0x4 .pio/build/stm32_stm32cube/lib0ab/libzenoh-pico.a(refcount.o)
                0x0000000008002848                _z_simple_rc_strong_count
 .text._z_slice_reset
                0x000000000800284c        0xc .pio/build/stm32_stm32cube/lib0ab/libzenoh-pico.a(slice.o)
 .text._z_default_deleter
                0x0000000008002858        0x4 .pio/build/stm32_stm32cube/lib0ab/libzenoh-pico.a(slice.o)
                0x0000000008002858                _z_default_deleter
 .text._z_delete_context_default
                0x000000000800285c       0x10 .pio/build/stm32_stm32cube/lib0ab/libzenoh-pico.a(slice.o)
                0x000000000800285c                _z_delete_context_default
 .text._z_delete_context_delete
                0x000000000800286c        0xe .pio/build/stm32_stm32cube/lib0ab/libzenoh-pico.a(slice.o)
                0x000000000800286c                _z_delete_context_delete
 *fill*         0x000000000800287a        0x2 
 .text._z_slice_init
                0x000000000800287c       0x48 .pio/build/stm32_stm32cube/lib0ab/libzenoh-pico.a(slice.o)
                0x000000000800287c                _z_slice_init
 .text._z_slice_from_buf_custom_deleter
                0x00000000080028c4       0x26 .pio/build/stm32_stm32cube/lib0ab/libzenoh-pico.a(slice.o)
                0x00000000080028c4                _z_slice_from_buf_custom_deleter
 .text._z_slice_alias_buf
                0x00000000080028ea       0x12 .pio/build/stm32_stm32cube/lib0ab/libzenoh-pico.a(slice.o)
                0x00000000080028ea                _z_slice_alias_buf
 .text._z_slice_clear
                0x00000000080028fc       0x18 .pio/build/stm32_stm32cube/lib0ab/libzenoh-pico.a(slice.o)
                0x00000000080028fc                _z_slice_clear
 .text._z_slice_copy
                0x0000000008002914       0x1e .pio/build/stm32_stm32cube/lib0ab/libzenoh-pico.a(slice.o)
                0x0000000008002914                _z_slice_copy
 *fill*         0x0000000008002932        0x2 
 .text._z_slice_n_copy
                0x0000000008002934       0x50 .pio/build/stm32_stm32cube/lib0ab/libzenoh-pico.a(slice.o)
                0x0000000008002934                _z_slice_n_copy
 .text._z_slice_move
                0x0000000008002984       0x38 .pio/build/stm32_stm32cube/lib0ab/libzenoh-pico.a(slice.o)
                0x0000000008002984                _z_slice_move
 .text._z_slice_duplicate
                0x00000000080029bc       0x28 .pio/build/stm32_stm32cube/lib0ab/libzenoh-pico.a(slice.o)
                0x00000000080029bc                _z_slice_duplicate
 .text._z_slice_copy_from_buf
                0x00000000080029e4       0x18 .pio/build/stm32_stm32cube/lib0ab/libzenoh-pico.a(slice.o)
                0x00000000080029e4                _z_slice_copy_from_buf
 .text._z_slice_steal
                0x00000000080029fc       0x1a .pio/build/stm32_stm32cube/lib0ab/libzenoh-pico.a(slice.o)
                0x00000000080029fc                _z_slice_steal
 .text._z_slice_is_alloced
                0x0000000008002a16        0xa .pio/build/stm32_stm32cube/lib0ab/libzenoh-pico.a(slice.o)
                0x0000000008002a16                _z_slice_is_alloced
 .text._z_string_copy_from_str
                0x0000000008002a20       0x1a .pio/build/stm32_stm32cube/lib0ab/libzenoh-pico.a(string.o)
                0x0000000008002a20                _z_string_copy_from_str
 .text._z_string_alias_str
                0x0000000008002a3a       0x1a .pio/build/stm32_stm32cube/lib0ab/libzenoh-pico.a(string.o)
                0x0000000008002a3a                _z_string_alias_str
 .text._z_string_alias_substr
                0x0000000008002a54        0xc .pio/build/stm32_stm32cube/lib0ab/libzenoh-pico.a(string.o)
                0x0000000008002a54                _z_string_alias_substr
 .text._z_string_len
                0x0000000008002a60        0x4 .pio/build/stm32_stm32cube/lib0ab/libzenoh-pico.a(string.o)
                0x0000000008002a60                _z_string_len
 .text._z_string_copy
                0x0000000008002a64        0x4 .pio/build/stm32_stm32cube/lib0ab/libzenoh-pico.a(string.o)
                0x0000000008002a64                _z_string_copy
 .text._z_string_copy_substring
                0x0000000008002a68        0x4 .pio/build/stm32_stm32cube/lib0ab/libzenoh-pico.a(string.o)
                0x0000000008002a68                _z_string_copy_substring
 .text._z_string_move
                0x0000000008002a6c        0x4 .pio/build/stm32_stm32cube/lib0ab/libzenoh-pico.a(string.o)
                0x0000000008002a6c                _z_string_move
 .text._z_string_clear
                0x0000000008002a70        0x4 .pio/build/stm32_stm32cube/lib0ab/libzenoh-pico.a(string.o)
                0x0000000008002a70                _z_string_clear
 .text._z_string_equals
                0x0000000008002a74       0x1e .pio/build/stm32_stm32cube/lib0ab/libzenoh-pico.a(string.o)
                0x0000000008002a74                _z_string_equals
 *fill*         0x0000000008002a92        0x2 
 .text._z_string_preallocate
                0x0000000008002a94       0x58 .pio/build/stm32_stm32cube/lib0ab/libzenoh-pico.a(string.o)
                0x0000000008002a94                _z_string_preallocate
 .text._z_string_data
                0x0000000008002aec        0x4 .pio/build/stm32_stm32cube/lib0ab/libzenoh-pico.a(string.o)
                0x0000000008002aec                _z_string_data
 .text._z_string_pbrk
                0x0000000008002af0       0x28 .pio/build/stm32_stm32cube/lib0ab/libzenoh-pico.a(string.o)
                0x0000000008002af0                _z_string_pbrk
 .text._z_str_size
                0x0000000008002b18        0xa .pio/build/stm32_stm32cube/lib0ab/libzenoh-pico.a(string.o)
                0x0000000008002b18                _z_str_size
 .text._z_str_n_copy
                0x0000000008002b22       0x10 .pio/build/stm32_stm32cube/lib0ab/libzenoh-pico.a(string.o)
                0x0000000008002b22                _z_str_n_copy
 .text._z_str_clone
                0x0000000008002b32       0x1e .pio/build/stm32_stm32cube/lib0ab/libzenoh-pico.a(string.o)
                0x0000000008002b32                _z_str_clone
 .text._z_str_eq
                0x0000000008002b50        0xe .pio/build/stm32_stm32cube/lib0ab/libzenoh-pico.a(string.o)
                0x0000000008002b50                _z_str_eq
 .text.__z_svec_move_inner
                0x0000000008002b5e       0x38 .pio/build/stm32_stm32cube/lib0ab/libzenoh-pico.a(vec.o)
 .text._z_vec_make
                0x0000000008002b96       0x28 .pio/build/stm32_stm32cube/lib0ab/libzenoh-pico.a(vec.o)
                0x0000000008002b96                _z_vec_make
 .text._z_vec_release
                0x0000000008002bbe       0x14 .pio/build/stm32_stm32cube/lib0ab/libzenoh-pico.a(vec.o)
                0x0000000008002bbe                _z_vec_release
 .text._z_vec_clear
                0x0000000008002bd2       0x24 .pio/build/stm32_stm32cube/lib0ab/libzenoh-pico.a(vec.o)
                0x0000000008002bd2                _z_vec_clear
 .text._z_vec_len
                0x0000000008002bf6        0x4 .pio/build/stm32_stm32cube/lib0ab/libzenoh-pico.a(vec.o)
                0x0000000008002bf6                _z_vec_len
 .text._z_vec_append
                0x0000000008002bfa       0x46 .pio/build/stm32_stm32cube/lib0ab/libzenoh-pico.a(vec.o)
                0x0000000008002bfa                _z_vec_append
 .text._z_vec_get
                0x0000000008002c40       0x28 .pio/build/stm32_stm32cube/lib0ab/libzenoh-pico.a(vec.o)
                0x0000000008002c40                _z_vec_get
 .text._z_vec_remove
                0x0000000008002c68       0x2c .pio/build/stm32_stm32cube/lib0ab/libzenoh-pico.a(vec.o)
                0x0000000008002c68                _z_vec_remove
 .text._z_svec_make
                0x0000000008002c94       0x2c .pio/build/stm32_stm32cube/lib0ab/libzenoh-pico.a(vec.o)
                0x0000000008002c94                _z_svec_make
 .text._z_svec_init
                0x0000000008002cc0       0x38 .pio/build/stm32_stm32cube/lib0ab/libzenoh-pico.a(vec.o)
                0x0000000008002cc0                _z_svec_init
 .text._z_svec_copy
                0x0000000008002cf8       0x64 .pio/build/stm32_stm32cube/lib0ab/libzenoh-pico.a(vec.o)
                0x0000000008002cf8                _z_svec_copy
 .text._z_svec_reset
                0x0000000008002d5c       0x2c .pio/build/stm32_stm32cube/lib0ab/libzenoh-pico.a(vec.o)
                0x0000000008002d5c                _z_svec_reset
 .text._z_svec_release
                0x0000000008002d88       0x12 .pio/build/stm32_stm32cube/lib0ab/libzenoh-pico.a(vec.o)
                0x0000000008002d88                _z_svec_release
 .text._z_svec_clear
                0x0000000008002d9a       0x18 .pio/build/stm32_stm32cube/lib0ab/libzenoh-pico.a(vec.o)
                0x0000000008002d9a                _z_svec_clear
 .text._z_svec_len
                0x0000000008002db2        0x4 .pio/build/stm32_stm32cube/lib0ab/libzenoh-pico.a(vec.o)
                0x0000000008002db2                _z_svec_len
 .text._z_svec_expand
                0x0000000008002db6       0x42 .pio/build/stm32_stm32cube/lib0ab/libzenoh-pico.a(vec.o)
                0x0000000008002db6                _z_svec_expand
 .text._z_svec_append
                0x0000000008002df8       0x56 .pio/build/stm32_stm32cube/lib0ab/libzenoh-pico.a(vec.o)
                0x0000000008002df8                _z_svec_append
 *fill*         0x0000000008002e4e        0x2 
 .text._z_svec_get
                0x0000000008002e50       0x2c .pio/build/stm32_stm32cube/lib0ab/libzenoh-pico.a(vec.o)
                0x0000000008002e50                _z_svec_get
 .text._z_svec_get_mut
                0x0000000008002e7c        0x8 .pio/build/stm32_stm32cube/lib0ab/libzenoh-pico.a(vec.o)
                0x0000000008002e7c                _z_svec_get_mut
 .text._z_str_intmap_entry_elem_free
                0x0000000008002e84       0x20 .pio/build/stm32_stm32cube/lib0ab/libzenoh-pico.a(config.o)
 .text._z_config_empty
                0x0000000008002ea4       0x1a .pio/build/stm32_stm32cube/lib0ab/libzenoh-pico.a(config.o)
                0x0000000008002ea4                _z_config_empty
 *fill*         0x0000000008002ebe        0x2 
 .text._z_config_client
                0x0000000008002ec0       0x7c .pio/build/stm32_stm32cube/lib0ab/libzenoh-pico.a(config.o)
                0x0000000008002ec0                _z_config_client
 .text._z_config_default
                0x0000000008002f3c        0x6 .pio/build/stm32_stm32cube/lib0ab/libzenoh-pico.a(config.o)
                0x0000000008002f3c                _z_config_default
 .text._z_encoding_clear
                0x0000000008002f42        0xa .pio/build/stm32_stm32cube/lib0ab/libzenoh-pico.a(encoding.o)
                0x0000000008002f42                _z_encoding_clear
 .text._z_encoding_copy
                0x0000000008002f4c       0x1e .pio/build/stm32_stm32cube/lib0ab/libzenoh-pico.a(encoding.o)
                0x0000000008002f4c                _z_encoding_copy
 .text._z_write_filter_callback
                0x0000000008002f6a       0x46 .pio/build/stm32_stm32cube/lib0ab/libzenoh-pico.a(filtering.o)
 .text._z_write_filter_create
                0x0000000008002fb0       0x70 .pio/build/stm32_stm32cube/lib0ab/libzenoh-pico.a(filtering.o)
                0x0000000008002fb0                _z_write_filter_create
 .text._z_string_elem_clear
                0x0000000008003020        0x4 .pio/build/stm32_stm32cube/lib0ab/libzenoh-pico.a(memory.o)
 .text._z_hello_clear
                0x0000000008003024       0x10 .pio/build/stm32_stm32cube/lib0ab/libzenoh-pico.a(memory.o)
                0x0000000008003024                _z_hello_clear
 .text._z_value_clear
                0x0000000008003034       0x14 .pio/build/stm32_stm32cube/lib0ab/libzenoh-pico.a(memory.o)
                0x0000000008003034                _z_value_clear
 .text._z_send_declare
                0x0000000008003048       0x1e .pio/build/stm32_stm32cube/lib0ab/libzenoh-pico.a(primitives.o)
                0x0000000008003048                _z_send_declare
 .text._z_declare_resource.part.3
                0x0000000008003066       0xb2 .pio/build/stm32_stm32cube/lib0ab/libzenoh-pico.a(primitives.o)
 .text._z_send_undeclare
                0x0000000008003118       0x1e .pio/build/stm32_stm32cube/lib0ab/libzenoh-pico.a(primitives.o)
                0x0000000008003118                _z_send_undeclare
 .text._z_declare_resource
                0x0000000008003136        0xe .pio/build/stm32_stm32cube/lib0ab/libzenoh-pico.a(primitives.o)
                0x0000000008003136                _z_declare_resource
 .text._z_undeclare_resource
                0x0000000008003144       0xb8 .pio/build/stm32_stm32cube/lib0ab/libzenoh-pico.a(primitives.o)
                0x0000000008003144                _z_undeclare_resource
 .text._z_declare_publisher
                0x00000000080031fc       0x9e .pio/build/stm32_stm32cube/lib0ab/libzenoh-pico.a(primitives.o)
                0x00000000080031fc                _z_declare_publisher
 .text._z_write
                0x000000000800329a      0x1fe .pio/build/stm32_stm32cube/lib0ab/libzenoh-pico.a(primitives.o)
                0x000000000800329a                _z_write
 .text._z_declare_subscriber
                0x0000000008003498       0xe8 .pio/build/stm32_stm32cube/lib0ab/libzenoh-pico.a(primitives.o)
                0x0000000008003498                _z_declare_subscriber
 .text._z_add_interest
                0x0000000008003580       0x9a .pio/build/stm32_stm32cube/lib0ab/libzenoh-pico.a(primitives.o)
                0x0000000008003580                _z_add_interest
 .text._z_sample_clear
                0x000000000800361a       0x24 .pio/build/stm32_stm32cube/lib0ab/libzenoh-pico.a(sample.o)
                0x000000000800361a                _z_sample_clear
 .text._z_sample_copy
                0x000000000800363e       0x96 .pio/build/stm32_stm32cube/lib0ab/libzenoh-pico.a(sample.o)
                0x000000000800363e                _z_sample_copy
 .text._z_cache_declaration_undeclare_filter_kexpr
                0x00000000080036d4        0xc .pio/build/stm32_stm32cube/lib0ab/libzenoh-pico.a(session.o)
 .text._z_cache_declaration_undeclare_filter_subscriber
                0x00000000080036e0        0xc .pio/build/stm32_stm32cube/lib0ab/libzenoh-pico.a(session.o)
 .text._z_cache_declaration_undeclare_filter_queryable
                0x00000000080036ec        0xc .pio/build/stm32_stm32cube/lib0ab/libzenoh-pico.a(session.o)
 .text._z_cache_declaration_undeclare_filter_token
                0x00000000080036f8        0xc .pio/build/stm32_stm32cube/lib0ab/libzenoh-pico.a(session.o)
 .text.__z_print_timestamp
                0x0000000008003704       0x20 .pio/build/stm32_stm32cube/lib0ab/libzenoh-pico.a(session.o)
 .text._z_string_elem_copy
                0x0000000008003724        0x4 .pio/build/stm32_stm32cube/lib0ab/libzenoh-pico.a(session.o)
 .text._z_hello_elem_free
                0x0000000008003728       0x1a .pio/build/stm32_stm32cube/lib0ab/libzenoh-pico.a(session.o)
 .text._z_string_elem_clear
                0x0000000008003742        0x4 .pio/build/stm32_stm32cube/lib0ab/libzenoh-pico.a(session.o)
 .text._z_network_message_elem_free
                0x0000000008003746       0x1a .pio/build/stm32_stm32cube/lib0ab/libzenoh-pico.a(session.o)
 .text._z_open  0x0000000008003760      0x1f8 .pio/build/stm32_stm32cube/lib0ab/libzenoh-pico.a(session.o)
                0x0000000008003760                _z_open
 .text._z_cache_declaration
                0x0000000008003958       0x28 .pio/build/stm32_stm32cube/lib0ab/libzenoh-pico.a(session.o)
                0x0000000008003958                _z_cache_declaration
 .text._z_prune_declaration
                0x0000000008003980       0x9c .pio/build/stm32_stm32cube/lib0ab/libzenoh-pico.a(session.o)
                0x0000000008003980                _z_prune_declaration
 .text._z_close
                0x0000000008003a1c        0x6 .pio/build/stm32_stm32cube/lib0ab/libzenoh-pico.a(session.o)
                0x0000000008003a1c                _z_close
 .text._z_session_is_closed
                0x0000000008003a22        0xc .pio/build/stm32_stm32cube/lib0ab/libzenoh-pico.a(session.o)
                0x0000000008003a22                _z_session_is_closed
 .text._zp_read
                0x0000000008003a2e        0x6 .pio/build/stm32_stm32cube/lib0ab/libzenoh-pico.a(session.o)
                0x0000000008003a2e                _zp_read
 .text._zp_send_keep_alive
                0x0000000008003a34        0x6 .pio/build/stm32_stm32cube/lib0ab/libzenoh-pico.a(session.o)
                0x0000000008003a34                _zp_send_keep_alive
 .text._z_subscriber_clear
                0x0000000008003a3a       0x1c .pio/build/stm32_stm32cube/lib0ab/libzenoh-pico.a(subscribe.o)
                0x0000000008003a3a                _z_subscriber_clear
 .text._z_str_intmap_entry_elem_free
                0x0000000008003a56       0x20 .pio/build/stm32_stm32cube/lib0ab/libzenoh-pico.a(config.o)
 .text._z_string_elem_move
                0x0000000008003a76        0x4 .pio/build/stm32_stm32cube/lib0ab/libzenoh-pico.a(config.o)
 .text._z_config_init
                0x0000000008003a7a        0xc .pio/build/stm32_stm32cube/lib0ab/libzenoh-pico.a(config.o)
                0x0000000008003a7a                _z_config_init
 *fill*         0x0000000008003a86        0x2 
 .text._zp_config_insert
                0x0000000008003a88       0x44 .pio/build/stm32_stm32cube/lib0ab/libzenoh-pico.a(config.o)
                0x0000000008003a88                _zp_config_insert
 .text._z_config_get
                0x0000000008003acc        0x4 .pio/build/stm32_stm32cube/lib0ab/libzenoh-pico.a(config.o)
                0x0000000008003acc                _z_config_get
 .text._z_config_get_all
                0x0000000008003ad0       0x48 .pio/build/stm32_stm32cube/lib0ab/libzenoh-pico.a(config.o)
                0x0000000008003ad0                _z_config_get_all
 .text._z_str_intmap_from_strn
                0x0000000008003b18      0x100 .pio/build/stm32_stm32cube/lib0ab/libzenoh-pico.a(config.o)
                0x0000000008003b18                _z_str_intmap_from_strn
 .text._z_str_intmap_strlen
                0x0000000008003c18       0x44 .pio/build/stm32_stm32cube/lib0ab/libzenoh-pico.a(config.o)
                0x0000000008003c18                _z_str_intmap_strlen
 .text._z_str_intmap_onto_str
                0x0000000008003c5c       0x8c .pio/build/stm32_stm32cube/lib0ab/libzenoh-pico.a(config.o)
                0x0000000008003c5c                _z_str_intmap_onto_str
 .text._z_id_len
                0x0000000008003ce8       0x22 .pio/build/stm32_stm32cube/lib0ab/libzenoh-pico.a(core.o)
                0x0000000008003ce8                _z_id_len
 .text._z_keyexpr_steal
                0x0000000008003d0a       0x20 .pio/build/stm32_stm32cube/lib0ab/libzenoh-pico.a(declarations.o)
 *fill*         0x0000000008003d2a        0x2 
 .text._z_keyexpr_fix_mapping
                0x0000000008003d2c       0x38 .pio/build/stm32_stm32cube/lib0ab/libzenoh-pico.a(declarations.o)
 .text._z_declaration_clear
                0x0000000008003d64       0x1e .pio/build/stm32_stm32cube/lib0ab/libzenoh-pico.a(declarations.o)
                0x0000000008003d64                _z_declaration_clear
 .text._z_make_decl_keyexpr
                0x0000000008003d82       0x30 .pio/build/stm32_stm32cube/lib0ab/libzenoh-pico.a(declarations.o)
                0x0000000008003d82                _z_make_decl_keyexpr
 .text._z_make_undecl_keyexpr
                0x0000000008003db2       0x14 .pio/build/stm32_stm32cube/lib0ab/libzenoh-pico.a(declarations.o)
                0x0000000008003db2                _z_make_undecl_keyexpr
 .text._z_make_decl_subscriber
                0x0000000008003dc6       0x32 .pio/build/stm32_stm32cube/lib0ab/libzenoh-pico.a(declarations.o)
                0x0000000008003dc6                _z_make_decl_subscriber
 .text._z_make_decl_final
                0x0000000008003df8       0x10 .pio/build/stm32_stm32cube/lib0ab/libzenoh-pico.a(declarations.o)
                0x0000000008003df8                _z_make_decl_final
 .text._z_decl_fix_mapping
                0x0000000008003e08       0x1e .pio/build/stm32_stm32cube/lib0ab/libzenoh-pico.a(declarations.o)
                0x0000000008003e08                _z_decl_fix_mapping
 .text._z_interest_clear
                0x0000000008003e26        0x4 .pio/build/stm32_stm32cube/lib0ab/libzenoh-pico.a(interest.o)
                0x0000000008003e26                _z_interest_clear
 .text._z_make_interest
                0x0000000008003e2a       0x4a .pio/build/stm32_stm32cube/lib0ab/libzenoh-pico.a(interest.o)
                0x0000000008003e2a                _z_make_interest
 .text._z_push_body_copy
                0x0000000008003e74       0x26 .pio/build/stm32_stm32cube/lib0ab/libzenoh-pico.a(network.o)
 *fill*         0x0000000008003e9a        0x2 
 .text._z_keyexpr_fix_mapping
                0x0000000008003e9c       0x38 .pio/build/stm32_stm32cube/lib0ab/libzenoh-pico.a(network.o)
 .text._z_n_msg_request_needed_exts
                0x0000000008003ed4       0x6c .pio/build/stm32_stm32cube/lib0ab/libzenoh-pico.a(network.o)
                0x0000000008003ed4                _z_n_msg_request_needed_exts
 .text._z_n_msg_request_clear
                0x0000000008003f40       0x2e .pio/build/stm32_stm32cube/lib0ab/libzenoh-pico.a(network.o)
                0x0000000008003f40                _z_n_msg_request_clear
 .text._z_push_body_clear
                0x0000000008003f6e        0xc .pio/build/stm32_stm32cube/lib0ab/libzenoh-pico.a(network.o)
                0x0000000008003f6e                _z_push_body_clear
 .text._z_n_msg_response_final_clear
                0x0000000008003f7a        0x2 .pio/build/stm32_stm32cube/lib0ab/libzenoh-pico.a(network.o)
                0x0000000008003f7a                _z_n_msg_response_final_clear
 .text._z_n_msg_push_clear
                0x0000000008003f7c       0x14 .pio/build/stm32_stm32cube/lib0ab/libzenoh-pico.a(network.o)
                0x0000000008003f7c                _z_n_msg_push_clear
 .text._z_n_msg_response_clear
                0x0000000008003f90       0x34 .pio/build/stm32_stm32cube/lib0ab/libzenoh-pico.a(network.o)
                0x0000000008003f90                _z_n_msg_response_clear
 .text._z_n_msg_clear
                0x0000000008003fc4       0x30 .pio/build/stm32_stm32cube/lib0ab/libzenoh-pico.a(network.o)
                0x0000000008003fc4                _z_n_msg_clear
 .text._z_n_msg_make_response_final
                0x0000000008003ff4       0x14 .pio/build/stm32_stm32cube/lib0ab/libzenoh-pico.a(network.o)
                0x0000000008003ff4                _z_n_msg_make_response_final
 .text._z_n_msg_make_declare
                0x0000000008004008       0x62 .pio/build/stm32_stm32cube/lib0ab/libzenoh-pico.a(network.o)
                0x0000000008004008                _z_n_msg_make_declare
 .text._z_n_msg_make_interest
                0x000000000800406a       0x32 .pio/build/stm32_stm32cube/lib0ab/libzenoh-pico.a(network.o)
                0x000000000800406a                _z_n_msg_make_interest
 .text._z_n_msg_copy
                0x000000000800409c      0x14c .pio/build/stm32_stm32cube/lib0ab/libzenoh-pico.a(network.o)
                0x000000000800409c                _z_n_msg_copy
 .text._z_n_msg_clone
                0x00000000080041e8       0x16 .pio/build/stm32_stm32cube/lib0ab/libzenoh-pico.a(network.o)
                0x00000000080041e8                _z_n_msg_clone
 .text._z_msg_fix_mapping
                0x00000000080041fe       0x26 .pio/build/stm32_stm32cube/lib0ab/libzenoh-pico.a(network.o)
                0x00000000080041fe                _z_msg_fix_mapping
 .text._z_ke_chunk_intersect_nodsl
                0x0000000008004224       0x64 .pio/build/stm32_stm32cube/lib0ab/libzenoh-pico.a(keyexpr.o)
                0x0000000008004224                _z_ke_chunk_intersect_nodsl
 .text._z_rid_with_suffix
                0x0000000008004288       0x32 .pio/build/stm32_stm32cube/lib0ab/libzenoh-pico.a(keyexpr.o)
                0x0000000008004288                _z_rid_with_suffix
 .text._z_keyexpr_from_string
                0x00000000080042ba       0x60 .pio/build/stm32_stm32cube/lib0ab/libzenoh-pico.a(keyexpr.o)
                0x00000000080042ba                _z_keyexpr_from_string
 .text._z_keyexpr_from_substr
                0x000000000800431a       0x34 .pio/build/stm32_stm32cube/lib0ab/libzenoh-pico.a(keyexpr.o)
                0x000000000800431a                _z_keyexpr_from_substr
 .text._z_keyexpr_copy
                0x000000000800434e       0x28 .pio/build/stm32_stm32cube/lib0ab/libzenoh-pico.a(keyexpr.o)
                0x000000000800434e                _z_keyexpr_copy
 .text._z_keyexpr_duplicate
                0x0000000008004376       0x1e .pio/build/stm32_stm32cube/lib0ab/libzenoh-pico.a(keyexpr.o)
                0x0000000008004376                _z_keyexpr_duplicate
 .text._z_keyexpr_clear
                0x0000000008004394        0xa .pio/build/stm32_stm32cube/lib0ab/libzenoh-pico.a(keyexpr.o)
                0x0000000008004394                _z_keyexpr_clear
 .text._z_keyexpr_equals
                0x000000000800439e       0x44 .pio/build/stm32_stm32cube/lib0ab/libzenoh-pico.a(keyexpr.o)
                0x000000000800439e                _z_keyexpr_equals
 .text._z_keyexpr_alias_from_user_defined
                0x00000000080043e2       0x56 .pio/build/stm32_stm32cube/lib0ab/libzenoh-pico.a(keyexpr.o)
                0x00000000080043e2                _z_keyexpr_alias_from_user_defined
 .text.__zp_canon_prefix
                0x0000000008004438      0x12e .pio/build/stm32_stm32cube/lib0ab/libzenoh-pico.a(keyexpr.o)
                0x0000000008004438                __zp_canon_prefix
 .text._zp_ke_wildness
                0x0000000008004566       0x64 .pio/build/stm32_stm32cube/lib0ab/libzenoh-pico.a(keyexpr.o)
                0x0000000008004566                _zp_ke_wildness
 .text._z_keyexpr_is_superwild_chunk
                0x00000000080045ca       0x28 .pio/build/stm32_stm32cube/lib0ab/libzenoh-pico.a(keyexpr.o)
                0x00000000080045ca                _z_keyexpr_is_superwild_chunk
 *fill*         0x00000000080045f2        0x2 
 .text._z_keyexpr_has_verbatim
                0x00000000080045f4       0x4c .pio/build/stm32_stm32cube/lib0ab/libzenoh-pico.a(keyexpr.o)
                0x00000000080045f4                _z_keyexpr_has_verbatim
 .text._z_ke_chunk_intersect_rhasstardsl
                0x0000000008004640      0x124 .pio/build/stm32_stm32cube/lib0ab/libzenoh-pico.a(keyexpr.o)
                0x0000000008004640                _z_ke_chunk_intersect_rhasstardsl
 .text._z_ke_chunk_intersect_stardsl
                0x0000000008004764      0x114 .pio/build/stm32_stm32cube/lib0ab/libzenoh-pico.a(keyexpr.o)
                0x0000000008004764                _z_ke_chunk_intersect_stardsl
 .text._z_ke_intersect_rhassuperchunks
                0x0000000008004878      0x218 .pio/build/stm32_stm32cube/lib0ab/libzenoh-pico.a(keyexpr.o)
                0x0000000008004878                _z_ke_intersect_rhassuperchunks
 .text._z_keyexpr_intersect_bothsuper
                0x0000000008004a90      0x164 .pio/build/stm32_stm32cube/lib0ab/libzenoh-pico.a(keyexpr.o)
                0x0000000008004a90                _z_keyexpr_intersect_bothsuper
 .text._z_keyexpr_suffix_intersects
                0x0000000008004bf4      0x15c .pio/build/stm32_stm32cube/lib0ab/libzenoh-pico.a(keyexpr.o)
                0x0000000008004bf4                _z_keyexpr_suffix_intersects
 .text._z_keyexpr_is_canon
                0x0000000008004d50       0x14 .pio/build/stm32_stm32cube/lib0ab/libzenoh-pico.a(keyexpr.o)
                0x0000000008004d50                _z_keyexpr_is_canon
 .text._z_session_interest_rc_eq
                0x0000000008004d64        0xc .pio/build/stm32_stm32cube/lib0ab/libzenoh-pico.a(interest.o)
 .text._z_declare_data_eq
                0x0000000008004d70       0x18 .pio/build/stm32_stm32cube/lib0ab/libzenoh-pico.a(interest.o)
                0x0000000008004d70                _z_declare_data_eq
 .text.__z_get_interest_by_id
                0x0000000008004d88       0x22 .pio/build/stm32_stm32cube/lib0ab/libzenoh-pico.a(interest.o)
 *fill*         0x0000000008004daa        0x2 
 .text.__z_print_timestamp
                0x0000000008004dac       0x20 .pio/build/stm32_stm32cube/lib0ab/libzenoh-pico.a(interest.o)
 .text._z_declare_data_elem_free
                0x0000000008004dcc       0x1a .pio/build/stm32_stm32cube/lib0ab/libzenoh-pico.a(interest.o)
 .text.__z_get_interest_by_key_and_flags
                0x0000000008004de6       0x6c .pio/build/stm32_stm32cube/lib0ab/libzenoh-pico.a(interest.o)
 .text._z_subscription_rc_elem_clone
                0x0000000008004e52       0x28 .pio/build/stm32_stm32cube/lib0ab/libzenoh-pico.a(interest.o)
 .text._z_session_interest_rc_elem_free
                0x0000000008004e7a       0x32 .pio/build/stm32_stm32cube/lib0ab/libzenoh-pico.a(interest.o)
 .text._z_resource_elem_clone
                0x0000000008004eac       0x18 .pio/build/stm32_stm32cube/lib0ab/libzenoh-pico.a(interest.o)
 .text._z_resource_elem_free
                0x0000000008004ec4       0x1a .pio/build/stm32_stm32cube/lib0ab/libzenoh-pico.a(interest.o)
 .text._z_subscription_rc_elem_free
                0x0000000008004ede       0x32 .pio/build/stm32_stm32cube/lib0ab/libzenoh-pico.a(interest.o)
 .text._z_interest_send_declare_final
                0x0000000008004f10       0x52 .pio/build/stm32_stm32cube/lib0ab/libzenoh-pico.a(interest.o)
 .text._z_keyexpr_alias
                0x0000000008004f62       0x42 .pio/build/stm32_stm32cube/lib0ab/libzenoh-pico.a(interest.o)
 .text._z_interest_send_decl_resource
                0x0000000008004fa4       0x94 .pio/build/stm32_stm32cube/lib0ab/libzenoh-pico.a(interest.o)
 .text._z_interest_send_decl_subscriber
                0x0000000008005038       0x98 .pio/build/stm32_stm32cube/lib0ab/libzenoh-pico.a(interest.o)
 .text._z_register_interest
                0x00000000080050d0       0xb4 .pio/build/stm32_stm32cube/lib0ab/libzenoh-pico.a(interest.o)
                0x00000000080050d0                _z_register_interest
 .text._z_interest_process_declares
                0x0000000008005184       0xd4 .pio/build/stm32_stm32cube/lib0ab/libzenoh-pico.a(interest.o)
                0x0000000008005184                _z_interest_process_declares
 .text._z_interest_process_undeclares
                0x0000000008005258      0x110 .pio/build/stm32_stm32cube/lib0ab/libzenoh-pico.a(interest.o)
                0x0000000008005258                _z_interest_process_undeclares
 .text._z_unregister_interest
                0x0000000008005368       0x20 .pio/build/stm32_stm32cube/lib0ab/libzenoh-pico.a(interest.o)
                0x0000000008005368                _z_unregister_interest
 .text._z_interest_init
                0x0000000008005388        0xc .pio/build/stm32_stm32cube/lib0ab/libzenoh-pico.a(interest.o)
                0x0000000008005388                _z_interest_init
 .text._z_flush_interest
                0x0000000008005394       0x24 .pio/build/stm32_stm32cube/lib0ab/libzenoh-pico.a(interest.o)
                0x0000000008005394                _z_flush_interest
 .text._z_interest_process_declare_final
                0x00000000080053b8       0x28 .pio/build/stm32_stm32cube/lib0ab/libzenoh-pico.a(interest.o)
                0x00000000080053b8                _z_interest_process_declare_final
 .text._z_interest_process_interest_final
                0x00000000080053e0        0x4 .pio/build/stm32_stm32cube/lib0ab/libzenoh-pico.a(interest.o)
                0x00000000080053e0                _z_interest_process_interest_final
 .text._z_interest_process_interest
                0x00000000080053e4       0xdc .pio/build/stm32_stm32cube/lib0ab/libzenoh-pico.a(interest.o)
                0x00000000080053e4                _z_interest_process_interest
 .text._z_matching_listener_ctx_clear
                0x00000000080054c0        0xa .pio/build/stm32_stm32cube/lib0ab/libzenoh-pico.a(matching.o)
                0x00000000080054c0                _z_matching_listener_ctx_clear
 .text._z_matching_listener_state_clear
                0x00000000080054ca       0x18 .pio/build/stm32_stm32cube/lib0ab/libzenoh-pico.a(matching.o)
                0x00000000080054ca                _z_matching_listener_state_clear
 .text._z_queryable_cache_invalidate
                0x00000000080054e2        0x2 .pio/build/stm32_stm32cube/lib0ab/libzenoh-pico.a(queryable.o)
                0x00000000080054e2                _z_queryable_cache_invalidate
 .text._z_noop_free
                0x00000000080054e4        0x2 .pio/build/stm32_stm32cube/lib0ab/libzenoh-pico.a(resource.o)
 .text._z_resource_elem_free
                0x00000000080054e6       0x1a .pio/build/stm32_stm32cube/lib0ab/libzenoh-pico.a(resource.o)
 .text.__z_print_timestamp
                0x0000000008005500       0x20 .pio/build/stm32_stm32cube/lib0ab/libzenoh-pico.a(resource.o)
 .text._z_keyexpr_alias
                0x0000000008005520       0x42 .pio/build/stm32_stm32cube/lib0ab/libzenoh-pico.a(resource.o)
 .text._z_resource_clear
                0x0000000008005562        0x4 .pio/build/stm32_stm32cube/lib0ab/libzenoh-pico.a(resource.o)
                0x0000000008005562                _z_resource_clear
 .text._z_resource_copy
                0x0000000008005566       0x14 .pio/build/stm32_stm32cube/lib0ab/libzenoh-pico.a(resource.o)
                0x0000000008005566                _z_resource_copy
 .text._z_resource_free
                0x000000000800557a       0x1a .pio/build/stm32_stm32cube/lib0ab/libzenoh-pico.a(resource.o)
                0x000000000800557a                _z_resource_free
 .text._z_get_entity_id
                0x0000000008005594        0xe .pio/build/stm32_stm32cube/lib0ab/libzenoh-pico.a(resource.o)
                0x0000000008005594                _z_get_entity_id
 .text.__z_get_resource_by_id
                0x00000000080055a2       0x2c .pio/build/stm32_stm32cube/lib0ab/libzenoh-pico.a(resource.o)
                0x00000000080055a2                __z_get_resource_by_id
 .text.__z_get_resource_by_key
                0x00000000080055ce       0x2a .pio/build/stm32_stm32cube/lib0ab/libzenoh-pico.a(resource.o)
                0x00000000080055ce                __z_get_resource_by_key
 .text.__unsafe_z_get_resource_by_id
                0x00000000080055f8       0x12 .pio/build/stm32_stm32cube/lib0ab/libzenoh-pico.a(resource.o)
                0x00000000080055f8                __unsafe_z_get_resource_by_id
 .text.__unsafe_z_get_resource_by_key
                0x000000000800560a       0x1c .pio/build/stm32_stm32cube/lib0ab/libzenoh-pico.a(resource.o)
                0x000000000800560a                __unsafe_z_get_resource_by_key
 *fill*         0x0000000008005626        0x2 
 .text.__unsafe_z_get_expanded_key_from_key
                0x0000000008005628      0x120 .pio/build/stm32_stm32cube/lib0ab/libzenoh-pico.a(resource.o)
                0x0000000008005628                __unsafe_z_get_expanded_key_from_key
 .text._z_get_resource_by_id
                0x0000000008005748        0x4 .pio/build/stm32_stm32cube/lib0ab/libzenoh-pico.a(resource.o)
                0x0000000008005748                _z_get_resource_by_id
 .text._z_get_resource_by_key
                0x000000000800574c       0x16 .pio/build/stm32_stm32cube/lib0ab/libzenoh-pico.a(resource.o)
                0x000000000800574c                _z_get_resource_by_key
 .text._z_get_expanded_key_from_key
                0x0000000008005762        0xe .pio/build/stm32_stm32cube/lib0ab/libzenoh-pico.a(resource.o)
                0x0000000008005762                _z_get_expanded_key_from_key
 .text._z_register_resource
                0x0000000008005770       0xfc .pio/build/stm32_stm32cube/lib0ab/libzenoh-pico.a(resource.o)
                0x0000000008005770                _z_register_resource
 .text._z_unregister_resource
                0x000000000800586c       0xb0 .pio/build/stm32_stm32cube/lib0ab/libzenoh-pico.a(resource.o)
                0x000000000800586c                _z_unregister_resource
 .text._z_flush_resources
                0x000000000800591c       0x24 .pio/build/stm32_stm32cube/lib0ab/libzenoh-pico.a(resource.o)
                0x000000000800591c                _z_flush_resources
 .text.__z_scout_loop
                0x0000000008005940       0x1a .pio/build/stm32_stm32cube/lib0ab/libzenoh-pico.a(scout.o)
                0x0000000008005940                __z_scout_loop
 .text._z_scout_inner
                0x000000000800595a       0x5a .pio/build/stm32_stm32cube/lib0ab/libzenoh-pico.a(scout.o)
                0x000000000800595a                _z_scout_inner
 .text._z_bytes_steal
                0x00000000080059b4       0x1a .pio/build/stm32_stm32cube/lib0ab/libzenoh-pico.a(subscription.o)
 .text._z_keyexpr_steal
                0x00000000080059ce       0x20 .pio/build/stm32_stm32cube/lib0ab/libzenoh-pico.a(subscription.o)
 .text._z_subscription_rc_eq
                0x00000000080059ee        0xc .pio/build/stm32_stm32cube/lib0ab/libzenoh-pico.a(subscription.o)
 .text._z_subscription_infos_elem_move
                0x00000000080059fa        0x2 .pio/build/stm32_stm32cube/lib0ab/libzenoh-pico.a(subscription.o)
 .text.__z_print_timestamp
                0x00000000080059fc       0x20 .pio/build/stm32_stm32cube/lib0ab/libzenoh-pico.a(subscription.o)
 .text._z_subscription_cache_invalidate
                0x0000000008005a1c        0x2 .pio/build/stm32_stm32cube/lib0ab/libzenoh-pico.a(subscription.o)
                0x0000000008005a1c                _z_subscription_cache_invalidate
 .text._z_subscription_clear
                0x0000000008005a1e       0x16 .pio/build/stm32_stm32cube/lib0ab/libzenoh-pico.a(subscription.o)
                0x0000000008005a1e                _z_subscription_clear
 .text._z_subscription_rc_elem_free
                0x0000000008005a34       0x32 .pio/build/stm32_stm32cube/lib0ab/libzenoh-pico.a(subscription.o)
 *fill*         0x0000000008005a66        0x2 
 .text._z_register_subscription
                0x0000000008005a68       0xcc .pio/build/stm32_stm32cube/lib0ab/libzenoh-pico.a(subscription.o)
                0x0000000008005a68                _z_register_subscription
 .text._z_trigger_subscriptions_impl
                0x0000000008005b34      0x27c .pio/build/stm32_stm32cube/lib0ab/libzenoh-pico.a(subscription.o)
                0x0000000008005b34                _z_trigger_subscriptions_impl
 .text._z_trigger_subscriptions_put
                0x0000000008005db0       0x32 .pio/build/stm32_stm32cube/lib0ab/libzenoh-pico.a(subscription.o)
                0x0000000008005db0                _z_trigger_subscriptions_put
 .text._z_trigger_subscriptions_del
                0x0000000008005de2       0x50 .pio/build/stm32_stm32cube/lib0ab/libzenoh-pico.a(subscription.o)
                0x0000000008005de2                _z_trigger_subscriptions_del
 *fill*         0x0000000008005e32        0x2 
 .text._z_unregister_subscription
                0x0000000008005e34       0x34 .pio/build/stm32_stm32cube/lib0ab/libzenoh-pico.a(subscription.o)
                0x0000000008005e34                _z_unregister_subscription
 .text._z_flush_subscriptions
                0x0000000008005e68       0x24 .pio/build/stm32_stm32cube/lib0ab/libzenoh-pico.a(subscription.o)
                0x0000000008005e68                _z_flush_subscriptions
 .text._z_str_intmap_entry_elem_free
                0x0000000008005e8c       0x20 .pio/build/stm32_stm32cube/lib0ab/libzenoh-pico.a(utils.o)
 .text._z_network_message_elem_free
                0x0000000008005eac       0x1a .pio/build/stm32_stm32cube/lib0ab/libzenoh-pico.a(utils.o)
 .text._z_matching_listener_intmap_entry_elem_free
                0x0000000008005ec6       0x28 .pio/build/stm32_stm32cube/lib0ab/libzenoh-pico.a(utils.o)
 .text._z_timestamp_duplicate
                0x0000000008005eee       0x18 .pio/build/stm32_stm32cube/lib0ab/libzenoh-pico.a(utils.o)
                0x0000000008005eee                _z_timestamp_duplicate
 .text._z_timestamp_clear
                0x0000000008005f06        0xe .pio/build/stm32_stm32cube/lib0ab/libzenoh-pico.a(utils.o)
                0x0000000008005f06                _z_timestamp_clear
 .text._z_session_generate_zid
                0x0000000008005f14        0xa .pio/build/stm32_stm32cube/lib0ab/libzenoh-pico.a(utils.o)
                0x0000000008005f14                _z_session_generate_zid
 .text._z_session_init
                0x0000000008005f1e       0x6e .pio/build/stm32_stm32cube/lib0ab/libzenoh-pico.a(utils.o)
                0x0000000008005f1e                _z_session_init
 .text._z_session_clear
                0x0000000008005f8c       0x58 .pio/build/stm32_stm32cube/lib0ab/libzenoh-pico.a(utils.o)
                0x0000000008005f8c                _z_session_clear
 .text._z_session_close
                0x0000000008005fe4        0xe .pio/build/stm32_stm32cube/lib0ab/libzenoh-pico.a(utils.o)
                0x0000000008005fe4                _z_session_close
 .text._z_send_keep_alive
                0x0000000008005ff2       0x18 .pio/build/stm32_stm32cube/lib0ab/libzenoh-pico.a(lease.o)
                0x0000000008005ff2                _z_send_keep_alive
 .text._z_read  0x000000000800600a       0x20 .pio/build/stm32_stm32cube/lib0ab/libzenoh-pico.a(read.o)
                0x000000000800600a                _z_read
 .text._z_transport_tx_get_express_status
                0x000000000800602a       0x22 .pio/build/stm32_stm32cube/lib0ab/libzenoh-pico.a(tx.o)
 .text.__z_print_timestamp
                0x000000000800604c       0x20 .pio/build/stm32_stm32cube/lib0ab/libzenoh-pico.a(tx.o)
 .text._z_transport_tx_get_sn
                0x000000000800606c       0x2a .pio/build/stm32_stm32cube/lib0ab/libzenoh-pico.a(tx.o)
 .text.__unsafe_z_prepare_wbuf
                0x0000000008006096       0x30 .pio/build/stm32_stm32cube/lib0ab/libzenoh-pico.a(tx.o)
                0x0000000008006096                __unsafe_z_prepare_wbuf
 .text.__unsafe_z_finalize_wbuf
                0x00000000080060c6       0x2c .pio/build/stm32_stm32cube/lib0ab/libzenoh-pico.a(tx.o)
                0x00000000080060c6                __unsafe_z_finalize_wbuf
 .text._z_transport_tx_flush_buffer
                0x00000000080060f2       0x54 .pio/build/stm32_stm32cube/lib0ab/libzenoh-pico.a(tx.o)
 *fill*         0x0000000008006146        0x2 
 .text._z_transport_tx_send_t_msg
                0x0000000008006148       0x78 .pio/build/stm32_stm32cube/lib0ab/libzenoh-pico.a(tx.o)
                0x0000000008006148                _z_transport_tx_send_t_msg
 .text._z_transport_tx_send_t_msg_wrapper
                0x00000000080061c0        0x6 .pio/build/stm32_stm32cube/lib0ab/libzenoh-pico.a(tx.o)
                0x00000000080061c0                _z_transport_tx_send_t_msg_wrapper
 .text._z_link_send_t_msg
                0x00000000080061c6       0x96 .pio/build/stm32_stm32cube/lib0ab/libzenoh-pico.a(tx.o)
                0x00000000080061c6                _z_link_send_t_msg
 .text.__unsafe_z_serialize_zenoh_fragment
                0x000000000800625c       0x7c .pio/build/stm32_stm32cube/lib0ab/libzenoh-pico.a(tx.o)
                0x000000000800625c                __unsafe_z_serialize_zenoh_fragment
 .text._z_transport_tx_send_fragment
                0x00000000080062d8       0xec .pio/build/stm32_stm32cube/lib0ab/libzenoh-pico.a(tx.o)
 .text._z_transport_tx_send_n_msg.isra.10
                0x00000000080063c4      0x13c .pio/build/stm32_stm32cube/lib0ab/libzenoh-pico.a(tx.o)
 .text._z_send_n_msg
                0x0000000008006500       0x50 .pio/build/stm32_stm32cube/lib0ab/libzenoh-pico.a(tx.o)
                0x0000000008006500                _z_send_n_msg
 .text._z_new_transport
                0x0000000008006550       0xd8 .pio/build/stm32_stm32cube/lib0ab/libzenoh-pico.a(manager.o)
                0x0000000008006550                _z_new_transport
 .text._zp_multicast_send_keep_alive
                0x0000000008006628       0x1a .pio/build/stm32_stm32cube/lib0ab/libzenoh-pico.a(lease.o)
                0x0000000008006628                _zp_multicast_send_keep_alive
 *fill*         0x0000000008006642        0x2 
 .text._zp_multicast_read
                0x0000000008006644       0x78 .pio/build/stm32_stm32cube/lib0ab/libzenoh-pico.a(read.o)
                0x0000000008006644                _zp_multicast_read
 .text.__z_print_timestamp
                0x00000000080066bc       0x20 .pio/build/stm32_stm32cube/lib0ab/libzenoh-pico.a(rx.o)
 .text._z_transport_peer_entry_elem_free
                0x00000000080066dc       0x1a .pio/build/stm32_stm32cube/lib0ab/libzenoh-pico.a(rx.o)
 *fill*         0x00000000080066f6        0x2 
 .text._z_multicast_handle_fragment_inner
                0x00000000080066f8      0x2cc .pio/build/stm32_stm32cube/lib0ab/libzenoh-pico.a(rx.o)
 .text._z_multicast_recv_t_msg
                0x00000000080069c4       0xf8 .pio/build/stm32_stm32cube/lib0ab/libzenoh-pico.a(rx.o)
                0x00000000080069c4                _z_multicast_recv_t_msg
 .text._z_multicast_handle_transport_message
                0x0000000008006abc      0x378 .pio/build/stm32_stm32cube/lib0ab/libzenoh-pico.a(rx.o)
                0x0000000008006abc                _z_multicast_handle_transport_message
 .text._z_multicast_update_rx_buffer
                0x0000000008006e34       0x5a .pio/build/stm32_stm32cube/lib0ab/libzenoh-pico.a(rx.o)
                0x0000000008006e34                _z_multicast_update_rx_buffer
 *fill*         0x0000000008006e8e        0x2 
 .text.__z_print_timestamp
                0x0000000008006e90       0x20 .pio/build/stm32_stm32cube/lib0ab/libzenoh-pico.a(transport.o)
 .text._z_transport_peer_entry_elem_free
                0x0000000008006eb0       0x1a .pio/build/stm32_stm32cube/lib0ab/libzenoh-pico.a(transport.o)
 *fill*         0x0000000008006eca        0x2 
 .text._z_multicast_transport_create
                0x0000000008006ecc      0x160 .pio/build/stm32_stm32cube/lib0ab/libzenoh-pico.a(transport.o)
                0x0000000008006ecc                _z_multicast_transport_create
 .text._z_multicast_open_peer
                0x000000000800702c       0xe4 .pio/build/stm32_stm32cube/lib0ab/libzenoh-pico.a(transport.o)
                0x000000000800702c                _z_multicast_open_peer
 .text._z_multicast_open_client
                0x0000000008007110        0x6 .pio/build/stm32_stm32cube/lib0ab/libzenoh-pico.a(transport.o)
                0x0000000008007110                _z_multicast_open_client
 .text._z_multicast_send_close
                0x0000000008007116       0x24 .pio/build/stm32_stm32cube/lib0ab/libzenoh-pico.a(transport.o)
                0x0000000008007116                _z_multicast_send_close
 *fill*         0x000000000800713a        0x2 
 .text._z_multicast_transport_clear
                0x000000000800713c       0x1c .pio/build/stm32_stm32cube/lib0ab/libzenoh-pico.a(transport.o)
                0x000000000800713c                _z_multicast_transport_clear
 .text._z_transport_peer_entry_clear
                0x0000000008007158       0x28 .pio/build/stm32_stm32cube/lib0ab/libzenoh-pico.a(peer_entry.o)
                0x0000000008007158                _z_transport_peer_entry_clear
 .text._z_transport_peer_entry_eq
                0x0000000008007180       0x10 .pio/build/stm32_stm32cube/lib0ab/libzenoh-pico.a(peer_entry.o)
                0x0000000008007180                _z_transport_peer_entry_eq
 .text._z_transport_unicast_peer_clear
                0x0000000008007190       0x2e .pio/build/stm32_stm32cube/lib0ab/libzenoh-pico.a(peer_entry.o)
                0x0000000008007190                _z_transport_unicast_peer_clear
 .text._z_transport_unicast_peer_add
                0x00000000080071be       0x8e .pio/build/stm32_stm32cube/lib0ab/libzenoh-pico.a(peer_entry.o)
                0x00000000080071be                _z_transport_unicast_peer_add
 .text._zp_raweth_read
                0x000000000800724c        0x6 .pio/build/stm32_stm32cube/lib0ab/libzenoh-pico.a(read.o)
                0x000000000800724c                _zp_raweth_read
 .text._z_raweth_link_send_t_msg
                0x0000000008007252        0x6 .pio/build/stm32_stm32cube/lib0ab/libzenoh-pico.a(tx.o)
                0x0000000008007252                _z_raweth_link_send_t_msg
 .text._z_raweth_send_t_msg
                0x0000000008007258        0x6 .pio/build/stm32_stm32cube/lib0ab/libzenoh-pico.a(tx.o)
                0x0000000008007258                _z_raweth_send_t_msg
 .text._z_raweth_send_n_msg
                0x000000000800725e        0x6 .pio/build/stm32_stm32cube/lib0ab/libzenoh-pico.a(tx.o)
                0x000000000800725e                _z_raweth_send_n_msg
 .text._z_transport_get_common
                0x0000000008007264       0x4c .pio/build/stm32_stm32cube/lib0ab/libzenoh-pico.a(transport.o)
                0x0000000008007264                _z_transport_get_common
 .text._z_send_close
                0x00000000080072b0       0x18 .pio/build/stm32_stm32cube/lib0ab/libzenoh-pico.a(transport.o)
                0x00000000080072b0                _z_send_close
 .text._z_transport_close
                0x00000000080072c8        0x6 .pio/build/stm32_stm32cube/lib0ab/libzenoh-pico.a(transport.o)
                0x00000000080072c8                _z_transport_close
 .text._z_transport_clear
                0x00000000080072ce       0x22 .pio/build/stm32_stm32cube/lib0ab/libzenoh-pico.a(transport.o)
                0x00000000080072ce                _z_transport_clear
 .text._z_transport_peer_entry_list_insert
                0x00000000080072f0       0x9c .pio/build/stm32_stm32cube/lib0ab/libzenoh-pico.a(transport.o)
                0x00000000080072f0                _z_transport_peer_entry_list_insert
 .text._zp_unicast_send_keep_alive
                0x000000000800738c       0x1a .pio/build/stm32_stm32cube/lib0ab/libzenoh-pico.a(lease.o)
                0x000000000800738c                _zp_unicast_send_keep_alive
 *fill*         0x00000000080073a6        0x2 
 .text._zp_unicast_read
                0x00000000080073a8       0x88 .pio/build/stm32_stm32cube/lib0ab/libzenoh-pico.a(read.o)
                0x00000000080073a8                _zp_unicast_read
 .text.__z_print_timestamp
                0x0000000008007430       0x20 .pio/build/stm32_stm32cube/lib0ab/libzenoh-pico.a(rx.o)
 .text._z_unicast_handle_fragment_inner
                0x0000000008007450      0x298 .pio/build/stm32_stm32cube/lib0ab/libzenoh-pico.a(rx.o)
 .text._z_unicast_recv_t_msg
                0x00000000080076e8       0xfc .pio/build/stm32_stm32cube/lib0ab/libzenoh-pico.a(rx.o)
                0x00000000080076e8                _z_unicast_recv_t_msg
 .text._z_unicast_handle_transport_message
                0x00000000080077e4      0x1c0 .pio/build/stm32_stm32cube/lib0ab/libzenoh-pico.a(rx.o)
                0x00000000080077e4                _z_unicast_handle_transport_message
 .text._z_unicast_update_rx_buffer
                0x00000000080079a4       0x5e .pio/build/stm32_stm32cube/lib0ab/libzenoh-pico.a(rx.o)
                0x00000000080079a4                _z_unicast_update_rx_buffer
 *fill*         0x0000000008007a02        0x2 
 .text.__z_print_timestamp
                0x0000000008007a04       0x20 .pio/build/stm32_stm32cube/lib0ab/libzenoh-pico.a(transport.o)
 .text._z_unicast_handshake_open
                0x0000000008007a24      0x258 .pio/build/stm32_stm32cube/lib0ab/libzenoh-pico.a(transport.o)
 .text._z_transport_unicast_peer_elem_free
                0x0000000008007c7c       0x1a .pio/build/stm32_stm32cube/lib0ab/libzenoh-pico.a(transport.o)
 *fill*         0x0000000008007c96        0x2 
 .text._z_unicast_transport_create
                0x0000000008007c98      0x140 .pio/build/stm32_stm32cube/lib0ab/libzenoh-pico.a(transport.o)
                0x0000000008007c98                _z_unicast_transport_create
 .text._z_unicast_open_client
                0x0000000008007dd8       0x12 .pio/build/stm32_stm32cube/lib0ab/libzenoh-pico.a(transport.o)
                0x0000000008007dd8                _z_unicast_open_client
 .text._z_unicast_send_close
                0x0000000008007dea       0x24 .pio/build/stm32_stm32cube/lib0ab/libzenoh-pico.a(transport.o)
                0x0000000008007dea                _z_unicast_send_close
 *fill*         0x0000000008007e0e        0x2 
 .text._z_unicast_transport_clear
                0x0000000008007e10       0x1c .pio/build/stm32_stm32cube/lib0ab/libzenoh-pico.a(transport.o)
                0x0000000008007e10                _z_unicast_transport_clear
 .text._z_sn_max
                0x0000000008007e2c       0x14 .pio/build/stm32_stm32cube/lib0ab/libzenoh-pico.a(utils.o)
                0x0000000008007e2c                _z_sn_max
 .text._z_sn_modulo_mask
                0x0000000008007e40       0x14 .pio/build/stm32_stm32cube/lib0ab/libzenoh-pico.a(utils.o)
                0x0000000008007e40                _z_sn_modulo_mask
 .text._z_sn_precedes
                0x0000000008007e54       0x16 .pio/build/stm32_stm32cube/lib0ab/libzenoh-pico.a(utils.o)
                0x0000000008007e54                _z_sn_precedes
 .text._z_sn_consecutive
                0x0000000008007e6a        0xc .pio/build/stm32_stm32cube/lib0ab/libzenoh-pico.a(utils.o)
                0x0000000008007e6a                _z_sn_consecutive
 .text._z_sn_increment
                0x0000000008007e76        0x6 .pio/build/stm32_stm32cube/lib0ab/libzenoh-pico.a(utils.o)
                0x0000000008007e76                _z_sn_increment
 .text._z_sn_decrement
                0x0000000008007e7c        0x6 .pio/build/stm32_stm32cube/lib0ab/libzenoh-pico.a(utils.o)
                0x0000000008007e7c                _z_sn_decrement
 .text._z_conduit_sn_list_copy
                0x0000000008007e82       0x2c .pio/build/stm32_stm32cube/lib0ab/libzenoh-pico.a(utils.o)
                0x0000000008007e82                _z_conduit_sn_list_copy
 .text._z_conduit_sn_list_decrement
                0x0000000008007eae       0x2c .pio/build/stm32_stm32cube/lib0ab/libzenoh-pico.a(utils.o)
                0x0000000008007eae                _z_conduit_sn_list_decrement
 .text._z_ptr_u8_diff
                0x0000000008007eda        0x4 .pio/build/stm32_stm32cube/lib0ab/libzenoh-pico.a(pointers.o)
                0x0000000008007eda                _z_ptr_u8_diff
 .text._z_cptr_u8_offset
                0x0000000008007ede        0x4 .pio/build/stm32_stm32cube/lib0ab/libzenoh-pico.a(pointers.o)
                0x0000000008007ede                _z_cptr_u8_offset
 .text._z_ptr_u8_offset
                0x0000000008007ee2        0x4 .pio/build/stm32_stm32cube/lib0ab/libzenoh-pico.a(pointers.o)
                0x0000000008007ee2                _z_ptr_u8_offset
 .text._z_ptr_char_diff
                0x0000000008007ee6        0x4 .pio/build/stm32_stm32cube/lib0ab/libzenoh-pico.a(pointers.o)
                0x0000000008007ee6                _z_ptr_char_diff
 .text._z_cptr_char_offset
                0x0000000008007eea        0x4 .pio/build/stm32_stm32cube/lib0ab/libzenoh-pico.a(pointers.o)
                0x0000000008007eea                _z_cptr_char_offset
 .text._z_ptr_char_offset
                0x0000000008007eee        0x4 .pio/build/stm32_stm32cube/lib0ab/libzenoh-pico.a(pointers.o)
                0x0000000008007eee                _z_ptr_char_offset
 .text._z_rstrstr
                0x0000000008007ef2       0x82 .pio/build/stm32_stm32cube/lib0ab/libzenoh-pico.a(string.o)
                0x0000000008007ef2                _z_rstrstr
 .text._z_bstrstr
                0x0000000008007f74       0x7e .pio/build/stm32_stm32cube/lib0ab/libzenoh-pico.a(string.o)
                0x0000000008007f74                _z_bstrstr
 .text._z_strstr
                0x0000000008007ff2       0x2c .pio/build/stm32_stm32cube/lib0ab/libzenoh-pico.a(string.o)
                0x0000000008007ff2                _z_strstr
 .text._z_bstrstr_skipneedle
                0x000000000800801e       0x38 .pio/build/stm32_stm32cube/lib0ab/libzenoh-pico.a(string.o)
                0x000000000800801e                _z_bstrstr_skipneedle
 .text._z_splitstr_is_empty
                0x0000000008008056        0xa .pio/build/stm32_stm32cube/lib0ab/libzenoh-pico.a(string.o)
                0x0000000008008056                _z_splitstr_is_empty
 .text._z_splitstr_next
                0x0000000008008060       0x44 .pio/build/stm32_stm32cube/lib0ab/libzenoh-pico.a(string.o)
                0x0000000008008060                _z_splitstr_next
 .text._z_splitstr_split_once
                0x00000000080080a4       0x2e .pio/build/stm32_stm32cube/lib0ab/libzenoh-pico.a(string.o)
                0x00000000080080a4                _z_splitstr_split_once
 .text._z_splitstr_nextback
                0x00000000080080d2       0x44 .pio/build/stm32_stm32cube/lib0ab/libzenoh-pico.a(string.o)
                0x00000000080080d2                _z_splitstr_nextback
 .text._z_uuid_to_bytes
                0x0000000008008116       0x64 .pio/build/stm32_stm32cube/lib0ab/libzenoh-pico.a(uuid.o)
                0x0000000008008116                _z_uuid_to_bytes
 .text._z_slice_simple_rc_clone
                0x000000000800817a       0x22 .pio/build/stm32_stm32cube/lib0ab/libzenoh-pico.a(arc_slice.o)
 .text._z_arc_slice_wrap
                0x000000000800819c       0x80 .pio/build/stm32_stm32cube/lib0ab/libzenoh-pico.a(arc_slice.o)
                0x000000000800819c                _z_arc_slice_wrap
 .text._z_arc_slice_wrap_slice_rc
                0x000000000800821c       0x38 .pio/build/stm32_stm32cube/lib0ab/libzenoh-pico.a(arc_slice.o)
                0x000000000800821c                _z_arc_slice_wrap_slice_rc
 .text._z_arc_slice_data
                0x0000000008008254        0xa .pio/build/stm32_stm32cube/lib0ab/libzenoh-pico.a(arc_slice.o)
                0x0000000008008254                _z_arc_slice_data
 .text._z_arc_slice_copy
                0x000000000800825e       0x24 .pio/build/stm32_stm32cube/lib0ab/libzenoh-pico.a(arc_slice.o)
                0x000000000800825e                _z_arc_slice_copy
 .text._z_arc_slice_move
                0x0000000008008282       0x20 .pio/build/stm32_stm32cube/lib0ab/libzenoh-pico.a(arc_slice.o)
                0x0000000008008282                _z_arc_slice_move
 .text._z_arc_slice_drop
                0x00000000080082a2       0x2c .pio/build/stm32_stm32cube/lib0ab/libzenoh-pico.a(arc_slice.o)
                0x00000000080082a2                _z_arc_slice_drop
 .text._z_str_intmap_entry_elem_free
                0x00000000080082ce       0x20 .pio/build/stm32_stm32cube/lib0ab/libzenoh-pico.a(endpoint.o)
 *fill*         0x00000000080082ee        0x2 
 .text.__z_print_timestamp
                0x00000000080082f0       0x20 .pio/build/stm32_stm32cube/lib0ab/libzenoh-pico.a(endpoint.o)
 .text._z_locator_init
                0x0000000008008310       0x32 .pio/build/stm32_stm32cube/lib0ab/libzenoh-pico.a(endpoint.o)
                0x0000000008008310                _z_locator_init
 *fill*         0x0000000008008342        0x2 
 .text._z_locator_clear
                0x0000000008008344       0x24 .pio/build/stm32_stm32cube/lib0ab/libzenoh-pico.a(endpoint.o)
                0x0000000008008344                _z_locator_clear
 .text._z_locator_metadata_from_string
                0x0000000008008368       0xb6 .pio/build/stm32_stm32cube/lib0ab/libzenoh-pico.a(endpoint.o)
                0x0000000008008368                _z_locator_metadata_from_string
 .text._z_locator_metadata_strlen
                0x000000000800841e        0x8 .pio/build/stm32_stm32cube/lib0ab/libzenoh-pico.a(endpoint.o)
                0x000000000800841e                _z_locator_metadata_strlen
 .text._z_locator_metadata_onto_str
                0x0000000008008426       0x10 .pio/build/stm32_stm32cube/lib0ab/libzenoh-pico.a(endpoint.o)
                0x0000000008008426                _z_locator_metadata_onto_str
 .text._z_locator_from_string
                0x0000000008008436      0x11c .pio/build/stm32_stm32cube/lib0ab/libzenoh-pico.a(endpoint.o)
                0x0000000008008436                _z_locator_from_string
 .text._z_locator_strlen
                0x0000000008008552       0x2a .pio/build/stm32_stm32cube/lib0ab/libzenoh-pico.a(endpoint.o)
                0x0000000008008552                _z_locator_strlen
 .text._z_locator_to_string
                0x000000000800857c      0x114 .pio/build/stm32_stm32cube/lib0ab/libzenoh-pico.a(endpoint.o)
                0x000000000800857c                _z_locator_to_string
 .text._z_endpoint_init
                0x0000000008008690       0x22 .pio/build/stm32_stm32cube/lib0ab/libzenoh-pico.a(endpoint.o)
                0x0000000008008690                _z_endpoint_init
 *fill*         0x00000000080086b2        0x2 
 .text._z_endpoint_clear
                0x00000000080086b4       0x1c .pio/build/stm32_stm32cube/lib0ab/libzenoh-pico.a(endpoint.o)
                0x00000000080086b4                _z_endpoint_clear
 .text._z_endpoint_config_from_string
                0x00000000080086d0       0xb0 .pio/build/stm32_stm32cube/lib0ab/libzenoh-pico.a(endpoint.o)
                0x00000000080086d0                _z_endpoint_config_from_string
 .text._z_endpoint_from_string
                0x0000000008008780       0x36 .pio/build/stm32_stm32cube/lib0ab/libzenoh-pico.a(endpoint.o)
                0x0000000008008780                _z_endpoint_from_string
 .text._z_link_clear
                0x00000000080087b6       0x1c .pio/build/stm32_stm32cube/lib0ab/libzenoh-pico.a(link.o)
                0x00000000080087b6                _z_link_clear
 .text._z_open_link
                0x00000000080087d2       0x7a .pio/build/stm32_stm32cube/lib0ab/libzenoh-pico.a(link.o)
                0x00000000080087d2                _z_open_link
 .text._z_listen_link
                0x000000000800884c       0x7a .pio/build/stm32_stm32cube/lib0ab/libzenoh-pico.a(link.o)
                0x000000000800884c                _z_listen_link
 .text._z_link_recv_zbuf
                0x00000000080088c6       0x3e .pio/build/stm32_stm32cube/lib0ab/libzenoh-pico.a(link.o)
                0x00000000080088c6                _z_link_recv_zbuf
 .text._z_link_recv_exact_zbuf
                0x0000000008008904       0x3e .pio/build/stm32_stm32cube/lib0ab/libzenoh-pico.a(link.o)
                0x0000000008008904                _z_link_recv_exact_zbuf
 .text._z_link_send_wbuf
                0x0000000008008942       0x74 .pio/build/stm32_stm32cube/lib0ab/libzenoh-pico.a(link.o)
                0x0000000008008942                _z_link_send_wbuf
 *fill*         0x00000000080089b6        0x2 
 .text._z_link_get_socket
                0x00000000080089b8       0x50 .pio/build/stm32_stm32cube/lib0ab/libzenoh-pico.a(link.o)
                0x00000000080089b8                _z_link_get_socket
 .text._z_f_link_free_serial
                0x0000000008008a08        0x2 .pio/build/stm32_stm32cube/lib0ab/libzenoh-pico.a(serial.o)
                0x0000000008008a08                _z_f_link_free_serial
 .text.__z_convert_address_serial
                0x0000000008008a0a       0x2e .pio/build/stm32_stm32cube/lib0ab/libzenoh-pico.a(serial.o)
 .text._z_f_link_open_serial
                0x0000000008008a38       0x70 .pio/build/stm32_stm32cube/lib0ab/libzenoh-pico.a(serial.o)
                0x0000000008008a38                _z_f_link_open_serial
 .text._z_f_link_listen_serial
                0x0000000008008aa8       0x70 .pio/build/stm32_stm32cube/lib0ab/libzenoh-pico.a(serial.o)
                0x0000000008008aa8                _z_f_link_listen_serial
 .text._z_f_link_close_serial
                0x0000000008008b18        0x6 .pio/build/stm32_stm32cube/lib0ab/libzenoh-pico.a(serial.o)
                0x0000000008008b18                _z_f_link_close_serial
 .text._z_f_link_write_serial
                0x0000000008008b1e        0x6 .pio/build/stm32_stm32cube/lib0ab/libzenoh-pico.a(serial.o)
                0x0000000008008b1e                _z_f_link_write_serial
 .text._z_f_link_write_all_serial
                0x0000000008008b24        0x6 .pio/build/stm32_stm32cube/lib0ab/libzenoh-pico.a(serial.o)
                0x0000000008008b24                _z_f_link_write_all_serial
 .text._z_f_link_read_serial
                0x0000000008008b2a        0x6 .pio/build/stm32_stm32cube/lib0ab/libzenoh-pico.a(serial.o)
                0x0000000008008b2a                _z_f_link_read_serial
 .text._z_f_link_read_socket_serial
                0x0000000008008b30        0x4 .pio/build/stm32_stm32cube/lib0ab/libzenoh-pico.a(serial.o)